Copyright 1986-2022 Xilinx, Inc. All Rights Reserved. Copyright 2022-2024 Advanced Micro Devices, Inc. All Rights Reserved.
-----------------------------------------------------------------------------------------------------------------------------------------------------------------------------------------------------
| Tool Version : Vivado v.2024.1 (win64) Build 5076996 Wed May 22 18:37:14 MDT 2024
| Date         : Sun Jul 19 02:05:04 2026
| Host         : DESKTOP-63734QH running 64-bit major release  (build 9200)
| Command      : report_utilization -hierarchical -hierarchical_depth 5 -file F:/repos/pynq_butterfly/reports/pynq_poly_mul256_dma_batch32/pynq_poly_mul256_dma_batch32_hierarchical_utilization.rpt
| Design       : design_1_wrapper
| Device       : xc7z020clg400-1
| Speed File   : -1
| Design State : Routed
-----------------------------------------------------------------------------------------------------------------------------------------------------------------------------------------------------

Utilization Design Information

Table of Contents
-----------------
1. Utilization by Hierarchy

1. Utilization by Hierarchy
---------------------------

+-------------------------------------------------------------------+----------------------------------------------------------------------------+------------+------------+---------+------+-------+--------+--------+------------+
|                              Instance                             |                                   Module                                   | Total LUTs | Logic LUTs | LUTRAMs | SRLs |  FFs  | RAMB36 | RAMB18 | DSP Blocks |
+-------------------------------------------------------------------+----------------------------------------------------------------------------+------------+------------+---------+------+-------+--------+--------+------------+
| design_1_wrapper                                                  |                                                                      (top) |      15852 |      15456 |     194 |  202 | 10027 |      6 |     24 |          0 |
|   design_1_i                                                      |                                                                   design_1 |      15852 |      15456 |     194 |  202 | 10027 |      6 |     24 |          0 |
|     (design_1_i)                                                  |                                                                   design_1 |          0 |          0 |       0 |    0 |     0 |      0 |      0 |          0 |
|     axi_dma_0                                                     |                                                       design_1_axi_dma_0_0 |       1337 |       1235 |       8 |   94 |  1979 |      2 |      0 |          0 |
|       (axi_dma_0)                                                 |                                                       design_1_axi_dma_0_0 |          0 |          0 |       0 |    0 |     0 |      0 |      0 |          0 |
|       U0                                                          |                                               design_1_axi_dma_0_0_axi_dma |       1337 |       1235 |       8 |   94 |  1979 |      2 |      0 |          0 |
|         INCLUDE_MM2S_SOF_EOF_GENERATOR.I_MM2S_DMA_MNGR            |                                     design_1_axi_dma_0_0_axi_dma_mm2s_mngr |         14 |         14 |       0 |    0 |    73 |      0 |      0 |          0 |
|           (INCLUDE_MM2S_SOF_EOF_GENERATOR.I_MM2S_DMA_MNGR)        |                                     design_1_axi_dma_0_0_axi_dma_mm2s_mngr |          0 |          0 |       0 |    0 |     1 |      0 |      0 |          0 |
|           GEN_MM2S_DMA_CONTROL.GEN_SIMPLE_DMA_MODE.I_MM2S_SMPL_SM |                                   design_1_axi_dma_0_0_axi_dma_smple_sm_29 |          8 |          8 |       0 |    0 |    62 |      0 |      0 |          0 |
|           GEN_MM2S_DMA_CONTROL.I_MM2S_CMDSTS                      |                                design_1_axi_dma_0_0_axi_dma_mm2s_cmdsts_if |          5 |          5 |       0 |    0 |     7 |      0 |      0 |          0 |
|           GEN_MM2S_DMA_CONTROL.I_MM2S_STS_MNGR                    |                                 design_1_axi_dma_0_0_axi_dma_mm2s_sts_mngr |          1 |          1 |       0 |    0 |     3 |      0 |      0 |          0 |
|         INCLUDE_S2MM_SOF_EOF_GENERATOR.I_S2MM_DMA_MNGR            |                                     design_1_axi_dma_0_0_axi_dma_s2mm_mngr |         27 |         27 |       0 |    0 |    98 |      0 |      0 |          0 |
|           (INCLUDE_S2MM_SOF_EOF_GENERATOR.I_S2MM_DMA_MNGR)        |                                     design_1_axi_dma_0_0_axi_dma_s2mm_mngr |          0 |          0 |       0 |    0 |     1 |      0 |      0 |          0 |
|           GEN_S2MM_DMA_CONTROL.GEN_SIMPLE_DMA_MODE.I_S2MM_SMPL_SM |                                      design_1_axi_dma_0_0_axi_dma_smple_sm |          8 |          8 |       0 |    0 |    62 |      0 |      0 |          0 |
|           GEN_S2MM_DMA_CONTROL.I_S2MM_CMDSTS                      |                                design_1_axi_dma_0_0_axi_dma_s2mm_cmdsts_if |         18 |         18 |       0 |    0 |    32 |      0 |      0 |          0 |
|           GEN_S2MM_DMA_CONTROL.I_S2MM_STS_MNGR                    |                                 design_1_axi_dma_0_0_axi_dma_s2mm_sts_mngr |          1 |          1 |       0 |    0 |     3 |      0 |      0 |          0 |
|         I_AXI_DMA_REG_MODULE                                      |                                    design_1_axi_dma_0_0_axi_dma_reg_module |        142 |        142 |       0 |    0 |   259 |      0 |      0 |          0 |
|           GEN_AXI_LITE_IF.AXI_LITE_IF_I                           |                                       design_1_axi_dma_0_0_axi_dma_lite_if |        112 |        112 |       0 |    0 |    85 |      0 |      0 |          0 |
|           GEN_MM2S_REGISTERS.I_MM2S_DMA_REGISTER                  |                                      design_1_axi_dma_0_0_axi_dma_register |         16 |         16 |       0 |    0 |    87 |      0 |      0 |          0 |
|           GEN_S2MM_REGISTERS.I_S2MM_DMA_REGISTER                  |                                 design_1_axi_dma_0_0_axi_dma_register_s2mm |         14 |         14 |       0 |    0 |    87 |      0 |      0 |          0 |
|         I_PRMRY_DATAMOVER                                         |                                         design_1_axi_dma_0_0_axi_datamover |       1139 |       1037 |       8 |   94 |  1511 |      2 |      0 |          0 |
|           GEN_MM2S_FULL.I_MM2S_FULL_WRAPPER                       |                          design_1_axi_dma_0_0_axi_datamover_mm2s_full_wrap |        378 |        346 |       0 |   32 |   473 |      1 |      0 |          0 |
|           GEN_S2MM_FULL.I_S2MM_FULL_WRAPPER                       |                          design_1_axi_dma_0_0_axi_datamover_s2mm_full_wrap |        761 |        691 |       8 |   62 |  1038 |      1 |      0 |          0 |
|         I_RST_MODULE                                              |                                    design_1_axi_dma_0_0_axi_dma_rst_module |         16 |         16 |       0 |    0 |    38 |      0 |      0 |          0 |
|           (I_RST_MODULE)                                          |                                    design_1_axi_dma_0_0_axi_dma_rst_module |          1 |          1 |       0 |    0 |     2 |      0 |      0 |          0 |
|           GEN_RESET_FOR_MM2S.RESET_I                              |                                         design_1_axi_dma_0_0_axi_dma_reset |          8 |          8 |       0 |    0 |    15 |      0 |      0 |          0 |
|           GEN_RESET_FOR_S2MM.RESET_I                              |                                       design_1_axi_dma_0_0_axi_dma_reset_1 |          7 |          7 |       0 |    0 |    13 |      0 |      0 |          0 |
|           REG_HRD_RST                                             |                                              design_1_axi_dma_0_0_cdc_sync |          0 |          0 |       0 |    0 |     4 |      0 |      0 |          0 |
|           REG_HRD_RST_OUT                                         |                                            design_1_axi_dma_0_0_cdc_sync_2 |          0 |          0 |       0 |    0 |     4 |      0 |      0 |          0 |
|     axi_dma_mem_interconnect                                      |                                        design_1_axi_dma_mem_interconnect_0 |        951 |        895 |      10 |   46 |  1102 |      0 |      0 |          0 |
|       m00_couplers                                                |                                                   m00_couplers_imp_1AMY6U1 |        333 |        323 |      10 |    0 |   384 |      0 |      0 |          0 |
|         auto_pc                                                   |                                                         design_1_auto_pc_1 |        333 |        323 |      10 |    0 |   384 |      0 |      0 |          0 |
|           (auto_pc)                                               |                                                         design_1_auto_pc_1 |          0 |          0 |       0 |    0 |     0 |      0 |      0 |          0 |
|           inst                                                    |   design_1_auto_pc_1_axi_protocol_converter_v2_1_31_axi_protocol_converter |        333 |        323 |      10 |    0 |   384 |      0 |      0 |          0 |
|       s00_couplers                                                |                                                    s00_couplers_imp_MIRW4B |        158 |        137 |       0 |   21 |   228 |      0 |      0 |          0 |
|         auto_us                                                   |                                                         design_1_auto_us_0 |        158 |        137 |       0 |   21 |   228 |      0 |      0 |          0 |
|           inst                                                    |                        design_1_auto_us_0_axi_dwidth_converter_v2_1_31_top |        158 |        137 |       0 |   21 |   228 |      0 |      0 |          0 |
|       s01_couplers                                                |                                                   s01_couplers_imp_1GUM5KQ |        181 |        159 |       0 |   22 |   166 |      0 |      0 |          0 |
|         auto_us                                                   |                                                         design_1_auto_us_1 |        181 |        159 |       0 |   22 |   166 |      0 |      0 |          0 |
|           inst                                                    |                        design_1_auto_us_1_axi_dwidth_converter_v2_1_31_top |        181 |        159 |       0 |   22 |   166 |      0 |      0 |          0 |
|       xbar                                                        |                                                            design_1_xbar_1 |        280 |        277 |       0 |    3 |   324 |      0 |      0 |          0 |
|         inst                                                      |                          design_1_xbar_1_axi_crossbar_v2_1_32_axi_crossbar |        280 |        277 |       0 |    3 |   324 |      0 |      0 |          0 |
|           gen_samd.crossbar_samd                                  |                              design_1_xbar_1_axi_crossbar_v2_1_32_crossbar |        280 |        277 |       0 |    3 |   324 |      0 |      0 |          0 |
|     modadd_0                                                      |                                                        design_1_modadd_0_0 |        183 |        183 |       0 |    0 |   145 |      0 |      0 |          0 |
|       inst                                                        |                                                 design_1_modadd_0_0_modadd |        183 |        183 |       0 |    0 |   145 |      0 |      0 |          0 |
|         modadd_slave_lite_v1_0_S00_AXI_inst                       |                         design_1_modadd_0_0_modadd_slave_lite_v1_0_S00_AXI |        183 |        183 |       0 |    0 |   145 |      0 |      0 |          0 |
|     modmul_0                                                      |                                                        design_1_modmul_0_0 |        340 |        340 |       0 |    0 |   354 |      0 |      0 |          0 |
|       inst                                                        |                                                 design_1_modmul_0_0_modmul |        340 |        340 |       0 |    0 |   354 |      0 |      0 |          0 |
|         modmul_slave_lite_v1_0_S00_AXI_inst                       |                         design_1_modmul_0_0_modmul_slave_lite_v1_0_S00_AXI |        340 |        340 |       0 |    0 |   354 |      0 |      0 |          0 |
|     poly_mul16_0                                                  |                                                    design_1_poly_mul16_0_0 |       7119 |       6943 |     176 |    0 |  3182 |      0 |      0 |          0 |
|       inst                                                        |                                design_1_poly_mul16_0_0_poly_mul16_axi_lite |       7119 |       6943 |     176 |    0 |  3182 |      0 |      0 |          0 |
|         (inst)                                                    |                                design_1_poly_mul16_0_0_poly_mul16_axi_lite |        634 |        634 |       0 |    0 |  1185 |      0 |      0 |          0 |
|         polynomial_multiplier                                     |                                    design_1_poly_mul16_0_0_poly_mul16_core |       6487 |       6311 |     176 |    0 |  1997 |      0 |      0 |          0 |
|           (polynomial_multiplier)                                 |                                    design_1_poly_mul16_0_0_poly_mul16_core |         84 |         40 |      44 |    0 |    12 |      0 |      0 |          0 |
|           forward_engine                                          |                                 design_1_poly_mul16_0_0_forward_ntt16_core |       3049 |       3027 |      22 |    0 |   920 |      0 |      0 |          0 |
|           inverse_engine                                          |                                 design_1_poly_mul16_0_0_inverse_ntt16_core |       3041 |       2997 |      44 |    0 |   918 |      0 |      0 |          0 |
|           pointwise_engine                                        |                               design_1_poly_mul16_0_0_pointwise_mul16_core |        313 |        247 |      66 |    0 |   147 |      0 |      0 |          0 |
|     poly_mul256_0                                                 |                                                   design_1_poly_mul256_0_0 |       2150 |       2150 |       0 |    0 |  1360 |      2 |     12 |          0 |
|       inst                                                        |                              design_1_poly_mul256_0_0_poly_mul256_axi_lite |       2150 |       2150 |       0 |    0 |  1360 |      2 |     12 |          0 |
|         (inst)                                                    |                              design_1_poly_mul256_0_0_poly_mul256_axi_lite |          8 |          8 |       0 |    0 |   151 |      0 |      0 |          0 |
|         polynomial_multiplier                                     |                                  design_1_poly_mul256_0_0_poly_mul256_core |       2142 |       2142 |       0 |    0 |  1209 |      2 |     12 |          0 |
|           (polynomial_multiplier)                                 |                                  design_1_poly_mul256_0_0_poly_mul256_core |         60 |         60 |       0 |    0 |    98 |      0 |      0 |          0 |
|           forward_engine                                          |                               design_1_poly_mul256_0_0_forward_ntt256_core |        771 |        771 |       0 |    0 |   460 |      1 |      3 |          0 |
|           inverse_engine                                          |                               design_1_poly_mul256_0_0_inverse_ntt256_core |        860 |        860 |       0 |    0 |   501 |      1 |      4 |          0 |
|           pointwise_engine                                        |                             design_1_poly_mul256_0_0_pointwise_mul256_core |        372 |        372 |       0 |    0 |   150 |      0 |      3 |          0 |
|           polynomial_a_memory                                     |                                 design_1_poly_mul256_0_0_ntt256_coeff_bram |         41 |         41 |       0 |    0 |     0 |      0 |      1 |          0 |
|           polynomial_b_memory                                     |                               design_1_poly_mul256_0_0_ntt256_coeff_bram_0 |         73 |         73 |       0 |    0 |     0 |      0 |      1 |          0 |
|     poly_mul256_axis_batch_0                                      |                                        design_1_poly_mul256_axis_batch_0_0 |       3135 |       3135 |       0 |    0 |  1191 |      2 |     12 |          0 |
|       inst                                                        |            design_1_poly_mul256_axis_batch_0_0_poly_mul256_axis_batch_core |       3135 |       3135 |       0 |    0 |  1191 |      2 |     12 |          0 |
|         (inst)                                                    |            design_1_poly_mul256_axis_batch_0_0_poly_mul256_axis_batch_core |         19 |         19 |       0 |    0 |    26 |      0 |      0 |          0 |
|         polynomial_multiplier                                     |                       design_1_poly_mul256_axis_batch_0_0_poly_mul256_core |       3116 |       3116 |       0 |    0 |  1165 |      2 |     12 |          0 |
|           (polynomial_multiplier)                                 |                       design_1_poly_mul256_axis_batch_0_0_poly_mul256_core |         35 |         35 |       0 |    0 |    66 |      0 |      0 |          0 |
|           forward_engine                                          |                    design_1_poly_mul256_axis_batch_0_0_forward_ntt256_core |       1218 |       1218 |       0 |    0 |   455 |      1 |      3 |          0 |
|           inverse_engine                                          |                    design_1_poly_mul256_axis_batch_0_0_inverse_ntt256_core |       1236 |       1236 |       0 |    0 |   496 |      1 |      4 |          0 |
|           pointwise_engine                                        |                  design_1_poly_mul256_axis_batch_0_0_pointwise_mul256_core |        579 |        579 |       0 |    0 |   148 |      0 |      3 |          0 |
|           polynomial_a_memory                                     |                      design_1_poly_mul256_axis_batch_0_0_ntt256_coeff_bram |         26 |         26 |       0 |    0 |     0 |      0 |      1 |          0 |
|           polynomial_b_memory                                     |                    design_1_poly_mul256_axis_batch_0_0_ntt256_coeff_bram_0 |         26 |         26 |       0 |    0 |     0 |      0 |      1 |          0 |
|     processing_system7_0                                          |                                            design_1_processing_system7_0_0 |          0 |          0 |       0 |    0 |     0 |      0 |      0 |          0 |
|       inst                                                        | design_1_processing_system7_0_0_processing_system7_v5_5_processing_system7 |          0 |          0 |       0 |    0 |     0 |      0 |      0 |          0 |
|     ps7_0_axi_periph                                              |                                                design_1_ps7_0_axi_periph_0 |        621 |        560 |       0 |   61 |   681 |      0 |      0 |          0 |
|       s00_couplers                                                |                                                    s00_couplers_imp_UYSKKA |        409 |        348 |       0 |   61 |   550 |      0 |      0 |          0 |
|         auto_pc                                                   |                                                         design_1_auto_pc_0 |        409 |        348 |       0 |   61 |   550 |      0 |      0 |          0 |
|           inst                                                    |   design_1_auto_pc_0_axi_protocol_converter_v2_1_31_axi_protocol_converter |        409 |        348 |       0 |   61 |   550 |      0 |      0 |          0 |
|       xbar                                                        |                                                            design_1_xbar_0 |        212 |        212 |       0 |    0 |   131 |      0 |      0 |          0 |
|         inst                                                      |                          design_1_xbar_0_axi_crossbar_v2_1_32_axi_crossbar |        212 |        212 |       0 |    0 |   131 |      0 |      0 |          0 |
|           gen_sasd.crossbar_sasd_0                                |                         design_1_xbar_0_axi_crossbar_v2_1_32_crossbar_sasd |        212 |        212 |       0 |    0 |   131 |      0 |      0 |          0 |
|     rst_ps7_0_100M                                                |                                                  design_1_rst_ps7_0_100M_0 |         17 |         16 |       0 |    1 |    33 |      0 |      0 |          0 |
|       U0                                                          |                                   design_1_rst_ps7_0_100M_0_proc_sys_reset |         17 |         16 |       0 |    1 |    33 |      0 |      0 |          0 |
|         (U0)                                                      |                                   design_1_rst_ps7_0_100M_0_proc_sys_reset |          0 |          0 |       0 |    0 |     1 |      0 |      0 |          0 |
|         EXT_LPF                                                   |                                              design_1_rst_ps7_0_100M_0_lpf |          5 |          4 |       0 |    1 |    17 |      0 |      0 |          0 |
|           (EXT_LPF)                                               |                                              design_1_rst_ps7_0_100M_0_lpf |          2 |          1 |       0 |    1 |     9 |      0 |      0 |          0 |
|           ACTIVE_LOW_AUX.ACT_LO_AUX                               |                                         design_1_rst_ps7_0_100M_0_cdc_sync |          1 |          1 |       0 |    0 |     4 |      0 |      0 |          0 |
|           ACTIVE_LOW_EXT.ACT_LO_EXT                               |                                       design_1_rst_ps7_0_100M_0_cdc_sync_0 |          2 |          2 |       0 |    0 |     4 |      0 |      0 |          0 |
|         SEQ                                                       |                                     design_1_rst_ps7_0_100M_0_sequence_psr |         12 |         12 |       0 |    0 |    15 |      0 |      0 |          0 |
|           (SEQ)                                                   |                                     design_1_rst_ps7_0_100M_0_sequence_psr |          7 |          7 |       0 |    0 |     9 |      0 |      0 |          0 |
|           SEQ_COUNTER                                             |                                          design_1_rst_ps7_0_100M_0_upcnt_n |          5 |          5 |       0 |    0 |     6 |      0 |      0 |          0 |
+-------------------------------------------------------------------+----------------------------------------------------------------------------+------------+------------+---------+------+-------+--------+--------+------------+
* Note: The sum of lower-level cells may be larger than their parent cells total, due to cross-hierarchy LUT combining


