Copyright 1986-2022 Xilinx, Inc. All Rights Reserved. Copyright 2022-2024 Advanced Micro Devices, Inc. All Rights Reserved.
---------------------------------------------------------------------------------------------------------------------------------------------------------------------------------------------
| Tool Version : Vivado v.2024.1 (win64) Build 5076996 Wed May 22 18:37:14 MDT 2024
| Date         : Sun Jul 19 13:05:14 2026
| Host         : DESKTOP-63734QH running 64-bit major release  (build 9200)
| Command      : report_utilization -hierarchical -hierarchical_depth 9 -file F:/repos/pynq_butterfly/reports/poly_mul4096_two_bank_synth/poly_mul4096_two_bank_hierarchical_utilization.rpt
| Design       : poly_mul4096_two_bank_core
| Device       : xc7z020clg400-1
| Speed File   : -1
| Design State : Synthesized
---------------------------------------------------------------------------------------------------------------------------------------------------------------------------------------------

Utilization Design Information

Table of Contents
-----------------
1. Utilization by Hierarchy

1. Utilization by Hierarchy
---------------------------

+--------------------------------+-------------------------------------+------------+------------+---------+------+------+--------+--------+------------+
|            Instance            |                Module               | Total LUTs | Logic LUTs | LUTRAMs | SRLs |  FFs | RAMB36 | RAMB18 | DSP Blocks |
+--------------------------------+-------------------------------------+------------+------------+---------+------+------+--------+--------+------------+
| poly_mul4096_two_bank_core     |                               (top) |       4081 |       4081 |       0 |    0 | 1880 |     24 |      0 |          0 |
|   (poly_mul4096_two_bank_core) |                               (top) |        167 |        167 |       0 |    0 |  467 |      8 |      0 |          0 |
|   coefficient_bank_a           |                  ntt4096_coeff_bram |         11 |         11 |       0 |    0 |    0 |      4 |      0 |          0 |
|   coefficient_bank_b           |                ntt4096_coeff_bram_0 |        246 |        246 |       0 |    0 |    0 |      4 |      0 |          0 |
|   forward_butterfly_lane_a     |                  butterfly_dif_core |        697 |        697 |       0 |    0 |  248 |      0 |      0 |          0 |
|     (forward_butterfly_lane_a) |                  butterfly_dif_core |        130 |        130 |       0 |    0 |   98 |      0 |      0 |          0 |
|     multiplier                 |                       modmul_core_6 |        567 |        567 |       0 |    0 |  150 |      0 |      0 |          0 |
|   forward_butterfly_lane_b     |                butterfly_dif_core_1 |        521 |        521 |       0 |    0 |  248 |      0 |      0 |          0 |
|     (forward_butterfly_lane_b) |                butterfly_dif_core_1 |         65 |         65 |       0 |    0 |   98 |      0 |      0 |          0 |
|     multiplier                 |                       modmul_core_5 |        456 |        456 |       0 |    0 |  150 |      0 |      0 |          0 |
|   forward_schedule             |           ntt4096_dif_schedule_core |        166 |        166 |       0 |    0 |  103 |      0 |      0 |          0 |
|   forward_twiddle_rom          |                 ntt4096_twiddle_rom |          0 |          0 |       0 |    0 |    0 |      4 |      0 |          0 |
|   inverse_butterfly            |                      butterfly_core |        760 |        760 |       0 |    0 |  264 |      0 |      0 |          0 |
|     (inverse_butterfly)        |                      butterfly_core |         75 |         75 |       0 |    0 |  114 |      0 |      0 |          0 |
|     multiplier                 |                       modmul_core_4 |        685 |        685 |       0 |    0 |  150 |      0 |      0 |          0 |
|   inverse_schedule             |               ntt4096_schedule_core |        117 |        117 |       0 |    0 |  100 |      0 |      0 |          0 |
|   inverse_twiddle_rom          | ntt4096_twiddle_rom__parameterized0 |          0 |          0 |       0 |    0 |    0 |      4 |      0 |          0 |
|   preprocessing_lane_a         |                         modmul_core |        454 |        454 |       0 |    0 |  150 |      0 |      0 |          0 |
|   preprocessing_lane_b         |                       modmul_core_2 |        456 |        456 |       0 |    0 |  150 |      0 |      0 |          0 |
|   scalar_multiplier            |                       modmul_core_3 |        486 |        486 |       0 |    0 |  150 |      0 |      0 |          0 |
+--------------------------------+-------------------------------------+------------+------------+---------+------+------+--------+--------+------------+


