Copyright 1986-2022 Xilinx, Inc. All Rights Reserved. Copyright 2022-2024 Advanced Micro Devices, Inc. All Rights Reserved.
--------------------------------------------------------------------------------------------------------------------------------------------------------------------------------------------------
| Tool Version : Vivado v.2024.1 (win64) Build 5076996 Wed May 22 18:37:14 MDT 2024
| Date         : Sun Jul 19 19:46:49 2026
| Host         : DESKTOP-63734QH running 64-bit major release  (build 9200)
| Command      : report_timing_summary -delay_type max -max_paths 20 -file F:/repos/pynq_butterfly/reports/ntt4096_four_bank_coeff_store_bram_synth/ntt4096_four_bank_coeff_store_bram_timing.rpt
| Design       : ntt4096_four_bank_coeff_store
| Device       : 7z020-clg400
| Speed File   : -1  PRODUCTION 1.12 2019-11-22
| Design State : Synthesized
--------------------------------------------------------------------------------------------------------------------------------------------------------------------------------------------------

Timing Summary Report

------------------------------------------------------------------------------------------------
| Timer Settings
| --------------
------------------------------------------------------------------------------------------------

  Enable Multi Corner Analysis               :  Yes
  Enable Pessimism Removal                   :  Yes
  Pessimism Removal Resolution               :  Nearest Common Node
  Enable Input Delay Default Clock           :  No
  Enable Preset / Clear Arcs                 :  No
  Disable Flight Delays                      :  No
  Ignore I/O Paths                           :  No
  Timing Early Launch at Borrowing Latches   :  No
  Borrow Time for Max Delay Exceptions       :  Yes
  Merge Timing Exceptions                    :  Yes
  Inter-SLR Compensation                     :  Conservative

  Corner  Analyze    Analyze    
  Name    Max Paths  Min Paths  
  ------  ---------  ---------  
  Slow    Yes        Yes        
  Fast    Yes        Yes        


------------------------------------------------------------------------------------------------
| Report Methodology
| ------------------
------------------------------------------------------------------------------------------------

No report available as report_methodology has not been run prior. Run report_methodology on the current design for the summary of methodology violations.



check_timing report

Table of Contents
-----------------
1. checking no_clock (0)
2. checking constant_clock (0)
3. checking pulse_width_clock (0)
4. checking unconstrained_internal_endpoints (0)
5. checking no_input_delay (272)
6. checking no_output_delay (129)
7. checking multiple_clock (0)
8. checking generated_clocks (0)
9. checking loops (0)
10. checking partial_input_delay (0)
11. checking partial_output_delay (0)
12. checking latch_loops (0)

1. checking no_clock (0)
------------------------
 There are 0 register/latch pins with no clock.


2. checking constant_clock (0)
------------------------------
 There are 0 register/latch pins with constant_clock.


3. checking pulse_width_clock (0)
---------------------------------
 There are 0 register/latch pins which need pulse_width check


4. checking unconstrained_internal_endpoints (0)
------------------------------------------------
 There are 0 pins that are not constrained for maximum delay.

 There are 0 pins that are not constrained for maximum delay due to constant clock.


5. checking no_input_delay (272)
--------------------------------
 There are 272 input ports with no input delay specified. (HIGH)

 There are 0 input ports with no input delay but user has a false path constraint.


6. checking no_output_delay (129)
---------------------------------
 There are 129 ports with no output delay specified. (HIGH)

 There are 0 ports with no output delay but user has a false path constraint

 There are 0 ports with no output delay but with a timing clock defined on it or propagating through it


7. checking multiple_clock (0)
------------------------------
 There are 0 register/latch pins with multiple clocks.


8. checking generated_clocks (0)
--------------------------------
 There are 0 generated clocks that are not connected to a clock source.


9. checking loops (0)
---------------------
 There are 0 combinational loops in the design.


10. checking partial_input_delay (0)
------------------------------------
 There are 0 input ports with partial input delay specified.


11. checking partial_output_delay (0)
-------------------------------------
 There are 0 ports with partial output delay specified.


12. checking latch_loops (0)
----------------------------
 There are 0 combinational latch loops in the design through latch input



------------------------------------------------------------------------------------------------
| Design Timing Summary
| ---------------------
------------------------------------------------------------------------------------------------

    WNS(ns)      TNS(ns)  TNS Failing Endpoints  TNS Total Endpoints     WPWS(ns)     TPWS(ns)  TPWS Failing Endpoints  TPWS Total Endpoints  
    -------      -------  ---------------------  -------------------     --------     --------  ----------------------  --------------------  
         NA           NA                     NA                   NA        4.500        0.000                       0                    18  


All user specified timing constraints are met.


------------------------------------------------------------------------------------------------
| Clock Summary
| -------------
------------------------------------------------------------------------------------------------

Clock  Waveform(ns)       Period(ns)      Frequency(MHz)
-----  ------------       ----------      --------------
clk    {0.000 5.000}      10.000          100.000         


------------------------------------------------------------------------------------------------
| Intra Clock Table
| -----------------
------------------------------------------------------------------------------------------------

Clock             WNS(ns)      TNS(ns)  TNS Failing Endpoints  TNS Total Endpoints     WPWS(ns)     TPWS(ns)  TPWS Failing Endpoints  TPWS Total Endpoints  
-----             -------      -------  ---------------------  -------------------     --------     --------  ----------------------  --------------------  
clk                                                                                       4.500        0.000                       0                    18  


------------------------------------------------------------------------------------------------
| Inter Clock Table
| -----------------
------------------------------------------------------------------------------------------------

From Clock    To Clock          WNS(ns)      TNS(ns)  TNS Failing Endpoints  TNS Total Endpoints  
----------    --------          -------      -------  ---------------------  -------------------  


------------------------------------------------------------------------------------------------
| Other Path Groups Table
| -----------------------
------------------------------------------------------------------------------------------------

Path Group    From Clock    To Clock          WNS(ns)      TNS(ns)  TNS Failing Endpoints  TNS Total Endpoints  
----------    ----------    --------          -------      -------  ---------------------  -------------------  


------------------------------------------------------------------------------------------------
| Timing Details
| --------------
------------------------------------------------------------------------------------------------


---------------------------------------------------------------------------------------------------
From Clock:  clk
  To Clock:  clk

Setup :           NA  Failing Endpoints,  Worst Slack           NA  ,  Total Violation           NA
Hold  :           NA  Failing Endpoints,  Worst Slack           NA  ,  Total Violation           NA
PW    :            0  Failing Endpoints,  Worst Slack        4.500ns,  Total Violation        0.000ns
---------------------------------------------------------------------------------------------------


Pulse Width Checks
--------------------------------------------------------------------------------------
Clock Name:         clk
Waveform(ns):       { 0.000 5.000 }
Period(ns):         10.000
Sources:            { clk }

Check Type        Corner  Lib Pin             Reference Pin  Required(ns)  Actual(ns)  Slack(ns)  Location  Pin
Min Period        n/a     RAMB36E1/CLKARDCLK  n/a            2.944         10.000      7.056                bank0/memory_reg/CLKARDCLK
Min Period        n/a     RAMB36E1/CLKARDCLK  n/a            2.944         10.000      7.056                bank1/memory_reg/CLKARDCLK
Min Period        n/a     RAMB36E1/CLKARDCLK  n/a            2.944         10.000      7.056                bank2/memory_reg/CLKARDCLK
Min Period        n/a     RAMB36E1/CLKARDCLK  n/a            2.944         10.000      7.056                bank3/memory_reg/CLKARDCLK
Min Period        n/a     RAMB36E1/CLKBWRCLK  n/a            2.576         10.000      7.424                bank0/memory_reg/CLKBWRCLK
Min Period        n/a     RAMB36E1/CLKBWRCLK  n/a            2.576         10.000      7.424                bank1/memory_reg/CLKBWRCLK
Min Period        n/a     RAMB36E1/CLKBWRCLK  n/a            2.576         10.000      7.424                bank2/memory_reg/CLKBWRCLK
Min Period        n/a     RAMB36E1/CLKBWRCLK  n/a            2.576         10.000      7.424                bank3/memory_reg/CLKBWRCLK
Min Period        n/a     BUFG/I              n/a            2.155         10.000      7.845                clk_IBUF_BUFG_inst/I
Min Period        n/a     FDRE/C              n/a            1.000         10.000      9.000                bank_read_owner0_q_reg[0]/C
Min Period        n/a     FDRE/C              n/a            1.000         10.000      9.000                bank_read_owner0_q_reg[1]/C
Min Period        n/a     FDRE/C              n/a            1.000         10.000      9.000                bank_read_owner1_q_reg[0]/C
Min Period        n/a     FDRE/C              n/a            1.000         10.000      9.000                bank_read_owner1_q_reg[1]/C
Min Period        n/a     FDRE/C              n/a            1.000         10.000      9.000                bank_read_owner2_q_reg[0]/C
Min Period        n/a     FDRE/C              n/a            1.000         10.000      9.000                bank_read_owner2_q_reg[1]/C
Min Period        n/a     FDRE/C              n/a            1.000         10.000      9.000                bank_read_owner3_q_reg[0]/C
Min Period        n/a     FDRE/C              n/a            1.000         10.000      9.000                bank_read_owner3_q_reg[1]/C
Min Period        n/a     FDRE/C              n/a            1.000         10.000      9.000                read_data_valid_reg/C
Low Pulse Width   Slow    FDRE/C              n/a            0.500         5.000       4.500                bank_read_owner0_q_reg[0]/C
Low Pulse Width   Fast    FDRE/C              n/a            0.500         5.000       4.500                bank_read_owner0_q_reg[0]/C
Low Pulse Width   Slow    FDRE/C              n/a            0.500         5.000       4.500                bank_read_owner0_q_reg[1]/C
Low Pulse Width   Fast    FDRE/C              n/a            0.500         5.000       4.500                bank_read_owner0_q_reg[1]/C
Low Pulse Width   Slow    FDRE/C              n/a            0.500         5.000       4.500                bank_read_owner1_q_reg[0]/C
Low Pulse Width   Fast    FDRE/C              n/a            0.500         5.000       4.500                bank_read_owner1_q_reg[0]/C
Low Pulse Width   Slow    FDRE/C              n/a            0.500         5.000       4.500                bank_read_owner1_q_reg[1]/C
Low Pulse Width   Fast    FDRE/C              n/a            0.500         5.000       4.500                bank_read_owner1_q_reg[1]/C
Low Pulse Width   Slow    FDRE/C              n/a            0.500         5.000       4.500                bank_read_owner2_q_reg[0]/C
Low Pulse Width   Fast    FDRE/C              n/a            0.500         5.000       4.500                bank_read_owner2_q_reg[0]/C
Low Pulse Width   Slow    FDRE/C              n/a            0.500         5.000       4.500                bank_read_owner2_q_reg[1]/C
Low Pulse Width   Fast    FDRE/C              n/a            0.500         5.000       4.500                bank_read_owner2_q_reg[1]/C
Low Pulse Width   Slow    FDRE/C              n/a            0.500         5.000       4.500                bank_read_owner3_q_reg[0]/C
Low Pulse Width   Fast    FDRE/C              n/a            0.500         5.000       4.500                bank_read_owner3_q_reg[0]/C
Low Pulse Width   Slow    FDRE/C              n/a            0.500         5.000       4.500                bank_read_owner3_q_reg[1]/C
Low Pulse Width   Fast    FDRE/C              n/a            0.500         5.000       4.500                bank_read_owner3_q_reg[1]/C
Low Pulse Width   Slow    FDRE/C              n/a            0.500         5.000       4.500                read_data_valid_reg/C
Low Pulse Width   Fast    FDRE/C              n/a            0.500         5.000       4.500                read_data_valid_reg/C
High Pulse Width  Slow    FDRE/C              n/a            0.500         5.000       4.500                bank_read_owner0_q_reg[0]/C
High Pulse Width  Fast    FDRE/C              n/a            0.500         5.000       4.500                bank_read_owner0_q_reg[0]/C
High Pulse Width  Slow    FDRE/C              n/a            0.500         5.000       4.500                bank_read_owner0_q_reg[1]/C
High Pulse Width  Fast    FDRE/C              n/a            0.500         5.000       4.500                bank_read_owner0_q_reg[1]/C
High Pulse Width  Slow    FDRE/C              n/a            0.500         5.000       4.500                bank_read_owner1_q_reg[0]/C
High Pulse Width  Fast    FDRE/C              n/a            0.500         5.000       4.500                bank_read_owner1_q_reg[0]/C
High Pulse Width  Slow    FDRE/C              n/a            0.500         5.000       4.500                bank_read_owner1_q_reg[1]/C
High Pulse Width  Fast    FDRE/C              n/a            0.500         5.000       4.500                bank_read_owner1_q_reg[1]/C
High Pulse Width  Slow    FDRE/C              n/a            0.500         5.000       4.500                bank_read_owner2_q_reg[0]/C
High Pulse Width  Fast    FDRE/C              n/a            0.500         5.000       4.500                bank_read_owner2_q_reg[0]/C
High Pulse Width  Slow    FDRE/C              n/a            0.500         5.000       4.500                bank_read_owner2_q_reg[1]/C
High Pulse Width  Fast    FDRE/C              n/a            0.500         5.000       4.500                bank_read_owner2_q_reg[1]/C
High Pulse Width  Slow    FDRE/C              n/a            0.500         5.000       4.500                bank_read_owner3_q_reg[0]/C
High Pulse Width  Fast    FDRE/C              n/a            0.500         5.000       4.500                bank_read_owner3_q_reg[0]/C
High Pulse Width  Slow    FDRE/C              n/a            0.500         5.000       4.500                bank_read_owner3_q_reg[1]/C
High Pulse Width  Fast    FDRE/C              n/a            0.500         5.000       4.500                bank_read_owner3_q_reg[1]/C
High Pulse Width  Slow    FDRE/C              n/a            0.500         5.000       4.500                read_data_valid_reg/C
High Pulse Width  Fast    FDRE/C              n/a            0.500         5.000       4.500                read_data_valid_reg/C



