Copyright 1986-2022 Xilinx, Inc. All Rights Reserved. Copyright 2022-2024 Advanced Micro Devices, Inc. All Rights Reserved.
---------------------------------------------------------------------------------------------------------------------------------------------
| Tool Version : Vivado v.2024.1 (win64) Build 5076996 Wed May 22 18:37:14 MDT 2024
| Date         : Sun Jul 19 02:00:47 2026
| Host         : DESKTOP-63734QH running 64-bit major release  (build 9200)
| Command      : report_timing_summary -file F:/repos/pynq_butterfly/reports/poly_mul256_axis_batch/poly_mul256_axis_batch_timing.rpt
| Design       : poly_mul256_axis_batch_core
| Device       : 7z020-clg400
| Speed File   : -1  PRODUCTION 1.12 2019-11-22
| Design State : Synthesized
---------------------------------------------------------------------------------------------------------------------------------------------

Timing Summary Report

------------------------------------------------------------------------------------------------
| Timer Settings
| --------------
------------------------------------------------------------------------------------------------

  Enable Multi Corner Analysis               :  Yes
  Enable Pessimism Removal                   :  Yes
  Pessimism Removal Resolution               :  Nearest Common Node
  Enable Input Delay Default Clock           :  No
  Enable Preset / Clear Arcs                 :  No
  Disable Flight Delays                      :  No
  Ignore I/O Paths                           :  No
  Timing Early Launch at Borrowing Latches   :  No
  Borrow Time for Max Delay Exceptions       :  Yes
  Merge Timing Exceptions                    :  Yes
  Inter-SLR Compensation                     :  Conservative

  Corner  Analyze    Analyze    
  Name    Max Paths  Min Paths  
  ------  ---------  ---------  
  Slow    Yes        Yes        
  Fast    Yes        Yes        


------------------------------------------------------------------------------------------------
| Report Methodology
| ------------------
------------------------------------------------------------------------------------------------

No report available as report_methodology has not been run prior. Run report_methodology on the current design for the summary of methodology violations.



check_timing report

Table of Contents
-----------------
1. checking no_clock (0)
2. checking constant_clock (0)
3. checking pulse_width_clock (0)
4. checking unconstrained_internal_endpoints (0)
5. checking no_input_delay (40)
6. checking no_output_delay (107)
7. checking multiple_clock (0)
8. checking generated_clocks (0)
9. checking loops (0)
10. checking partial_input_delay (0)
11. checking partial_output_delay (0)
12. checking latch_loops (0)

1. checking no_clock (0)
------------------------
 There are 0 register/latch pins with no clock.


2. checking constant_clock (0)
------------------------------
 There are 0 register/latch pins with constant_clock.


3. checking pulse_width_clock (0)
---------------------------------
 There are 0 register/latch pins which need pulse_width check


4. checking unconstrained_internal_endpoints (0)
------------------------------------------------
 There are 0 pins that are not constrained for maximum delay.

 There are 0 pins that are not constrained for maximum delay due to constant clock.


5. checking no_input_delay (40)
-------------------------------
 There are 40 input ports with no input delay specified. (HIGH)

 There are 0 input ports with no input delay but user has a false path constraint.


6. checking no_output_delay (107)
---------------------------------
 There are 107 ports with no output delay specified. (HIGH)

 There are 0 ports with no output delay but user has a false path constraint

 There are 0 ports with no output delay but with a timing clock defined on it or propagating through it


7. checking multiple_clock (0)
------------------------------
 There are 0 register/latch pins with multiple clocks.


8. checking generated_clocks (0)
--------------------------------
 There are 0 generated clocks that are not connected to a clock source.


9. checking loops (0)
---------------------
 There are 0 combinational loops in the design.


10. checking partial_input_delay (0)
------------------------------------
 There are 0 input ports with partial input delay specified.


11. checking partial_output_delay (0)
-------------------------------------
 There are 0 ports with partial output delay specified.


12. checking latch_loops (0)
----------------------------
 There are 0 combinational latch loops in the design through latch input



------------------------------------------------------------------------------------------------
| Design Timing Summary
| ---------------------
------------------------------------------------------------------------------------------------

    WNS(ns)      TNS(ns)  TNS Failing Endpoints  TNS Total Endpoints      WHS(ns)      THS(ns)  THS Failing Endpoints  THS Total Endpoints     WPWS(ns)     TPWS(ns)  TPWS Failing Endpoints  TPWS Total Endpoints  
    -------      -------  ---------------------  -------------------      -------      -------  ---------------------  -------------------     --------     --------  ----------------------  --------------------  
      1.537        0.000                      0                 3643        0.132        0.000                      0                 3643        4.500        0.000                       0                  1291  


All user specified timing constraints are met.


------------------------------------------------------------------------------------------------
| Clock Summary
| -------------
------------------------------------------------------------------------------------------------

Clock  Waveform(ns)       Period(ns)      Frequency(MHz)
-----  ------------       ----------      --------------
aclk   {0.000 5.000}      10.000          100.000         


------------------------------------------------------------------------------------------------
| Intra Clock Table
| -----------------
------------------------------------------------------------------------------------------------

Clock             WNS(ns)      TNS(ns)  TNS Failing Endpoints  TNS Total Endpoints      WHS(ns)      THS(ns)  THS Failing Endpoints  THS Total Endpoints     WPWS(ns)     TPWS(ns)  TPWS Failing Endpoints  TPWS Total Endpoints  
-----             -------      -------  ---------------------  -------------------      -------      -------  ---------------------  -------------------     --------     --------  ----------------------  --------------------  
aclk                1.537        0.000                      0                 3643        0.132        0.000                      0                 3643        4.500        0.000                       0                  1291  


------------------------------------------------------------------------------------------------
| Inter Clock Table
| -----------------
------------------------------------------------------------------------------------------------

From Clock    To Clock          WNS(ns)      TNS(ns)  TNS Failing Endpoints  TNS Total Endpoints      WHS(ns)      THS(ns)  THS Failing Endpoints  THS Total Endpoints  
----------    --------          -------      -------  ---------------------  -------------------      -------      -------  ---------------------  -------------------  


------------------------------------------------------------------------------------------------
| Other Path Groups Table
| -----------------------
------------------------------------------------------------------------------------------------

Path Group    From Clock    To Clock          WNS(ns)      TNS(ns)  TNS Failing Endpoints  TNS Total Endpoints      WHS(ns)      THS(ns)  THS Failing Endpoints  THS Total Endpoints  
----------    ----------    --------          -------      -------  ---------------------  -------------------      -------      -------  ---------------------  -------------------  


------------------------------------------------------------------------------------------------
| Timing Details
| --------------
------------------------------------------------------------------------------------------------


---------------------------------------------------------------------------------------------------
From Clock:  aclk
  To Clock:  aclk

Setup :            0  Failing Endpoints,  Worst Slack        1.537ns,  Total Violation        0.000ns
Hold  :            0  Failing Endpoints,  Worst Slack        0.132ns,  Total Violation        0.000ns
PW    :            0  Failing Endpoints,  Worst Slack        4.500ns,  Total Violation        0.000ns
---------------------------------------------------------------------------------------------------


Max Delay Paths
--------------------------------------------------------------------------------------
Slack (MET) :             1.537ns  (required time - arrival time)
  Source:                 polynomial_multiplier/forward_engine/preprocess_multiplier/modulus_reg[29]/C
                            (rising edge-triggered cell FDRE clocked by aclk  {rise@0.000ns fall@5.000ns period=10.000ns})
  Destination:            polynomial_multiplier/forward_engine/preprocess_multiplier/acc_reg[12]/D
                            (rising edge-triggered cell FDRE clocked by aclk  {rise@0.000ns fall@5.000ns period=10.000ns})
  Path Group:             aclk
  Path Type:              Setup (Max at Slow Process Corner)
  Requirement:            10.000ns  (aclk rise@10.000ns - aclk rise@0.000ns)
  Data Path Delay:        8.327ns  (logic 5.094ns (61.174%)  route 3.233ns (38.826%))
  Logic Levels:           9  (CARRY4=6 LUT1=1 LUT2=1 LUT3=1)
  Clock Path Skew:        -0.145ns (DCD - SCD + CPR)
    Destination Clock Delay (DCD):    2.128ns = ( 12.128 - 10.000 ) 
    Source Clock Delay      (SCD):    2.456ns
    Clock Pessimism Removal (CPR):    0.184ns
  Clock Uncertainty:      0.035ns  ((TSJ^2 + TIJ^2)^1/2 + DJ) / 2 + PE
    Total System Jitter     (TSJ):    0.071ns
    Total Input Jitter      (TIJ):    0.000ns
    Discrete Jitter          (DJ):    0.000ns
    Phase Error              (PE):    0.000ns

    Location             Delay type                Incr(ns)  Path(ns)    Netlist Resource(s)
  -------------------------------------------------------------------    -------------------
                         (clock aclk rise edge)       0.000     0.000 r  
                                                      0.000     0.000 r  aclk (IN)
                         net (fo=0)                   0.000     0.000    aclk
                         IBUF (Prop_ibuf_I_O)         0.972     0.972 r  aclk_IBUF_inst/O
                         net (fo=1, unplaced)         0.800     1.771    aclk_IBUF
                         BUFG (Prop_bufg_I_O)         0.101     1.872 r  aclk_IBUF_BUFG_inst/O
                         net (fo=1290, unplaced)      0.584     2.456    polynomial_multiplier/forward_engine/preprocess_multiplier/CLK
                         FDRE                                         r  polynomial_multiplier/forward_engine/preprocess_multiplier/modulus_reg[29]/C
  -------------------------------------------------------------------    -------------------
                         FDRE (Prop_fdre_C_Q)         0.478     2.934 f  polynomial_multiplier/forward_engine/preprocess_multiplier/modulus_reg[29]/Q
                         net (fo=116, unplaced)       0.414     3.348    polynomial_multiplier/forward_engine/preprocess_multiplier/p_0_in[30]
                         LUT1 (Prop_lut1_I0_O)        0.295     3.643 r  polynomial_multiplier/forward_engine/preprocess_multiplier/x[4]_i_5/O
                         net (fo=3, unplaced)         0.351     3.994    polynomial_multiplier/forward_engine/preprocess_multiplier/x[4]_i_5_n_0
                         CARRY4 (Prop_carry4_CYINIT_CO[2])
                                                      0.632     4.626 r  polynomial_multiplier/forward_engine/preprocess_multiplier/x_reg[16]_i_15/CO[2]
                         net (fo=23, unplaced)        0.399     5.025    polynomial_multiplier/forward_engine/preprocess_multiplier/x_reg[16]_i_15_n_1
                         CARRY4 (Prop_carry4_CYINIT_CO[2])
                                                      0.818     5.843 r  polynomial_multiplier/forward_engine/preprocess_multiplier/x_reg[16]_i_14/CO[2]
                         net (fo=5, unplaced)         0.364     6.207    polynomial_multiplier/forward_engine/preprocess_multiplier/x_reg[16]_i_14_n_1
                         CARRY4 (Prop_carry4_CYINIT_CO[2])
                                                      0.818     7.025 r  polynomial_multiplier/forward_engine/preprocess_multiplier/x_reg[31]_i_21/CO[2]
                         net (fo=25, unplaced)        0.401     7.426    polynomial_multiplier/forward_engine/preprocess_multiplier/x_reg[31]_i_21_n_1
                         CARRY4 (Prop_carry4_CYINIT_O[1])
                                                      0.830     8.256 r  polynomial_multiplier/forward_engine/preprocess_multiplier/x_reg[31]_i_20/O[1]
                         net (fo=2, unplaced)         0.622     8.878    polynomial_multiplier/forward_engine/preprocess_multiplier/x_reg[31]_i_20_n_6
                         LUT2 (Prop_lut2_I1_O)        0.306     9.184 r  polynomial_multiplier/forward_engine/preprocess_multiplier/acc[31]_i_8/O
                         net (fo=1, unplaced)         0.000     9.184    polynomial_multiplier/forward_engine/preprocess_multiplier/acc[31]_i_8_n_0
                         CARRY4 (Prop_carry4_S[2]_CO[3])
                                                      0.380     9.564 r  polynomial_multiplier/forward_engine/preprocess_multiplier/acc_reg[31]_i_3/CO[3]
                         net (fo=1, unplaced)         0.000     9.564    polynomial_multiplier/forward_engine/preprocess_multiplier/acc_reg[31]_i_3_n_0
                         CARRY4 (Prop_carry4_CI_CO[1])
                                                      0.179     9.743 r  polynomial_multiplier/forward_engine/preprocess_multiplier/acc_reg[31]_i_4/CO[1]
                         net (fo=32, unplaced)        0.682    10.425    polynomial_multiplier/forward_engine/preprocess_multiplier/acc_reg[31]_i_4_n_2
                         LUT3 (Prop_lut3_I1_O)        0.358    10.783 r  polynomial_multiplier/forward_engine/preprocess_multiplier/acc[12]_i_1/O
                         net (fo=2, unplaced)         0.000    10.783    polynomial_multiplier/forward_engine/preprocess_multiplier/next_acc[12]
                         FDRE                                         r  polynomial_multiplier/forward_engine/preprocess_multiplier/acc_reg[12]/D
  -------------------------------------------------------------------    -------------------

                         (clock aclk rise edge)      10.000    10.000 r  
                                                      0.000    10.000 r  aclk (IN)
                         net (fo=0)                   0.000    10.000    aclk
                         IBUF (Prop_ibuf_I_O)         0.838    10.838 r  aclk_IBUF_inst/O
                         net (fo=1, unplaced)         0.760    11.598    aclk_IBUF
                         BUFG (Prop_bufg_I_O)         0.091    11.689 r  aclk_IBUF_BUFG_inst/O
                         net (fo=1290, unplaced)      0.439    12.128    polynomial_multiplier/forward_engine/preprocess_multiplier/CLK
                         FDRE                                         r  polynomial_multiplier/forward_engine/preprocess_multiplier/acc_reg[12]/C
                         clock pessimism              0.184    12.311    
                         clock uncertainty           -0.035    12.276    
                         FDRE (Setup_fdre_C_D)        0.044    12.320    polynomial_multiplier/forward_engine/preprocess_multiplier/acc_reg[12]
  -------------------------------------------------------------------
                         required time                         12.320    
                         arrival time                         -10.783    
  -------------------------------------------------------------------
                         slack                                  1.537    





Min Delay Paths
--------------------------------------------------------------------------------------
Slack (MET) :             0.132ns  (arrival time - required time)
  Source:                 polynomial_multiplier/forward_engine/preprocess_multiplier/y_reg[2]/C
                            (rising edge-triggered cell FDRE clocked by aclk  {rise@0.000ns fall@5.000ns period=10.000ns})
  Destination:            polynomial_multiplier/forward_engine/preprocess_multiplier/y_reg[0]/D
                            (rising edge-triggered cell FDRE clocked by aclk  {rise@0.000ns fall@5.000ns period=10.000ns})
  Path Group:             aclk
  Path Type:              Hold (Min at Fast Process Corner)
  Requirement:            0.000ns  (aclk rise@0.000ns - aclk rise@0.000ns)
  Data Path Delay:        0.376ns  (logic 0.245ns (65.144%)  route 0.131ns (34.857%))
  Logic Levels:           1  (LUT6=1)
  Clock Path Skew:        0.145ns (DCD - SCD - CPR)
    Destination Clock Delay (DCD):    1.032ns
    Source Clock Delay      (SCD):    0.678ns
    Clock Pessimism Removal (CPR):    0.210ns

    Location             Delay type                Incr(ns)  Path(ns)    Netlist Resource(s)
  -------------------------------------------------------------------    -------------------
                         (clock aclk rise edge)       0.000     0.000 r  
                                                      0.000     0.000 r  aclk (IN)
                         net (fo=0)                   0.000     0.000    aclk
                         IBUF (Prop_ibuf_I_O)         0.200     0.200 r  aclk_IBUF_inst/O
                         net (fo=1, unplaced)         0.337     0.538    aclk_IBUF
                         BUFG (Prop_bufg_I_O)         0.026     0.564 r  aclk_IBUF_BUFG_inst/O
                         net (fo=1290, unplaced)      0.114     0.678    polynomial_multiplier/forward_engine/preprocess_multiplier/CLK
                         FDRE                                         r  polynomial_multiplier/forward_engine/preprocess_multiplier/y_reg[2]/C
  -------------------------------------------------------------------    -------------------
                         FDRE (Prop_fdre_C_Q)         0.147     0.825 r  polynomial_multiplier/forward_engine/preprocess_multiplier/y_reg[2]/Q
                         net (fo=1, unplaced)         0.131     0.956    polynomial_multiplier/forward_engine/preprocess_multiplier/y_reg_n_0_[2]
                         LUT6 (Prop_lut6_I5_O)        0.098     1.054 r  polynomial_multiplier/forward_engine/preprocess_multiplier/y[0]_i_1/O
                         net (fo=1, unplaced)         0.000     1.054    polynomial_multiplier/forward_engine/preprocess_multiplier/p_1_in[0]
                         FDRE                                         r  polynomial_multiplier/forward_engine/preprocess_multiplier/y_reg[0]/D
  -------------------------------------------------------------------    -------------------

                         (clock aclk rise edge)       0.000     0.000 r  
                                                      0.000     0.000 r  aclk (IN)
                         net (fo=0)                   0.000     0.000    aclk
                         IBUF (Prop_ibuf_I_O)         0.389     0.389 r  aclk_IBUF_inst/O
                         net (fo=1, unplaced)         0.355     0.744    aclk_IBUF
                         BUFG (Prop_bufg_I_O)         0.029     0.773 r  aclk_IBUF_BUFG_inst/O
                         net (fo=1290, unplaced)      0.259     1.032    polynomial_multiplier/forward_engine/preprocess_multiplier/CLK
                         FDRE                                         r  polynomial_multiplier/forward_engine/preprocess_multiplier/y_reg[0]/C
                         clock pessimism             -0.210     0.823    
                         FDRE (Hold_fdre_C_D)         0.099     0.922    polynomial_multiplier/forward_engine/preprocess_multiplier/y_reg[0]
  -------------------------------------------------------------------
                         required time                         -0.922    
                         arrival time                           1.054    
  -------------------------------------------------------------------
                         slack                                  0.132    





Pulse Width Checks
--------------------------------------------------------------------------------------
Clock Name:         aclk
Waveform(ns):       { 0.000 5.000 }
Period(ns):         10.000
Sources:            { aclk }

Check Type        Corner  Lib Pin             Reference Pin  Required(ns)  Actual(ns)  Slack(ns)  Location  Pin
Min Period        n/a     RAMB36E1/CLKARDCLK  n/a            2.944         10.000      7.056                polynomial_multiplier/forward_engine/cyclic_ntt/coefficient_memory/memory_reg/CLKARDCLK
Low Pulse Width   Slow    FDRE/C              n/a            0.500         5.000       4.500                FSM_sequential_state_reg[0]/C
High Pulse Width  Slow    FDRE/C              n/a            0.500         5.000       4.500                FSM_sequential_state_reg[0]/C



