#-----------------------------------------------------------
# Vivado v2024.1 (64-bit)
# SW Build 5076996 on Wed May 22 18:37:14 MDT 2024
# IP Build 5075265 on Wed May 22 21:45:21 MDT 2024
# SharedData Build 5076995 on Wed May 22 18:29:18 MDT 2024
# Start of session at: Sun Jul 19 01:51:42 2026
# Process ID: 27528
# Current directory: F:/repos/pynq_butterfly/vivado/modmul_radix4_flat_compare/radix4/radix4.runs/synth_1
# Command line: vivado.exe -log modmul_core_radix4_flat.vds -product Vivado -mode batch -messageDb vivado.pb -notrace -source modmul_core_radix4_flat.tcl
# Log file: F:/repos/pynq_butterfly/vivado/modmul_radix4_flat_compare/radix4/radix4.runs/synth_1/modmul_core_radix4_flat.vds
# Journal file: F:/repos/pynq_butterfly/vivado/modmul_radix4_flat_compare/radix4/radix4.runs/synth_1\vivado.jou
# Running On        :DESKTOP-63734QH
# Platform          :Windows Server 2016 or Windows 10
# Operating System  :26200
# Processor Detail  :13th Gen Intel(R) Core(TM) i5-13600KF
# CPU Frequency     :3494 MHz
# CPU Physical cores:14
# CPU Logical cores :20
# Host memory       :68523 MB
# Swap memory       :4294 MB
# Total Virtual     :72818 MB
# Available Virtual :47885 MB
#-----------------------------------------------------------
source modmul_core_radix4_flat.tcl -notrace
