
*** Running vivado
    with args -log poly_mul4096_axis_core.vds -m64 -product Vivado -mode batch -messageDb vivado.pb -notrace -source poly_mul4096_axis_core.tcl



****** Vivado v2024.1 (64-bit)
  **** SW Build 5076996 on Wed May 22 18:37:14 MDT 2024
  **** IP Build 5075265 on Wed May 22 21:45:21 MDT 2024
  **** SharedData Build 5076995 on Wed May 22 18:29:18 MDT 2024
  **** Start of session at: Sun Jul 19 12:15:19 2026
    ** Copyright 1986-2022 Xilinx, Inc. All Rights Reserved.
    ** Copyright 2022-2024 Advanced Micro Devices, Inc. All Rights Reserved.

source poly_mul4096_axis_core.tcl -notrace
Command: synth_design -top poly_mul4096_axis_core -part xc7z020clg400-1 -directive PerformanceOptimized -fsm_extraction one_hot -keep_equivalent_registers -resource_sharing off -no_lc -shreg_min_size 5
Starting synth_design
Attempting to get a license for feature 'Synthesis' and/or device 'xc7z020'
INFO: [Common 17-349] Got license for feature 'Synthesis' and/or device 'xc7z020'
INFO: [Device 21-403] Loading part xc7z020clg400-1
INFO: [Device 21-9227] Part: xc7z020clg400-1 does not have CEAM library.
INFO: [Synth 8-7079] Multithreading enabled for synth_design using a maximum of 2 processes.
INFO: [Synth 8-7078] Launching helper process for spawning children vivado processes
INFO: [Synth 8-7075] Helper process launched with PID 504
---------------------------------------------------------------------------------
Starting RTL Elaboration : Time (s): cpu = 00:00:03 ; elapsed = 00:00:03 . Memory (MB): peak = 1382.109 ; gain = 447.277
---------------------------------------------------------------------------------
INFO: [Synth 8-6157] synthesizing module 'poly_mul4096_axis_core' [F:/repos/pynq_butterfly/rtl/poly_mul4096_axis_core.sv:24]
INFO: [Synth 8-6157] synthesizing module 'poly_mul4096_core' [F:/repos/pynq_butterfly/rtl/poly_mul4096_core.sv:22]
INFO: [Synth 8-6157] synthesizing module 'forward_ntt4096_core' [F:/repos/pynq_butterfly/rtl/forward_ntt4096_core.sv:22]
INFO: [Synth 8-6157] synthesizing module 'ntt4096_coeff_bram' [F:/repos/pynq_butterfly/rtl/ntt4096_coeff_bram.sv:15]
INFO: [Synth 8-6155] done synthesizing module 'ntt4096_coeff_bram' (0#1) [F:/repos/pynq_butterfly/rtl/ntt4096_coeff_bram.sv:15]
INFO: [Synth 8-6157] synthesizing module 'ntt4096_factor_rom' [F:/repos/pynq_butterfly/rtl/ntt4096_factor_rom.sv:9]
	Parameter INIT_FILE bound to: ../model/golden_n4096/twist_factors.mem - type: string 
INFO: [Synth 8-3876] $readmem data file '../model/golden_n4096/twist_factors.mem' is read successfully [F:/repos/pynq_butterfly/rtl/ntt4096_factor_rom.sv:34]
INFO: [Synth 8-6155] done synthesizing module 'ntt4096_factor_rom' (0#1) [F:/repos/pynq_butterfly/rtl/ntt4096_factor_rom.sv:9]
INFO: [Synth 8-6157] synthesizing module 'modmul_core' [F:/repos/pynq_butterfly/rtl/modmul_core.sv:22]
INFO: [Synth 8-6155] done synthesizing module 'modmul_core' (0#1) [F:/repos/pynq_butterfly/rtl/modmul_core.sv:22]
INFO: [Synth 8-6157] synthesizing module 'ntt4096_cyclic_core' [F:/repos/pynq_butterfly/rtl/ntt4096_cyclic_core.sv:20]
	Parameter TWIDDLE_INIT_FILE bound to: ../model/golden_n4096/forward_twiddles.mem - type: string 
INFO: [Synth 8-6157] synthesizing module 'ntt4096_schedule_core' [F:/repos/pynq_butterfly/rtl/ntt4096_schedule_core.sv:21]
INFO: [Synth 8-6155] done synthesizing module 'ntt4096_schedule_core' (0#1) [F:/repos/pynq_butterfly/rtl/ntt4096_schedule_core.sv:21]
INFO: [Synth 8-6157] synthesizing module 'ntt4096_twiddle_rom' [F:/repos/pynq_butterfly/rtl/ntt4096_twiddle_rom.sv:9]
	Parameter INIT_FILE bound to: ../model/golden_n4096/forward_twiddles.mem - type: string 
INFO: [Synth 8-3876] $readmem data file '../model/golden_n4096/forward_twiddles.mem' is read successfully [F:/repos/pynq_butterfly/rtl/ntt4096_twiddle_rom.sv:36]
INFO: [Synth 8-6155] done synthesizing module 'ntt4096_twiddle_rom' (0#1) [F:/repos/pynq_butterfly/rtl/ntt4096_twiddle_rom.sv:9]
INFO: [Synth 8-6157] synthesizing module 'butterfly_core' [F:/repos/pynq_butterfly/rtl/butterfly_core.sv:3]
INFO: [Synth 8-6155] done synthesizing module 'butterfly_core' (0#1) [F:/repos/pynq_butterfly/rtl/butterfly_core.sv:3]
INFO: [Synth 8-6155] done synthesizing module 'ntt4096_cyclic_core' (0#1) [F:/repos/pynq_butterfly/rtl/ntt4096_cyclic_core.sv:20]
INFO: [Synth 8-6155] done synthesizing module 'forward_ntt4096_core' (0#1) [F:/repos/pynq_butterfly/rtl/forward_ntt4096_core.sv:22]
INFO: [Synth 8-6157] synthesizing module 'pointwise_mul4096_core' [F:/repos/pynq_butterfly/rtl/pointwise_mul4096_core.sv:15]
INFO: [Synth 8-6155] done synthesizing module 'pointwise_mul4096_core' (0#1) [F:/repos/pynq_butterfly/rtl/pointwise_mul4096_core.sv:15]
INFO: [Synth 8-6157] synthesizing module 'inverse_ntt4096_core' [F:/repos/pynq_butterfly/rtl/inverse_ntt4096_core.sv:27]
INFO: [Synth 8-6157] synthesizing module 'ntt4096_cyclic_core__parameterized0' [F:/repos/pynq_butterfly/rtl/ntt4096_cyclic_core.sv:20]
	Parameter TWIDDLE_INIT_FILE bound to: ../model/golden_n4096/inverse_twiddles.mem - type: string 
INFO: [Synth 8-6157] synthesizing module 'ntt4096_twiddle_rom__parameterized0' [F:/repos/pynq_butterfly/rtl/ntt4096_twiddle_rom.sv:9]
	Parameter INIT_FILE bound to: ../model/golden_n4096/inverse_twiddles.mem - type: string 
INFO: [Synth 8-3876] $readmem data file '../model/golden_n4096/inverse_twiddles.mem' is read successfully [F:/repos/pynq_butterfly/rtl/ntt4096_twiddle_rom.sv:36]
INFO: [Synth 8-6155] done synthesizing module 'ntt4096_twiddle_rom__parameterized0' (0#1) [F:/repos/pynq_butterfly/rtl/ntt4096_twiddle_rom.sv:9]
INFO: [Synth 8-6155] done synthesizing module 'ntt4096_cyclic_core__parameterized0' (0#1) [F:/repos/pynq_butterfly/rtl/ntt4096_cyclic_core.sv:20]
INFO: [Synth 8-6157] synthesizing module 'ntt4096_factor_rom__parameterized0' [F:/repos/pynq_butterfly/rtl/ntt4096_factor_rom.sv:9]
	Parameter INIT_FILE bound to: ../model/golden_n4096/inverse_scale_factors.mem - type: string 
INFO: [Synth 8-3876] $readmem data file '../model/golden_n4096/inverse_scale_factors.mem' is read successfully [F:/repos/pynq_butterfly/rtl/ntt4096_factor_rom.sv:34]
INFO: [Synth 8-6155] done synthesizing module 'ntt4096_factor_rom__parameterized0' (0#1) [F:/repos/pynq_butterfly/rtl/ntt4096_factor_rom.sv:9]
INFO: [Synth 8-6155] done synthesizing module 'inverse_ntt4096_core' (0#1) [F:/repos/pynq_butterfly/rtl/inverse_ntt4096_core.sv:27]
INFO: [Synth 8-6155] done synthesizing module 'poly_mul4096_core' (0#1) [F:/repos/pynq_butterfly/rtl/poly_mul4096_core.sv:22]
INFO: [Synth 8-6155] done synthesizing module 'poly_mul4096_axis_core' (0#1) [F:/repos/pynq_butterfly/rtl/poly_mul4096_axis_core.sv:24]
---------------------------------------------------------------------------------
Finished RTL Elaboration : Time (s): cpu = 00:00:04 ; elapsed = 00:00:04 . Memory (MB): peak = 1523.645 ; gain = 588.812
---------------------------------------------------------------------------------
---------------------------------------------------------------------------------
Start Handling Custom Attributes
---------------------------------------------------------------------------------
---------------------------------------------------------------------------------
Finished Handling Custom Attributes : Time (s): cpu = 00:00:04 ; elapsed = 00:00:04 . Memory (MB): peak = 1523.645 ; gain = 588.812
---------------------------------------------------------------------------------
---------------------------------------------------------------------------------
Finished RTL Optimization Phase 1 : Time (s): cpu = 00:00:04 ; elapsed = 00:00:04 . Memory (MB): peak = 1523.645 ; gain = 588.812
---------------------------------------------------------------------------------
Netlist sorting complete. Time (s): cpu = 00:00:01 ; elapsed = 00:00:00.052 . Memory (MB): peak = 1523.645 ; gain = 0.000
INFO: [Project 1-570] Preparing netlist for logic optimization

Processing XDC Constraints
Initializing timing engine
Parsing XDC File [F:/repos/pynq_butterfly/vivado/poly_mul4096_axis_synth/poly_mul4096_axis_synth.xdc]
Finished Parsing XDC File [F:/repos/pynq_butterfly/vivado/poly_mul4096_axis_synth/poly_mul4096_axis_synth.xdc]
Completed Processing XDC Constraints

Netlist sorting complete. Time (s): cpu = 00:00:00 ; elapsed = 00:00:00 . Memory (MB): peak = 1628.383 ; gain = 0.000
INFO: [Project 1-111] Unisim Transformation Summary:
No Unisim elements were transformed.

Constraint Validation Runtime : Time (s): cpu = 00:00:00 ; elapsed = 00:00:00.033 . Memory (MB): peak = 1628.383 ; gain = 0.000
---------------------------------------------------------------------------------
Finished Constraint Validation : Time (s): cpu = 00:00:09 ; elapsed = 00:00:10 . Memory (MB): peak = 1628.383 ; gain = 693.551
---------------------------------------------------------------------------------
---------------------------------------------------------------------------------
Start Loading Part and Timing Information
---------------------------------------------------------------------------------
Loading part: xc7z020clg400-1
---------------------------------------------------------------------------------
Finished Loading Part and Timing Information : Time (s): cpu = 00:00:09 ; elapsed = 00:00:10 . Memory (MB): peak = 1628.383 ; gain = 693.551
---------------------------------------------------------------------------------
---------------------------------------------------------------------------------
Start Applying 'set_property' XDC Constraints
---------------------------------------------------------------------------------
---------------------------------------------------------------------------------
Finished applying 'set_property' XDC Constraints : Time (s): cpu = 00:00:09 ; elapsed = 00:00:10 . Memory (MB): peak = 1628.383 ; gain = 693.551
---------------------------------------------------------------------------------
INFO: [Synth 8-802] inferred FSM for state register 'state_reg' in module 'ntt4096_cyclic_core'
INFO: [Synth 8-802] inferred FSM for state register 'state_reg' in module 'forward_ntt4096_core'
INFO: [Synth 8-802] inferred FSM for state register 'state_reg' in module 'pointwise_mul4096_core'
INFO: [Synth 8-802] inferred FSM for state register 'state_reg' in module 'ntt4096_cyclic_core__parameterized0'
INFO: [Synth 8-802] inferred FSM for state register 'state_reg' in module 'inverse_ntt4096_core'
INFO: [Synth 8-802] inferred FSM for state register 'state_reg' in module 'poly_mul4096_core'
INFO: [Synth 8-802] inferred FSM for state register 'state_reg' in module 'poly_mul4096_axis_core'
INFO: [Synth 8-3971] The signal "ntt4096_coeff_bram:/memory_reg" was recognized as a true dual port RAM template.
---------------------------------------------------------------------------------------------------
                   State |                     New Encoding |                Previous Encoding 
---------------------------------------------------------------------------------------------------
              STATE_IDLE |                          0000001 |                              000
    STATE_SCHEDULE_START |                          1000000 |                              001
        STATE_READ_ISSUE |                          0000100 |                              010
      STATE_READ_CAPTURE |                          0100000 |                              011
   STATE_BUTTERFLY_START |                          0010000 |                              100
    STATE_BUTTERFLY_WAIT |                          0001000 |                              101
         STATE_WRITEBACK |                          0000010 |                              110
---------------------------------------------------------------------------------------------------
INFO: [Synth 8-3354] encoded FSM with state register 'state_reg' using encoding 'one-hot' in module 'ntt4096_cyclic_core'
---------------------------------------------------------------------------------------------------
                   State |                     New Encoding |                Previous Encoding 
---------------------------------------------------------------------------------------------------
              STATE_IDLE |                         00000001 |                             0000
   STATE_PREP_READ_ISSUE |                         00010000 |                             0001
 STATE_PREP_READ_CAPTURE |                         10000000 |                             0010
    STATE_PREP_MUL_START |                         01000000 |                             0011
     STATE_PREP_MUL_WAIT |                         00100000 |                             0100
        STATE_PREP_WRITE |                         00001000 |                             0101
      STATE_CYCLIC_START |                         00000100 |                             0110
       STATE_CYCLIC_WAIT |                         00000010 |                             0111
---------------------------------------------------------------------------------------------------
INFO: [Synth 8-3354] encoded FSM with state register 'state_reg' using encoding 'one-hot' in module 'forward_ntt4096_core'
---------------------------------------------------------------------------------------------------
                   State |                     New Encoding |                Previous Encoding 
---------------------------------------------------------------------------------------------------
              STATE_IDLE |                           000001 |                              000
        STATE_READ_ISSUE |                           000010 |                              001
      STATE_READ_CAPTURE |                           000100 |                              010
         STATE_MUL_START |                           001000 |                              011
          STATE_MUL_WAIT |                           010000 |                              100
         STATE_WRITEBACK |                           100000 |                              101
---------------------------------------------------------------------------------------------------
INFO: [Synth 8-3354] encoded FSM with state register 'state_reg' using encoding 'one-hot' in module 'pointwise_mul4096_core'
---------------------------------------------------------------------------------------------------
                   State |                     New Encoding |                Previous Encoding 
---------------------------------------------------------------------------------------------------
              STATE_IDLE |                          0000001 |                              000
    STATE_SCHEDULE_START |                          1000000 |                              001
        STATE_READ_ISSUE |                          0000100 |                              010
      STATE_READ_CAPTURE |                          0100000 |                              011
   STATE_BUTTERFLY_START |                          0010000 |                              100
    STATE_BUTTERFLY_WAIT |                          0001000 |                              101
         STATE_WRITEBACK |                          0000010 |                              110
---------------------------------------------------------------------------------------------------
INFO: [Synth 8-3354] encoded FSM with state register 'state_reg' using encoding 'one-hot' in module 'ntt4096_cyclic_core__parameterized0'
---------------------------------------------------------------------------------------------------
                   State |                     New Encoding |                Previous Encoding 
---------------------------------------------------------------------------------------------------
              STATE_IDLE |                      00000100000 |                             0000
   STATE_COPY_READ_ISSUE |                      00000000100 |                             0001
 STATE_COPY_READ_CAPTURE |                      00000010000 |                             0010
        STATE_COPY_WRITE |                      00000000001 |                             0011
      STATE_CYCLIC_START |                      00000000010 |                             0100
       STATE_CYCLIC_WAIT |                      00000001000 |                             0101
   STATE_POST_READ_ISSUE |                      00010000000 |                             0110
 STATE_POST_READ_CAPTURE |                      00100000000 |                             0111
    STATE_POST_MUL_START |                      01000000000 |                             1000
     STATE_POST_MUL_WAIT |                      10000000000 |                             1001
        STATE_POST_WRITE |                      00001000000 |                             1010
---------------------------------------------------------------------------------------------------
INFO: [Synth 8-3354] encoded FSM with state register 'state_reg' using encoding 'one-hot' in module 'inverse_ntt4096_core'
---------------------------------------------------------------------------------------------------
                   State |                     New Encoding |                Previous Encoding 
---------------------------------------------------------------------------------------------------
              STATE_IDLE |                    0000000010000 |                             0000
     STATE_FORWARD_START |                    0001000000000 |                             0001
      STATE_FORWARD_WAIT |                    0000000001000 |                             0010
STATE_FORWARD_TRANSFER_READ_ISSUE |                    0000000000001 |                             0011
STATE_FORWARD_TRANSFER_READ_CAPTURE |                    0000000000010 |                             0100
STATE_FORWARD_TRANSFER_WRITE |                    0000000000100 |                             0101
   STATE_POINTWISE_START |                    1000000000000 |                             0110
    STATE_POINTWISE_WAIT |                    0010000000000 |                             0111
STATE_POINTWISE_TRANSFER_READ_ISSUE |                    0000100000000 |                             1000
STATE_POINTWISE_TRANSFER_READ_CAPTURE |                    0100000000000 |                             1001
STATE_POINTWISE_TRANSFER_WRITE |                    0000010000000 |                             1010
     STATE_INVERSE_START |                    0000001000000 |                             1011
      STATE_INVERSE_WAIT |                    0000000100000 |                             1100
---------------------------------------------------------------------------------------------------
INFO: [Synth 8-3354] encoded FSM with state register 'state_reg' using encoding 'one-hot' in module 'poly_mul4096_core'
---------------------------------------------------------------------------------------------------
                   State |                     New Encoding |                Previous Encoding 
---------------------------------------------------------------------------------------------------
             STATE_INPUT |                           000001 |                              000
        STATE_CORE_START |                           100000 |                              001
         STATE_CORE_WAIT |                           010000 |                              010
 STATE_OUTPUT_READ_ISSUE |                           000100 |                              011
STATE_OUTPUT_READ_CAPTURE |                           001000 |                              100
       STATE_OUTPUT_SEND |                           000010 |                              101
---------------------------------------------------------------------------------------------------
INFO: [Synth 8-3354] encoded FSM with state register 'state_reg' using encoding 'one-hot' in module 'poly_mul4096_axis_core'
---------------------------------------------------------------------------------
Finished RTL Optimization Phase 2 : Time (s): cpu = 00:00:10 ; elapsed = 00:00:10 . Memory (MB): peak = 1628.383 ; gain = 693.551
---------------------------------------------------------------------------------
---------------------------------------------------------------------------------
Start RTL Component Statistics 
---------------------------------------------------------------------------------
Detailed RTL Component Info : 
+---Adders : 
	   3 Input   35 Bit       Adders := 42    
	   2 Input   34 Bit       Adders := 21    
	   2 Input   33 Bit       Adders := 3     
	   3 Input   32 Bit       Adders := 6     
	   4 Input   32 Bit       Adders := 3     
	   2 Input   32 Bit       Adders := 9     
	   2 Input   15 Bit       Adders := 6     
	   2 Input   14 Bit       Adders := 1     
	   2 Input   13 Bit       Adders := 17    
	   2 Input   12 Bit       Adders := 21    
	   2 Input    4 Bit       Adders := 10    
+---Registers : 
	               32 Bit    Registers := 105   
	               17 Bit    Registers := 2     
	               15 Bit    Registers := 6     
	               14 Bit    Registers := 1     
	               13 Bit    Registers := 20    
	               12 Bit    Registers := 12    
	                4 Bit    Registers := 10    
	                1 Bit    Registers := 46    
+---RAMs : 
	             128K Bit	(4096 X 32 bit)          RAMs := 10    
+---ROMs : 
	                    ROMs := 6     
+---Muxes : 
	   2 Input   34 Bit        Muxes := 14    
	   2 Input   32 Bit        Muxes := 64    
	   3 Input   32 Bit        Muxes := 6     
	   7 Input   32 Bit        Muxes := 3     
	   8 Input   32 Bit        Muxes := 2     
	   6 Input   32 Bit        Muxes := 1     
	  11 Input   32 Bit        Muxes := 1     
	  13 Input   32 Bit        Muxes := 1     
	   7 Input   15 Bit        Muxes := 3     
	   6 Input   14 Bit        Muxes := 1     
	   8 Input   13 Bit        Muxes := 2     
	   6 Input   13 Bit        Muxes := 1     
	  11 Input   13 Bit        Muxes := 2     
	  13 Input   13 Bit        Muxes := 1     
	   2 Input   13 Bit        Muxes := 2     
	   3 Input   12 Bit        Muxes := 6     
	   2 Input   12 Bit        Muxes := 22    
	   8 Input   12 Bit        Muxes := 2     
	   6 Input   12 Bit        Muxes := 2     
	  11 Input   12 Bit        Muxes := 1     
	  13 Input   12 Bit        Muxes := 1     
	  11 Input   11 Bit        Muxes := 1     
	   2 Input   11 Bit        Muxes := 2     
	   8 Input    8 Bit        Muxes := 2     
	   2 Input    8 Bit        Muxes := 2     
	   7 Input    7 Bit        Muxes := 3     
	   2 Input    7 Bit        Muxes := 6     
	   6 Input    6 Bit        Muxes := 2     
	   2 Input    6 Bit        Muxes := 2     
	   2 Input    1 Bit        Muxes := 103   
	   3 Input    1 Bit        Muxes := 3     
	   7 Input    1 Bit        Muxes := 18    
	   8 Input    1 Bit        Muxes := 14    
	   6 Input    1 Bit        Muxes := 13    
	  11 Input    1 Bit        Muxes := 8     
	  13 Input    1 Bit        Muxes := 7     
---------------------------------------------------------------------------------
Finished RTL Component Statistics 
---------------------------------------------------------------------------------
---------------------------------------------------------------------------------
Start Part Resource Summary
---------------------------------------------------------------------------------
Part Resources:
DSPs: 220 (col length:60)
BRAMs: 280 (col length: RAMB18 60 RAMB36 30)
---------------------------------------------------------------------------------
Finished Part Resource Summary
---------------------------------------------------------------------------------
---------------------------------------------------------------------------------
Start Cross Boundary and Area Optimization
---------------------------------------------------------------------------------
WARNING: [Synth 8-7080] Parallel synthesis criteria is not met
WARNING: [Synth 8-6014] Unused sequential element input_memory/memory_reg was removed. 
INFO: [Synth 8-3971] The signal "forward_ntt4096_core:/cyclic_transform/coefficient_memory/memory_reg" was recognized as a true dual port RAM template.
WARNING: [Synth 8-6014] Unused sequential element core/pointwise/memory_a/memory_reg was removed. 
WARNING: [Synth 8-6014] Unused sequential element core/pointwise/memory_b/memory_reg was removed. 
WARNING: [Synth 8-6014] Unused sequential element core/pointwise/result_memory/memory_reg was removed. 
WARNING: [Synth 8-6014] Unused sequential element input_memory/memory_reg was removed. 
INFO: [Synth 8-3971] The signal "\core/inverse /cyclic_transform/coefficient_memory/memory_reg" was recognized as a true dual port RAM template.
WARNING: [Synth 8-6014] Unused sequential element output_memory/memory_reg was removed. 
---------------------------------------------------------------------------------
Finished Cross Boundary and Area Optimization : Time (s): cpu = 00:00:19 ; elapsed = 00:00:19 . Memory (MB): peak = 1628.383 ; gain = 693.551
---------------------------------------------------------------------------------
---------------------------------------------------------------------------------
Start ROM, RAM, DSP, Shift Register and Retiming Reporting
---------------------------------------------------------------------------------

Block RAM: Preliminary Mapping Report (see note below)
+---------------------------------------+-----------------------------------------+------------------------+---+---+------------------------+---+---+------------------+--------+--------+
|Module Name                            | RTL Object                              | PORT A (Depth x Width) | W | R | PORT B (Depth x Width) | W | R | Ports driving FF | RAMB18 | RAMB36 | 
+---------------------------------------+-----------------------------------------+------------------------+---+---+------------------------+---+---+------------------+--------+--------+
|forward_ntt4096_core:                  | input_memory/memory_reg                 | 4 K x 32(READ_FIRST)   | W | R |                        |   |   | Port A           | 0      | 4      | 
|forward_ntt4096_core:/cyclic_transform | coefficient_memory/memory_reg           | 4 K x 32(READ_FIRST)   | W | R | 4 K x 32(READ_FIRST)   | W | R | Port A and B     | 0      | 4      | 
|forward_ntt4096_core:                  | input_memory/memory_reg                 | 4 K x 32(READ_FIRST)   | W | R |                        |   |   | Port A           | 0      | 4      | 
|forward_ntt4096_core:/cyclic_transform | coefficient_memory/memory_reg           | 4 K x 32(READ_FIRST)   | W | R | 4 K x 32(READ_FIRST)   | W | R | Port A and B     | 0      | 4      | 
|poly_mul4096_axis_core                 | core/pointwise/memory_a/memory_reg      | 4 K x 32(READ_FIRST)   | W | R |                        |   |   | Port A           | 0      | 4      | 
|poly_mul4096_axis_core                 | core/pointwise/memory_b/memory_reg      | 4 K x 32(READ_FIRST)   | W | R |                        |   |   | Port A           | 0      | 4      | 
|poly_mul4096_axis_core                 | core/pointwise/result_memory/memory_reg | 4 K x 32(READ_FIRST)   | W | R |                        |   |   | Port A           | 0      | 4      | 
|\core/inverse                          | input_memory/memory_reg                 | 4 K x 32(READ_FIRST)   | W | R |                        |   |   | Port A           | 0      | 4      | 
|\core/inverse /cyclic_transform        | coefficient_memory/memory_reg           | 4 K x 32(READ_FIRST)   | W | R | 4 K x 32(READ_FIRST)   | W | R | Port A and B     | 0      | 4      | 
|\core/inverse                          | output_memory/memory_reg                | 4 K x 32(READ_FIRST)   | W | R |                        |   |   | Port A           | 0      | 4      | 
+---------------------------------------+-----------------------------------------+------------------------+---+---+------------------------+---+---+------------------+--------+--------+

Note: The table above is a preliminary report that shows the Block RAMs at the current stage of the synthesis flow. Some Block RAMs may be reimplemented as non Block RAM primitives later in the synthesis flow. Multiple instantiated Block RAMs are reported only once. 
---------------------------------------------------------------------------------
Finished ROM, RAM, DSP, Shift Register and Retiming Reporting
---------------------------------------------------------------------------------
---------------------------------------------------------------------------------
Start Applying XDC Timing Constraints
---------------------------------------------------------------------------------
---------------------------------------------------------------------------------
Finished Applying XDC Timing Constraints : Time (s): cpu = 00:00:23 ; elapsed = 00:00:23 . Memory (MB): peak = 1628.383 ; gain = 693.551
---------------------------------------------------------------------------------
---------------------------------------------------------------------------------
Start Timing Optimization
---------------------------------------------------------------------------------
---------------------------------------------------------------------------------
Finished Timing Optimization : Time (s): cpu = 00:00:25 ; elapsed = 00:00:25 . Memory (MB): peak = 1652.301 ; gain = 717.469
---------------------------------------------------------------------------------
---------------------------------------------------------------------------------
Start ROM, RAM, DSP, Shift Register and Retiming Reporting
---------------------------------------------------------------------------------

Block RAM: Final Mapping Report
+---------------------------------------+-----------------------------------------+------------------------+---+---+------------------------+---+---+------------------+--------+--------+
|Module Name                            | RTL Object                              | PORT A (Depth x Width) | W | R | PORT B (Depth x Width) | W | R | Ports driving FF | RAMB18 | RAMB36 | 
+---------------------------------------+-----------------------------------------+------------------------+---+---+------------------------+---+---+------------------+--------+--------+
|forward_ntt4096_core:                  | input_memory/memory_reg                 | 4 K x 32(READ_FIRST)   | W | R |                        |   |   | Port A           | 0      | 4      | 
|forward_ntt4096_core:/cyclic_transform | coefficient_memory/memory_reg           | 4 K x 32(READ_FIRST)   | W | R | 4 K x 32(READ_FIRST)   | W | R | Port A and B     | 0      | 4      | 
|forward_ntt4096_core:                  | input_memory/memory_reg                 | 4 K x 32(READ_FIRST)   | W | R |                        |   |   | Port A           | 0      | 4      | 
|forward_ntt4096_core:/cyclic_transform | coefficient_memory/memory_reg           | 4 K x 32(READ_FIRST)   | W | R | 4 K x 32(READ_FIRST)   | W | R | Port A and B     | 0      | 4      | 
|poly_mul4096_axis_core                 | core/pointwise/memory_a/memory_reg      | 4 K x 32(READ_FIRST)   | W | R |                        |   |   | Port A           | 0      | 4      | 
|poly_mul4096_axis_core                 | core/pointwise/memory_b/memory_reg      | 4 K x 32(READ_FIRST)   | W | R |                        |   |   | Port A           | 0      | 4      | 
|poly_mul4096_axis_core                 | core/pointwise/result_memory/memory_reg | 4 K x 32(READ_FIRST)   | W | R |                        |   |   | Port A           | 0      | 4      | 
|\core/inverse                          | input_memory/memory_reg                 | 4 K x 32(READ_FIRST)   | W | R |                        |   |   | Port A           | 0      | 4      | 
|\core/inverse /cyclic_transform        | coefficient_memory/memory_reg           | 4 K x 32(READ_FIRST)   | W | R | 4 K x 32(READ_FIRST)   | W | R | Port A and B     | 0      | 4      | 
|\core/inverse                          | output_memory/memory_reg                | 4 K x 32(READ_FIRST)   | W | R |                        |   |   | Port A           | 0      | 4      | 
+---------------------------------------+-----------------------------------------+------------------------+---+---+------------------------+---+---+------------------+--------+--------+

---------------------------------------------------------------------------------
Finished ROM, RAM, DSP, Shift Register and Retiming Reporting
---------------------------------------------------------------------------------
---------------------------------------------------------------------------------
Start Technology Mapping
---------------------------------------------------------------------------------
INFO: [Synth 8-7052] The timing for the instance core/forward_a/cyclic_transform/coefficient_memory/memory_reg_0 (implemented as a Block RAM) might be sub-optimal as no optional output register could be merged into the ram block. Providing additional output register may help in improving timing.
INFO: [Synth 8-7052] The timing for the instance core/forward_a/cyclic_transform/coefficient_memory/memory_reg_1 (implemented as a Block RAM) might be sub-optimal as no optional output register could be merged into the ram block. Providing additional output register may help in improving timing.
INFO: [Synth 8-7052] The timing for the instance core/forward_a/cyclic_transform/coefficient_memory/memory_reg_2 (implemented as a Block RAM) might be sub-optimal as no optional output register could be merged into the ram block. Providing additional output register may help in improving timing.
INFO: [Synth 8-7052] The timing for the instance core/forward_a/cyclic_transform/coefficient_memory/memory_reg_3 (implemented as a Block RAM) might be sub-optimal as no optional output register could be merged into the ram block. Providing additional output register may help in improving timing.
INFO: [Synth 8-7052] The timing for the instance core/forward_b/cyclic_transform/coefficient_memory/memory_reg_0 (implemented as a Block RAM) might be sub-optimal as no optional output register could be merged into the ram block. Providing additional output register may help in improving timing.
INFO: [Synth 8-7052] The timing for the instance core/forward_b/cyclic_transform/coefficient_memory/memory_reg_1 (implemented as a Block RAM) might be sub-optimal as no optional output register could be merged into the ram block. Providing additional output register may help in improving timing.
INFO: [Synth 8-7052] The timing for the instance core/forward_b/cyclic_transform/coefficient_memory/memory_reg_2 (implemented as a Block RAM) might be sub-optimal as no optional output register could be merged into the ram block. Providing additional output register may help in improving timing.
INFO: [Synth 8-7052] The timing for the instance core/forward_b/cyclic_transform/coefficient_memory/memory_reg_3 (implemented as a Block RAM) might be sub-optimal as no optional output register could be merged into the ram block. Providing additional output register may help in improving timing.
INFO: [Synth 8-7052] The timing for the instance core/inverse/cyclic_transform/coefficient_memory/memory_reg_0 (implemented as a Block RAM) might be sub-optimal as no optional output register could be merged into the ram block. Providing additional output register may help in improving timing.
INFO: [Synth 8-7052] The timing for the instance core/inverse/cyclic_transform/coefficient_memory/memory_reg_1 (implemented as a Block RAM) might be sub-optimal as no optional output register could be merged into the ram block. Providing additional output register may help in improving timing.
INFO: [Synth 8-7052] The timing for the instance core/inverse/cyclic_transform/coefficient_memory/memory_reg_2 (implemented as a Block RAM) might be sub-optimal as no optional output register could be merged into the ram block. Providing additional output register may help in improving timing.
INFO: [Synth 8-7052] The timing for the instance core/inverse/cyclic_transform/coefficient_memory/memory_reg_3 (implemented as a Block RAM) might be sub-optimal as no optional output register could be merged into the ram block. Providing additional output register may help in improving timing.
---------------------------------------------------------------------------------
Finished Technology Mapping : Time (s): cpu = 00:00:26 ; elapsed = 00:00:27 . Memory (MB): peak = 1652.301 ; gain = 717.469
---------------------------------------------------------------------------------
---------------------------------------------------------------------------------
Start IO Insertion
---------------------------------------------------------------------------------
---------------------------------------------------------------------------------
Start Flattening Before IO Insertion
---------------------------------------------------------------------------------
---------------------------------------------------------------------------------
Finished Flattening Before IO Insertion
---------------------------------------------------------------------------------
---------------------------------------------------------------------------------
Start Final Netlist Cleanup
---------------------------------------------------------------------------------
---------------------------------------------------------------------------------
Finished Final Netlist Cleanup
---------------------------------------------------------------------------------
---------------------------------------------------------------------------------
Finished IO Insertion : Time (s): cpu = 00:00:29 ; elapsed = 00:00:29 . Memory (MB): peak = 1652.301 ; gain = 717.469
---------------------------------------------------------------------------------
---------------------------------------------------------------------------------
Start Renaming Generated Instances
---------------------------------------------------------------------------------
---------------------------------------------------------------------------------
Finished Renaming Generated Instances : Time (s): cpu = 00:00:29 ; elapsed = 00:00:29 . Memory (MB): peak = 1652.301 ; gain = 717.469
---------------------------------------------------------------------------------
---------------------------------------------------------------------------------
Start Rebuilding User Hierarchy
---------------------------------------------------------------------------------
---------------------------------------------------------------------------------
Finished Rebuilding User Hierarchy : Time (s): cpu = 00:00:29 ; elapsed = 00:00:30 . Memory (MB): peak = 1652.301 ; gain = 717.469
---------------------------------------------------------------------------------
---------------------------------------------------------------------------------
Start Renaming Generated Ports
---------------------------------------------------------------------------------
---------------------------------------------------------------------------------
Finished Renaming Generated Ports : Time (s): cpu = 00:00:29 ; elapsed = 00:00:30 . Memory (MB): peak = 1652.301 ; gain = 717.469
---------------------------------------------------------------------------------
---------------------------------------------------------------------------------
Start Handling Custom Attributes
---------------------------------------------------------------------------------
---------------------------------------------------------------------------------
Finished Handling Custom Attributes : Time (s): cpu = 00:00:29 ; elapsed = 00:00:30 . Memory (MB): peak = 1652.301 ; gain = 717.469
---------------------------------------------------------------------------------
---------------------------------------------------------------------------------
Start Renaming Generated Nets
---------------------------------------------------------------------------------
---------------------------------------------------------------------------------
Finished Renaming Generated Nets : Time (s): cpu = 00:00:29 ; elapsed = 00:00:30 . Memory (MB): peak = 1652.301 ; gain = 717.469
---------------------------------------------------------------------------------
---------------------------------------------------------------------------------
Start Writing Synthesis Report
---------------------------------------------------------------------------------

Report BlackBoxes: 
+-+--------------+----------+
| |BlackBox name |Instances |
+-+--------------+----------+
+-+--------------+----------+

Report Cell Usage: 
+------+---------+------+
|      |Cell     |Count |
+------+---------+------+
|1     |BUFG     |     1|
|2     |CARRY4   |   818|
|3     |LUT1     |   467|
|4     |LUT2     |  1984|
|5     |LUT3     |   773|
|6     |LUT4     |   972|
|7     |LUT5     |   926|
|8     |LUT6     |   435|
|9     |RAMB36E1 |    56|
|27    |FDRE     |  2189|
|28    |FDSE     |    18|
|29    |IBUF     |    37|
|30    |OBUF     |   117|
+------+---------+------+
---------------------------------------------------------------------------------
Finished Writing Synthesis Report : Time (s): cpu = 00:00:29 ; elapsed = 00:00:30 . Memory (MB): peak = 1652.301 ; gain = 717.469
---------------------------------------------------------------------------------
Synthesis finished with 0 errors, 0 critical warnings and 7 warnings.
Synthesis Optimization Runtime : Time (s): cpu = 00:00:23 ; elapsed = 00:00:28 . Memory (MB): peak = 1652.301 ; gain = 612.730
Synthesis Optimization Complete : Time (s): cpu = 00:00:29 ; elapsed = 00:00:30 . Memory (MB): peak = 1652.301 ; gain = 717.469
INFO: [Project 1-571] Translating synthesized netlist
Netlist sorting complete. Time (s): cpu = 00:00:00 ; elapsed = 00:00:00.050 . Memory (MB): peak = 1652.301 ; gain = 0.000
INFO: [Netlist 29-17] Analyzing 874 Unisim elements for replacement
INFO: [Netlist 29-28] Unisim Transformation completed in 0 CPU seconds
INFO: [Project 1-570] Preparing netlist for logic optimization
INFO: [Opt 31-138] Pushed 0 inverter(s) to 0 load pin(s).
Netlist sorting complete. Time (s): cpu = 00:00:00 ; elapsed = 00:00:00.001 . Memory (MB): peak = 1652.301 ; gain = 0.000
INFO: [Project 1-111] Unisim Transformation Summary:
No Unisim elements were transformed.

Synth Design complete | Checksum: f0f1826e
INFO: [Common 17-83] Releasing license: Synthesis
78 Infos, 7 Warnings, 0 Critical Warnings and 0 Errors encountered.
synth_design completed successfully
synth_design: Time (s): cpu = 00:00:33 ; elapsed = 00:00:34 . Memory (MB): peak = 1652.301 ; gain = 1148.102
Write ShapeDB Complete: Time (s): cpu = 00:00:00 ; elapsed = 00:00:00.008 . Memory (MB): peak = 1652.301 ; gain = 0.000
INFO: [Common 17-1381] The checkpoint 'F:/repos/pynq_butterfly/vivado/poly_mul4096_axis_synth/poly_mul4096_axis_synth.runs/synth_1/poly_mul4096_axis_core.dcp' has been generated.
INFO: [Vivado 12-24828] Executing command : report_utilization -file poly_mul4096_axis_core_utilization_synth.rpt -pb poly_mul4096_axis_core_utilization_synth.pb
INFO: [Common 17-206] Exiting Vivado at Sun Jul 19 12:15:59 2026...
