Copyright 1986-2022 Xilinx, Inc. All Rights Reserved. Copyright 2022-2024 Advanced Micro Devices, Inc. All Rights Reserved.
---------------------------------------------------------------------------------------------------------------------------------------------
| Tool Version : Vivado v.2024.1 (win64) Build 5076996 Wed May 22 18:37:14 MDT 2024
| Date         : Sun Jul 19 00:37:27 2026
| Host         : DESKTOP-63734QH running 64-bit major release  (build 9200)
| Command      : report_timing_summary -file F:/repos/pynq_butterfly/reports/pynq_poly_mul256/pynq_poly_mul256_timing.rpt
| Design       : design_1_wrapper
| Device       : 7z020-clg400
| Speed File   : -1  PRODUCTION 1.12 2019-11-22
| Design State : Routed
---------------------------------------------------------------------------------------------------------------------------------------------

Timing Summary Report

------------------------------------------------------------------------------------------------
| Timer Settings
| --------------
------------------------------------------------------------------------------------------------

  Enable Multi Corner Analysis               :  Yes
  Enable Pessimism Removal                   :  Yes
  Pessimism Removal Resolution               :  Nearest Common Node
  Enable Input Delay Default Clock           :  No
  Enable Preset / Clear Arcs                 :  No
  Disable Flight Delays                      :  No
  Ignore I/O Paths                           :  No
  Timing Early Launch at Borrowing Latches   :  No
  Borrow Time for Max Delay Exceptions       :  Yes
  Merge Timing Exceptions                    :  Yes
  Inter-SLR Compensation                     :  Conservative

  Corner  Analyze    Analyze    
  Name    Max Paths  Min Paths  
  ------  ---------  ---------  
  Slow    Yes        Yes        
  Fast    Yes        Yes        


------------------------------------------------------------------------------------------------
| Report Methodology
| ------------------
------------------------------------------------------------------------------------------------

Rule       Severity          Description                                         Violations  
---------  ----------------  --------------------------------------------------  ----------  
TIMING-4   Critical Warning  Invalid primary clock redefinition on a clock tree  1           
TIMING-6   Critical Warning  No common primary clock between related clocks      2           
TIMING-7   Critical Warning  No common node between related clocks               2           
TIMING-27  Critical Warning  Invalid primary clock on hierarchical pin           1           

Note: This report is based on the most recent report_methodology run and may not be up-to-date. Run report_methodology on the current design for the latest report.



check_timing report

Table of Contents
-----------------
1. checking no_clock (0)
2. checking constant_clock (0)
3. checking pulse_width_clock (0)
4. checking unconstrained_internal_endpoints (0)
5. checking no_input_delay (0)
6. checking no_output_delay (0)
7. checking multiple_clock (0)
8. checking generated_clocks (0)
9. checking loops (0)
10. checking partial_input_delay (0)
11. checking partial_output_delay (0)
12. checking latch_loops (0)

1. checking no_clock (0)
------------------------
 There are 0 register/latch pins with no clock.


2. checking constant_clock (0)
------------------------------
 There are 0 register/latch pins with constant_clock.


3. checking pulse_width_clock (0)
---------------------------------
 There are 0 register/latch pins which need pulse_width check


4. checking unconstrained_internal_endpoints (0)
------------------------------------------------
 There are 0 pins that are not constrained for maximum delay.

 There are 0 pins that are not constrained for maximum delay due to constant clock.


5. checking no_input_delay (0)
------------------------------
 There are 0 input ports with no input delay specified.

 There are 0 input ports with no input delay but user has a false path constraint.


6. checking no_output_delay (0)
-------------------------------
 There are 0 ports with no output delay specified.

 There are 0 ports with no output delay but user has a false path constraint

 There are 0 ports with no output delay but with a timing clock defined on it or propagating through it


7. checking multiple_clock (0)
------------------------------
 There are 0 register/latch pins with multiple clocks.


8. checking generated_clocks (0)
--------------------------------
 There are 0 generated clocks that are not connected to a clock source.


9. checking loops (0)
---------------------
 There are 0 combinational loops in the design.


10. checking partial_input_delay (0)
------------------------------------
 There are 0 input ports with partial input delay specified.


11. checking partial_output_delay (0)
-------------------------------------
 There are 0 ports with partial output delay specified.


12. checking latch_loops (0)
----------------------------
 There are 0 combinational latch loops in the design through latch input



------------------------------------------------------------------------------------------------
| Design Timing Summary
| ---------------------
------------------------------------------------------------------------------------------------

    WNS(ns)      TNS(ns)  TNS Failing Endpoints  TNS Total Endpoints      WHS(ns)      THS(ns)  THS Failing Endpoints  THS Total Endpoints     WPWS(ns)     TPWS(ns)  TPWS Failing Endpoints  TPWS Total Endpoints  
    -------      -------  ---------------------  -------------------      -------      -------  ---------------------  -------------------     --------     --------  ----------------------  --------------------  
      0.928        0.000                      0                18130        0.055        0.000                      0                18130        3.750        0.000                       0                  6201  


All user specified timing constraints are met.


------------------------------------------------------------------------------------------------
| Clock Summary
| -------------
------------------------------------------------------------------------------------------------

Clock       Waveform(ns)       Period(ns)      Frequency(MHz)
-----       ------------       ----------      --------------
S_AXI_ACLK  {0.000 5.000}      10.000          100.000         
clk_fpga_0  {0.000 5.000}      10.000          100.000         


------------------------------------------------------------------------------------------------
| Intra Clock Table
| -----------------
------------------------------------------------------------------------------------------------

Clock             WNS(ns)      TNS(ns)  TNS Failing Endpoints  TNS Total Endpoints      WHS(ns)      THS(ns)  THS Failing Endpoints  THS Total Endpoints     WPWS(ns)     TPWS(ns)  TPWS Failing Endpoints  TPWS Total Endpoints  
-----             -------      -------  ---------------------  -------------------      -------      -------  ---------------------  -------------------     --------     --------  ----------------------  --------------------  
S_AXI_ACLK          2.711        0.000                      0                 3802        0.055        0.000                      0                 3802        4.500        0.000                       0                  1388  
clk_fpga_0          0.928        0.000                      0                13420        0.079        0.000                      0                13420        3.750        0.000                       0                  4813  


------------------------------------------------------------------------------------------------
| Inter Clock Table
| -----------------
------------------------------------------------------------------------------------------------

From Clock    To Clock          WNS(ns)      TNS(ns)  TNS Failing Endpoints  TNS Total Endpoints      WHS(ns)      THS(ns)  THS Failing Endpoints  THS Total Endpoints  
----------    --------          -------      -------  ---------------------  -------------------      -------      -------  ---------------------  -------------------  
clk_fpga_0    S_AXI_ACLK          1.490        0.000                      0                 1549        0.409        0.000                      0                 1549  
S_AXI_ACLK    clk_fpga_0          5.617        0.000                      0                   79        0.055        0.000                      0                   79  


------------------------------------------------------------------------------------------------
| Other Path Groups Table
| -----------------------
------------------------------------------------------------------------------------------------

Path Group    From Clock    To Clock          WNS(ns)      TNS(ns)  TNS Failing Endpoints  TNS Total Endpoints      WHS(ns)      THS(ns)  THS Failing Endpoints  THS Total Endpoints  
----------    ----------    --------          -------      -------  ---------------------  -------------------      -------      -------  ---------------------  -------------------  


------------------------------------------------------------------------------------------------
| Timing Details
| --------------
------------------------------------------------------------------------------------------------


---------------------------------------------------------------------------------------------------
From Clock:  S_AXI_ACLK
  To Clock:  S_AXI_ACLK

Setup :            0  Failing Endpoints,  Worst Slack        2.711ns,  Total Violation        0.000ns
Hold  :            0  Failing Endpoints,  Worst Slack        0.055ns,  Total Violation        0.000ns
PW    :            0  Failing Endpoints,  Worst Slack        4.500ns,  Total Violation        0.000ns
---------------------------------------------------------------------------------------------------


Max Delay Paths
--------------------------------------------------------------------------------------
Slack (MET) :             2.711ns  (required time - arrival time)
  Source:                 design_1_i/poly_mul256_0/inst/polynomial_multiplier/inverse_engine/postprocess_multiplier/acc_reg[0]/C
                            (rising edge-triggered cell FDRE clocked by S_AXI_ACLK  {rise@0.000ns fall@5.000ns period=10.000ns})
  Destination:            design_1_i/poly_mul256_0/inst/polynomial_multiplier/inverse_engine/postprocess_multiplier/result_reg[4]/D
                            (rising edge-triggered cell FDRE clocked by S_AXI_ACLK  {rise@0.000ns fall@5.000ns period=10.000ns})
  Path Group:             S_AXI_ACLK
  Path Type:              Setup (Max at Slow Process Corner)
  Requirement:            10.000ns  (S_AXI_ACLK rise@10.000ns - S_AXI_ACLK rise@0.000ns)
  Data Path Delay:        6.905ns  (logic 3.359ns (48.648%)  route 3.546ns (51.352%))
  Logic Levels:           13  (CARRY4=10 LUT2=1 LUT3=1 LUT5=1)
  Clock Path Skew:        -0.268ns (DCD - SCD + CPR)
    Destination Clock Delay (DCD):    1.480ns = ( 11.480 - 10.000 ) 
    Source Clock Delay      (SCD):    1.748ns
    Clock Pessimism Removal (CPR):    0.000ns
  Clock Uncertainty:      0.035ns  ((TSJ^2 + TIJ^2)^1/2 + DJ) / 2 + PE
    Total System Jitter     (TSJ):    0.071ns
    Total Input Jitter      (TIJ):    0.000ns
    Discrete Jitter          (DJ):    0.000ns
    Phase Error              (PE):    0.000ns

    Location             Delay type                Incr(ns)  Path(ns)    Netlist Resource(s)
  -------------------------------------------------------------------    -------------------
                         (clock S_AXI_ACLK rise edge)
                                                      0.000     0.000 r  
    BUFGCTRL_X0Y16       BUFG                         0.000     0.000 r  design_1_i/processing_system7_0/inst/buffer_fclk_clk_0.FCLK_CLK_0_BUFG/O
                         net (fo=6201, routed)        1.748     1.748    design_1_i/poly_mul256_0/inst/polynomial_multiplier/inverse_engine/postprocess_multiplier/S_AXI_ACLK
    SLICE_X29Y49         FDRE                                         r  design_1_i/poly_mul256_0/inst/polynomial_multiplier/inverse_engine/postprocess_multiplier/acc_reg[0]/C
  -------------------------------------------------------------------    -------------------
    SLICE_X29Y49         FDRE (Prop_fdre_C_Q)         0.456     2.204 r  design_1_i/poly_mul256_0/inst/polynomial_multiplier/inverse_engine/postprocess_multiplier/acc_reg[0]/Q
                         net (fo=3, routed)           0.860     3.064    design_1_i/poly_mul256_0/inst/polynomial_multiplier/inverse_engine/postprocess_multiplier/acc[0]
    SLICE_X28Y49         LUT2 (Prop_lut2_I0_O)        0.124     3.188 r  design_1_i/poly_mul256_0/inst/polynomial_multiplier/inverse_engine/postprocess_multiplier/acc[3]_i_7/O
                         net (fo=1, routed)           0.000     3.188    design_1_i/poly_mul256_0/inst/polynomial_multiplier/inverse_engine/postprocess_multiplier/acc[3]_i_7_n_0
    SLICE_X28Y49         CARRY4 (Prop_carry4_S[0]_CO[3])
                                                      0.532     3.720 r  design_1_i/poly_mul256_0/inst/polynomial_multiplier/inverse_engine/postprocess_multiplier/acc_reg[3]_i_2__2/CO[3]
                         net (fo=1, routed)           0.001     3.721    design_1_i/poly_mul256_0/inst/polynomial_multiplier/inverse_engine/postprocess_multiplier/acc_reg[3]_i_2__2_n_0
    SLICE_X28Y50         CARRY4 (Prop_carry4_CI_CO[3])
                                                      0.114     3.835 r  design_1_i/poly_mul256_0/inst/polynomial_multiplier/inverse_engine/postprocess_multiplier/acc_reg[7]_i_2__2/CO[3]
                         net (fo=1, routed)           0.000     3.835    design_1_i/poly_mul256_0/inst/polynomial_multiplier/inverse_engine/postprocess_multiplier/acc_reg[7]_i_2__2_n_0
    SLICE_X28Y51         CARRY4 (Prop_carry4_CI_CO[3])
                                                      0.114     3.949 r  design_1_i/poly_mul256_0/inst/polynomial_multiplier/inverse_engine/postprocess_multiplier/acc_reg[11]_i_2__2/CO[3]
                         net (fo=1, routed)           0.000     3.949    design_1_i/poly_mul256_0/inst/polynomial_multiplier/inverse_engine/postprocess_multiplier/acc_reg[11]_i_2__2_n_0
    SLICE_X28Y52         CARRY4 (Prop_carry4_CI_CO[3])
                                                      0.114     4.063 r  design_1_i/poly_mul256_0/inst/polynomial_multiplier/inverse_engine/postprocess_multiplier/acc_reg[15]_i_2__2/CO[3]
                         net (fo=1, routed)           0.000     4.063    design_1_i/poly_mul256_0/inst/polynomial_multiplier/inverse_engine/postprocess_multiplier/acc_reg[15]_i_2__2_n_0
    SLICE_X28Y53         CARRY4 (Prop_carry4_CI_CO[3])
                                                      0.114     4.177 r  design_1_i/poly_mul256_0/inst/polynomial_multiplier/inverse_engine/postprocess_multiplier/acc_reg[19]_i_2__2/CO[3]
                         net (fo=1, routed)           0.000     4.177    design_1_i/poly_mul256_0/inst/polynomial_multiplier/inverse_engine/postprocess_multiplier/acc_reg[19]_i_2__2_n_0
    SLICE_X28Y54         CARRY4 (Prop_carry4_CI_CO[3])
                                                      0.114     4.291 r  design_1_i/poly_mul256_0/inst/polynomial_multiplier/inverse_engine/postprocess_multiplier/acc_reg[23]_i_2__2/CO[3]
                         net (fo=1, routed)           0.000     4.291    design_1_i/poly_mul256_0/inst/polynomial_multiplier/inverse_engine/postprocess_multiplier/acc_reg[23]_i_2__2_n_0
    SLICE_X28Y55         CARRY4 (Prop_carry4_CI_CO[3])
                                                      0.114     4.405 r  design_1_i/poly_mul256_0/inst/polynomial_multiplier/inverse_engine/postprocess_multiplier/acc_reg[27]_i_2__2/CO[3]
                         net (fo=1, routed)           0.000     4.405    design_1_i/poly_mul256_0/inst/polynomial_multiplier/inverse_engine/postprocess_multiplier/acc_reg[27]_i_2__2_n_0
    SLICE_X28Y56         CARRY4 (Prop_carry4_CI_O[0])
                                                      0.222     4.627 r  design_1_i/poly_mul256_0/inst/polynomial_multiplier/inverse_engine/postprocess_multiplier/acc_reg[31]_i_3__2/O[0]
                         net (fo=5, routed)           0.899     5.526    design_1_i/poly_mul256_0/inst/polynomial_multiplier/inverse_engine/postprocess_multiplier/acc_reg[31]_i_3__2_n_7
    SLICE_X27Y54         LUT3 (Prop_lut3_I1_O)        0.299     5.825 r  design_1_i/poly_mul256_0/inst/polynomial_multiplier/inverse_engine/postprocess_multiplier/reduced_acc_ext1_carry__2_i_6__2/O
                         net (fo=1, routed)           0.000     5.825    design_1_i/poly_mul256_0/inst/polynomial_multiplier/inverse_engine/postprocess_multiplier/reduced_acc_ext1_carry__2_i_6__2_n_0
    SLICE_X27Y54         CARRY4 (Prop_carry4_S[2]_CO[3])
                                                      0.398     6.223 r  design_1_i/poly_mul256_0/inst/polynomial_multiplier/inverse_engine/postprocess_multiplier/reduced_acc_ext1_carry__2/CO[3]
                         net (fo=1, routed)           0.000     6.223    design_1_i/poly_mul256_0/inst/polynomial_multiplier/inverse_engine/postprocess_multiplier/reduced_acc_ext1_carry__2_n_0
    SLICE_X27Y55         CARRY4 (Prop_carry4_CI_CO[0])
                                                      0.271     6.494 r  design_1_i/poly_mul256_0/inst/polynomial_multiplier/inverse_engine/postprocess_multiplier/reduced_acc_ext1_carry__3/CO[0]
                         net (fo=32, routed)          1.168     7.661    design_1_i/poly_mul256_0/inst/polynomial_multiplier/inverse_engine/postprocess_multiplier/reduced_acc_ext1_carry__3_n_3
    SLICE_X31Y50         LUT5 (Prop_lut5_I3_O)        0.373     8.034 r  design_1_i/poly_mul256_0/inst/polynomial_multiplier/inverse_engine/postprocess_multiplier/acc[4]_i_1__1/O
                         net (fo=2, routed)           0.618     8.653    design_1_i/poly_mul256_0/inst/polynomial_multiplier/inverse_engine/postprocess_multiplier/next_acc[4]
    SLICE_X33Y50         FDRE                                         r  design_1_i/poly_mul256_0/inst/polynomial_multiplier/inverse_engine/postprocess_multiplier/result_reg[4]/D
  -------------------------------------------------------------------    -------------------

                         (clock S_AXI_ACLK rise edge)
                                                     10.000    10.000 r  
    BUFGCTRL_X0Y16       BUFG                         0.000    10.000 r  design_1_i/processing_system7_0/inst/buffer_fclk_clk_0.FCLK_CLK_0_BUFG/O
                         net (fo=6201, routed)        1.480    11.480    design_1_i/poly_mul256_0/inst/polynomial_multiplier/inverse_engine/postprocess_multiplier/S_AXI_ACLK
    SLICE_X33Y50         FDRE                                         r  design_1_i/poly_mul256_0/inst/polynomial_multiplier/inverse_engine/postprocess_multiplier/result_reg[4]/C
                         clock pessimism              0.000    11.480    
                         clock uncertainty           -0.035    11.444    
    SLICE_X33Y50         FDRE (Setup_fdre_C_D)       -0.081    11.363    design_1_i/poly_mul256_0/inst/polynomial_multiplier/inverse_engine/postprocess_multiplier/result_reg[4]
  -------------------------------------------------------------------
                         required time                         11.363    
                         arrival time                          -8.653    
  -------------------------------------------------------------------
                         slack                                  2.711    





Min Delay Paths
--------------------------------------------------------------------------------------
Slack (MET) :             0.055ns  (arrival time - required time)
  Source:                 design_1_i/poly_mul256_0/inst/wdata_hold_reg[10]/C
                            (rising edge-triggered cell FDRE clocked by S_AXI_ACLK  {rise@0.000ns fall@5.000ns period=10.000ns})
  Destination:            design_1_i/poly_mul256_0/inst/core_load_data_reg[10]/D
                            (rising edge-triggered cell FDRE clocked by S_AXI_ACLK  {rise@0.000ns fall@5.000ns period=10.000ns})
  Path Group:             S_AXI_ACLK
  Path Type:              Hold (Min at Fast Process Corner)
  Requirement:            0.000ns  (S_AXI_ACLK rise@0.000ns - S_AXI_ACLK rise@0.000ns)
  Data Path Delay:        0.394ns  (logic 0.141ns (35.768%)  route 0.253ns (64.232%))
  Logic Levels:           0  
  Clock Path Skew:        0.273ns (DCD - SCD - CPR)
    Destination Clock Delay (DCD):    0.829ns
    Source Clock Delay      (SCD):    0.556ns
    Clock Pessimism Removal (CPR):    -0.000ns

    Location             Delay type                Incr(ns)  Path(ns)    Netlist Resource(s)
  -------------------------------------------------------------------    -------------------
                         (clock S_AXI_ACLK rise edge)
                                                      0.000     0.000 r  
    BUFGCTRL_X0Y16       BUFG                         0.000     0.000 r  design_1_i/processing_system7_0/inst/buffer_fclk_clk_0.FCLK_CLK_0_BUFG/O
                         net (fo=6201, routed)        0.556     0.556    design_1_i/poly_mul256_0/inst/S_AXI_ACLK
    SLICE_X37Y53         FDRE                                         r  design_1_i/poly_mul256_0/inst/wdata_hold_reg[10]/C
  -------------------------------------------------------------------    -------------------
    SLICE_X37Y53         FDRE (Prop_fdre_C_Q)         0.141     0.697 r  design_1_i/poly_mul256_0/inst/wdata_hold_reg[10]/Q
                         net (fo=1, routed)           0.253     0.950    design_1_i/poly_mul256_0/inst/wdata_hold_reg_n_0_[10]
    SLICE_X37Y45         FDRE                                         r  design_1_i/poly_mul256_0/inst/core_load_data_reg[10]/D
  -------------------------------------------------------------------    -------------------

                         (clock S_AXI_ACLK rise edge)
                                                      0.000     0.000 r  
    BUFGCTRL_X0Y16       BUFG                         0.000     0.000 r  design_1_i/processing_system7_0/inst/buffer_fclk_clk_0.FCLK_CLK_0_BUFG/O
                         net (fo=6201, routed)        0.829     0.829    design_1_i/poly_mul256_0/inst/S_AXI_ACLK
    SLICE_X37Y45         FDRE                                         r  design_1_i/poly_mul256_0/inst/core_load_data_reg[10]/C
                         clock pessimism              0.000     0.829    
    SLICE_X37Y45         FDRE (Hold_fdre_C_D)         0.066     0.895    design_1_i/poly_mul256_0/inst/core_load_data_reg[10]
  -------------------------------------------------------------------
                         required time                         -0.895    
                         arrival time                           0.950    
  -------------------------------------------------------------------
                         slack                                  0.055    





Pulse Width Checks
--------------------------------------------------------------------------------------
Clock Name:         S_AXI_ACLK
Waveform(ns):       { 0.000 5.000 }
Period(ns):         10.000
Sources:            { design_1_i/poly_mul256_0/inst/S_AXI_ACLK }

Check Type        Corner  Lib Pin             Reference Pin  Required(ns)  Actual(ns)  Slack(ns)  Location      Pin
Min Period        n/a     RAMB36E1/CLKARDCLK  n/a            2.944         10.000      7.056      RAMB36_X2Y5   design_1_i/poly_mul256_0/inst/polynomial_multiplier/forward_engine/cyclic_ntt/coefficient_memory/memory_reg/CLKARDCLK
Low Pulse Width   Slow    FDRE/C              n/a            0.500         5.000       4.500      SLICE_X36Y54  design_1_i/poly_mul256_0/inst/S_AXI_BRESP_reg[1]/C
High Pulse Width  Slow    FDRE/C              n/a            0.500         5.000       4.500      SLICE_X36Y54  design_1_i/poly_mul256_0/inst/S_AXI_BRESP_reg[1]/C



---------------------------------------------------------------------------------------------------
From Clock:  clk_fpga_0
  To Clock:  clk_fpga_0

Setup :            0  Failing Endpoints,  Worst Slack        0.928ns,  Total Violation        0.000ns
Hold  :            0  Failing Endpoints,  Worst Slack        0.079ns,  Total Violation        0.000ns
PW    :            0  Failing Endpoints,  Worst Slack        3.750ns,  Total Violation        0.000ns
---------------------------------------------------------------------------------------------------


Max Delay Paths
--------------------------------------------------------------------------------------
Slack (MET) :             0.928ns  (required time - arrival time)
  Source:                 design_1_i/rst_ps7_0_100M/U0/ACTIVE_LOW_PR_OUT_DFF[0].FDRE_PER_N/C
                            (rising edge-triggered cell FDRE clocked by clk_fpga_0  {rise@0.000ns fall@5.000ns period=10.000ns})
  Destination:            design_1_i/poly_mul16_0/inst/polynomial_multiplier/inverse_engine/inverse_cyclic_ntt/memory_reg[13][24]/CE
                            (rising edge-triggered cell FDRE clocked by clk_fpga_0  {rise@0.000ns fall@5.000ns period=10.000ns})
  Path Group:             clk_fpga_0
  Path Type:              Setup (Max at Slow Process Corner)
  Requirement:            10.000ns  (clk_fpga_0 rise@10.000ns - clk_fpga_0 rise@0.000ns)
  Data Path Delay:        8.783ns  (logic 0.456ns (5.192%)  route 8.327ns (94.808%))
  Logic Levels:           0  
  Clock Path Skew:        0.070ns (DCD - SCD + CPR)
    Destination Clock Delay (DCD):    2.888ns = ( 12.888 - 10.000 ) 
    Source Clock Delay      (SCD):    2.947ns
    Clock Pessimism Removal (CPR):    0.129ns
  Clock Uncertainty:      0.154ns  ((TSJ^2 + TIJ^2)^1/2 + DJ) / 2 + PE
    Total System Jitter     (TSJ):    0.071ns
    Total Input Jitter      (TIJ):    0.300ns
    Discrete Jitter          (DJ):    0.000ns
    Phase Error              (PE):    0.000ns

    Location             Delay type                Incr(ns)  Path(ns)    Netlist Resource(s)
  -------------------------------------------------------------------    -------------------
                         (clock clk_fpga_0 rise edge)
                                                      0.000     0.000 r  
    PS7_X0Y0             PS7                          0.000     0.000 r  design_1_i/processing_system7_0/inst/PS7_i/FCLKCLK[0]
                         net (fo=1, routed)           1.193     1.193    design_1_i/processing_system7_0/inst/FCLK_CLK_unbuffered[0]
    BUFGCTRL_X0Y16       BUFG (Prop_bufg_I_O)         0.101     1.294 r  design_1_i/processing_system7_0/inst/buffer_fclk_clk_0.FCLK_CLK_0_BUFG/O
                         net (fo=6201, routed)        1.653     2.947    design_1_i/rst_ps7_0_100M/U0/slowest_sync_clk
    SLICE_X39Y50         FDRE                                         r  design_1_i/rst_ps7_0_100M/U0/ACTIVE_LOW_PR_OUT_DFF[0].FDRE_PER_N/C
  -------------------------------------------------------------------    -------------------
    SLICE_X39Y50         FDRE (Prop_fdre_C_Q)         0.456     3.403 r  design_1_i/rst_ps7_0_100M/U0/ACTIVE_LOW_PR_OUT_DFF[0].FDRE_PER_N/Q
                         net (fo=1134, routed)        8.327    11.730    design_1_i/poly_mul16_0/inst/polynomial_multiplier/inverse_engine/inverse_cyclic_ntt/S_AXI_ARESETN
    SLICE_X59Y139        FDRE                                         r  design_1_i/poly_mul16_0/inst/polynomial_multiplier/inverse_engine/inverse_cyclic_ntt/memory_reg[13][24]/CE
  -------------------------------------------------------------------    -------------------

                         (clock clk_fpga_0 rise edge)
                                                     10.000    10.000 r  
    PS7_X0Y0             PS7                          0.000    10.000 r  design_1_i/processing_system7_0/inst/PS7_i/FCLKCLK[0]
                         net (fo=1, routed)           1.088    11.088    design_1_i/processing_system7_0/inst/FCLK_CLK_unbuffered[0]
    BUFGCTRL_X0Y16       BUFG (Prop_bufg_I_O)         0.091    11.179 r  design_1_i/processing_system7_0/inst/buffer_fclk_clk_0.FCLK_CLK_0_BUFG/O
                         net (fo=6201, routed)        1.709    12.888    design_1_i/poly_mul16_0/inst/polynomial_multiplier/inverse_engine/inverse_cyclic_ntt/S_AXI_ACLK
    SLICE_X59Y139        FDRE                                         r  design_1_i/poly_mul16_0/inst/polynomial_multiplier/inverse_engine/inverse_cyclic_ntt/memory_reg[13][24]/C
                         clock pessimism              0.129    13.017    
                         clock uncertainty           -0.154    12.863    
    SLICE_X59Y139        FDRE (Setup_fdre_C_CE)      -0.205    12.658    design_1_i/poly_mul16_0/inst/polynomial_multiplier/inverse_engine/inverse_cyclic_ntt/memory_reg[13][24]
  -------------------------------------------------------------------
                         required time                         12.658    
                         arrival time                         -11.730    
  -------------------------------------------------------------------
                         slack                                  0.928    





Min Delay Paths
--------------------------------------------------------------------------------------
Slack (MET) :             0.079ns  (arrival time - required time)
  Source:                 design_1_i/poly_mul16_0/inst/polynomial_multiplier/pointwise_engine/multiplier/result_reg[18]/C
                            (rising edge-triggered cell FDRE clocked by clk_fpga_0  {rise@0.000ns fall@5.000ns period=10.000ns})
  Destination:            design_1_i/poly_mul16_0/inst/polynomial_multiplier/pointwise_engine/output_memory_reg_0_15_18_23/RAMA/I
                            (rising edge-triggered cell RAMD32 clocked by clk_fpga_0  {rise@0.000ns fall@5.000ns period=10.000ns})
  Path Group:             clk_fpga_0
  Path Type:              Hold (Min at Fast Process Corner)
  Requirement:            0.000ns  (clk_fpga_0 rise@0.000ns - clk_fpga_0 rise@0.000ns)
  Data Path Delay:        0.260ns  (logic 0.141ns (54.228%)  route 0.119ns (45.773%))
  Logic Levels:           0  
  Clock Path Skew:        0.034ns (DCD - SCD - CPR)
    Destination Clock Delay (DCD):    1.297ns
    Source Clock Delay      (SCD):    0.995ns
    Clock Pessimism Removal (CPR):    0.268ns

    Location             Delay type                Incr(ns)  Path(ns)    Netlist Resource(s)
  -------------------------------------------------------------------    -------------------
                         (clock clk_fpga_0 rise edge)
                                                      0.000     0.000 r  
    PS7_X0Y0             PS7                          0.000     0.000 r  design_1_i/processing_system7_0/inst/PS7_i/FCLKCLK[0]
                         net (fo=1, routed)           0.310     0.310    design_1_i/processing_system7_0/inst/FCLK_CLK_unbuffered[0]
    BUFGCTRL_X0Y16       BUFG (Prop_bufg_I_O)         0.026     0.336 r  design_1_i/processing_system7_0/inst/buffer_fclk_clk_0.FCLK_CLK_0_BUFG/O
                         net (fo=6201, routed)        0.659     0.995    design_1_i/poly_mul16_0/inst/polynomial_multiplier/pointwise_engine/multiplier/S_AXI_ACLK
    SLICE_X60Y111        FDRE                                         r  design_1_i/poly_mul16_0/inst/polynomial_multiplier/pointwise_engine/multiplier/result_reg[18]/C
  -------------------------------------------------------------------    -------------------
    SLICE_X60Y111        FDRE (Prop_fdre_C_Q)         0.141     1.136 r  design_1_i/poly_mul16_0/inst/polynomial_multiplier/pointwise_engine/multiplier/result_reg[18]/Q
                         net (fo=1, routed)           0.119     1.255    design_1_i/poly_mul16_0/inst/polynomial_multiplier/pointwise_engine/output_memory_reg_0_15_18_23/DIA0
    SLICE_X58Y111        RAMD32                                       r  design_1_i/poly_mul16_0/inst/polynomial_multiplier/pointwise_engine/output_memory_reg_0_15_18_23/RAMA/I
  -------------------------------------------------------------------    -------------------

                         (clock clk_fpga_0 rise edge)
                                                      0.000     0.000 r  
    PS7_X0Y0             PS7                          0.000     0.000 r  design_1_i/processing_system7_0/inst/PS7_i/FCLKCLK[0]
                         net (fo=1, routed)           0.337     0.337    design_1_i/processing_system7_0/inst/FCLK_CLK_unbuffered[0]
    BUFGCTRL_X0Y16       BUFG (Prop_bufg_I_O)         0.029     0.366 r  design_1_i/processing_system7_0/inst/buffer_fclk_clk_0.FCLK_CLK_0_BUFG/O
                         net (fo=6201, routed)        0.931     1.297    design_1_i/poly_mul16_0/inst/polynomial_multiplier/pointwise_engine/output_memory_reg_0_15_18_23/WCLK
    SLICE_X58Y111        RAMD32                                       r  design_1_i/poly_mul16_0/inst/polynomial_multiplier/pointwise_engine/output_memory_reg_0_15_18_23/RAMA/CLK
                         clock pessimism             -0.268     1.029    
    SLICE_X58Y111        RAMD32 (Hold_ramd32_CLK_I)
                                                      0.147     1.176    design_1_i/poly_mul16_0/inst/polynomial_multiplier/pointwise_engine/output_memory_reg_0_15_18_23/RAMA
  -------------------------------------------------------------------
                         required time                         -1.176    
                         arrival time                           1.255    
  -------------------------------------------------------------------
                         slack                                  0.079    





Pulse Width Checks
--------------------------------------------------------------------------------------
Clock Name:         clk_fpga_0
Waveform(ns):       { 0.000 5.000 }
Period(ns):         10.000
Sources:            { design_1_i/processing_system7_0/inst/PS7_i/FCLKCLK[0] }

Check Type        Corner  Lib Pin     Reference Pin  Required(ns)  Actual(ns)  Slack(ns)  Location        Pin
Min Period        n/a     BUFG/I      n/a            2.155         10.000      7.845      BUFGCTRL_X0Y16  design_1_i/processing_system7_0/inst/buffer_fclk_clk_0.FCLK_CLK_0_BUFG/I
Low Pulse Width   Slow    RAMD32/CLK  n/a            1.250         5.000       3.750      SLICE_X54Y74    design_1_i/poly_mul16_0/inst/polynomial_multiplier/forward_engine/input_memory_reg_0_15_0_5/RAMA/CLK
High Pulse Width  Slow    RAMD32/CLK  n/a            1.250         5.000       3.750      SLICE_X54Y74    design_1_i/poly_mul16_0/inst/polynomial_multiplier/forward_engine/input_memory_reg_0_15_0_5/RAMA/CLK



---------------------------------------------------------------------------------------------------
From Clock:  clk_fpga_0
  To Clock:  S_AXI_ACLK

Setup :            0  Failing Endpoints,  Worst Slack        1.490ns,  Total Violation        0.000ns
Hold  :            0  Failing Endpoints,  Worst Slack        0.409ns,  Total Violation        0.000ns
---------------------------------------------------------------------------------------------------


Max Delay Paths
--------------------------------------------------------------------------------------
Slack (MET) :             1.490ns  (required time - arrival time)
  Source:                 design_1_i/rst_ps7_0_100M/U0/ACTIVE_LOW_PR_OUT_DFF[0].FDRE_PER_N/C
                            (rising edge-triggered cell FDRE clocked by clk_fpga_0  {rise@0.000ns fall@5.000ns period=10.000ns})
  Destination:            design_1_i/poly_mul256_0/inst/polynomial_multiplier/pointwise_engine/multiplier/acc_reg[16]/R
                            (rising edge-triggered cell FDRE clocked by S_AXI_ACLK  {rise@0.000ns fall@5.000ns period=10.000ns})
  Path Group:             S_AXI_ACLK
  Path Type:              Setup (Max at Slow Process Corner)
  Requirement:            10.000ns  (S_AXI_ACLK rise@10.000ns - clk_fpga_0 rise@0.000ns)
  Data Path Delay:        6.457ns  (logic 0.580ns (8.982%)  route 5.877ns (91.018%))
  Logic Levels:           1  (LUT5=1)
  Clock Path Skew:        -1.375ns (DCD - SCD + CPR)
    Destination Clock Delay (DCD):    1.572ns = ( 11.572 - 10.000 ) 
    Source Clock Delay      (SCD):    2.947ns
    Clock Pessimism Removal (CPR):    0.000ns
  Clock Uncertainty:      0.154ns  ((TSJ^2 + TIJ^2)^1/2 + DJ) / 2 + PE
    Total System Jitter     (TSJ):    0.071ns
    Total Input Jitter      (TIJ):    0.300ns
    Discrete Jitter          (DJ):    0.000ns
    Phase Error              (PE):    0.000ns
  Clock Domain Crossing:  Inter clock paths are considered valid unless explicitly excluded by timing constraints such as set_clock_groups or set_false_path.

    Location             Delay type                Incr(ns)  Path(ns)    Netlist Resource(s)
  -------------------------------------------------------------------    -------------------
                         (clock clk_fpga_0 rise edge)
                                                      0.000     0.000 r  
    PS7_X0Y0             PS7                          0.000     0.000 r  design_1_i/processing_system7_0/inst/PS7_i/FCLKCLK[0]
                         net (fo=1, routed)           1.193     1.193    design_1_i/processing_system7_0/inst/FCLK_CLK_unbuffered[0]
    BUFGCTRL_X0Y16       BUFG (Prop_bufg_I_O)         0.101     1.294 r  design_1_i/processing_system7_0/inst/buffer_fclk_clk_0.FCLK_CLK_0_BUFG/O
                         net (fo=6201, routed)        1.653     2.947    design_1_i/rst_ps7_0_100M/U0/slowest_sync_clk
    SLICE_X39Y50         FDRE                                         r  design_1_i/rst_ps7_0_100M/U0/ACTIVE_LOW_PR_OUT_DFF[0].FDRE_PER_N/C
  -------------------------------------------------------------------    -------------------
    SLICE_X39Y50         FDRE (Prop_fdre_C_Q)         0.456     3.403 f  design_1_i/rst_ps7_0_100M/U0/ACTIVE_LOW_PR_OUT_DFF[0].FDRE_PER_N/Q
                         net (fo=1134, routed)        3.612     7.015    design_1_i/poly_mul256_0/inst/polynomial_multiplier/pointwise_engine/multiplier/S_AXI_ARESETN
    SLICE_X25Y23         LUT5 (Prop_lut5_I4_O)        0.124     7.139 r  design_1_i/poly_mul256_0/inst/polynomial_multiplier/pointwise_engine/multiplier/acc[31]_i_1__3/O
                         net (fo=70, routed)          2.265     9.404    design_1_i/poly_mul256_0/inst/polynomial_multiplier/pointwise_engine/multiplier/acc[31]_i_1__3_n_0
    SLICE_X22Y34         FDRE                                         r  design_1_i/poly_mul256_0/inst/polynomial_multiplier/pointwise_engine/multiplier/acc_reg[16]/R
  -------------------------------------------------------------------    -------------------

                         (clock S_AXI_ACLK rise edge)
                                                     10.000    10.000 r  
    BUFGCTRL_X0Y16       BUFG                         0.000    10.000 r  design_1_i/processing_system7_0/inst/buffer_fclk_clk_0.FCLK_CLK_0_BUFG/O
                         net (fo=6201, routed)        1.572    11.572    design_1_i/poly_mul256_0/inst/polynomial_multiplier/pointwise_engine/multiplier/S_AXI_ACLK
    SLICE_X22Y34         FDRE                                         r  design_1_i/poly_mul256_0/inst/polynomial_multiplier/pointwise_engine/multiplier/acc_reg[16]/C
                         clock pessimism              0.000    11.572    
                         clock uncertainty           -0.154    11.418    
    SLICE_X22Y34         FDRE (Setup_fdre_C_R)       -0.524    10.894    design_1_i/poly_mul256_0/inst/polynomial_multiplier/pointwise_engine/multiplier/acc_reg[16]
  -------------------------------------------------------------------
                         required time                         10.894    
                         arrival time                          -9.404    
  -------------------------------------------------------------------
                         slack                                  1.490    





Min Delay Paths
--------------------------------------------------------------------------------------
Slack (MET) :             0.409ns  (arrival time - required time)
  Source:                 design_1_i/rst_ps7_0_100M/U0/ACTIVE_LOW_PR_OUT_DFF[0].FDRE_PER_N/C
                            (rising edge-triggered cell FDRE clocked by clk_fpga_0  {rise@0.000ns fall@5.000ns period=10.000ns})
  Destination:            design_1_i/poly_mul256_0/inst/core_load_bank_reg/D
                            (rising edge-triggered cell FDRE clocked by S_AXI_ACLK  {rise@0.000ns fall@5.000ns period=10.000ns})
  Path Group:             S_AXI_ACLK
  Path Type:              Hold (Min at Fast Process Corner)
  Requirement:            0.000ns  (S_AXI_ACLK rise@0.000ns - clk_fpga_0 rise@0.000ns)
  Data Path Delay:        0.364ns  (logic 0.186ns (51.065%)  route 0.178ns (48.935%))
  Logic Levels:           1  (LUT6=1)
  Clock Path Skew:        -0.320ns (DCD - SCD - CPR)
    Destination Clock Delay (DCD):    0.825ns
    Source Clock Delay      (SCD):    0.893ns
    Clock Pessimism Removal (CPR):    0.252ns
  Clock Uncertainty:      0.154ns  ((TSJ^2 + TIJ^2)^1/2 + DJ) / 2 + PE
    Total System Jitter     (TSJ):    0.071ns
    Total Input Jitter      (TIJ):    0.300ns
    Discrete Jitter          (DJ):    0.000ns
    Phase Error              (PE):    0.000ns
  Clock Domain Crossing:  Inter clock paths are considered valid unless explicitly excluded by timing constraints such as set_clock_groups or set_false_path.

    Location             Delay type                Incr(ns)  Path(ns)    Netlist Resource(s)
  -------------------------------------------------------------------    -------------------
                         (clock clk_fpga_0 rise edge)
                                                      0.000     0.000 r  
    PS7_X0Y0             PS7                          0.000     0.000 r  design_1_i/processing_system7_0/inst/PS7_i/FCLKCLK[0]
                         net (fo=1, routed)           0.310     0.310    design_1_i/processing_system7_0/inst/FCLK_CLK_unbuffered[0]
    BUFGCTRL_X0Y16       BUFG (Prop_bufg_I_O)         0.026     0.336 r  design_1_i/processing_system7_0/inst/buffer_fclk_clk_0.FCLK_CLK_0_BUFG/O
                         net (fo=6201, routed)        0.557     0.893    design_1_i/rst_ps7_0_100M/U0/slowest_sync_clk
    SLICE_X39Y50         FDRE                                         r  design_1_i/rst_ps7_0_100M/U0/ACTIVE_LOW_PR_OUT_DFF[0].FDRE_PER_N/C
  -------------------------------------------------------------------    -------------------
    SLICE_X39Y50         FDRE (Prop_fdre_C_Q)         0.141     1.034 r  design_1_i/rst_ps7_0_100M/U0/ACTIVE_LOW_PR_OUT_DFF[0].FDRE_PER_N/Q
                         net (fo=1134, routed)        0.178     1.212    design_1_i/poly_mul256_0/inst/polynomial_multiplier/S_AXI_ARESETN
    SLICE_X36Y51         LUT6 (Prop_lut6_I0_O)        0.045     1.257 r  design_1_i/poly_mul256_0/inst/polynomial_multiplier/core_load_bank_i_1/O
                         net (fo=1, routed)           0.000     1.257    design_1_i/poly_mul256_0/inst/polynomial_multiplier_n_5
    SLICE_X36Y51         FDRE                                         r  design_1_i/poly_mul256_0/inst/core_load_bank_reg/D
  -------------------------------------------------------------------    -------------------

                         (clock S_AXI_ACLK rise edge)
                                                      0.000     0.000 r  
    BUFGCTRL_X0Y16       BUFG                         0.000     0.000 r  design_1_i/processing_system7_0/inst/buffer_fclk_clk_0.FCLK_CLK_0_BUFG/O
                         net (fo=6201, routed)        0.825     0.825    design_1_i/poly_mul256_0/inst/S_AXI_ACLK
    SLICE_X36Y51         FDRE                                         r  design_1_i/poly_mul256_0/inst/core_load_bank_reg/C
                         clock pessimism             -0.252     0.573    
                         clock uncertainty            0.154     0.727    
    SLICE_X36Y51         FDRE (Hold_fdre_C_D)         0.121     0.848    design_1_i/poly_mul256_0/inst/core_load_bank_reg
  -------------------------------------------------------------------
                         required time                         -0.848    
                         arrival time                           1.257    
  -------------------------------------------------------------------
                         slack                                  0.409    





---------------------------------------------------------------------------------------------------
From Clock:  S_AXI_ACLK
  To Clock:  clk_fpga_0

Setup :            0  Failing Endpoints,  Worst Slack        5.617ns,  Total Violation        0.000ns
Hold  :            0  Failing Endpoints,  Worst Slack        0.055ns,  Total Violation        0.000ns
---------------------------------------------------------------------------------------------------


Max Delay Paths
--------------------------------------------------------------------------------------
Slack (MET) :             5.617ns  (required time - arrival time)
  Source:                 design_1_i/poly_mul256_0/inst/aw_pending_reg/C
                            (rising edge-triggered cell FDRE clocked by S_AXI_ACLK  {rise@0.000ns fall@5.000ns period=10.000ns})
  Destination:            design_1_i/ps7_0_axi_periph/xbar/inst/gen_sasd.crossbar_sasd_0/addr_arbiter_inst/gen_no_arbiter.m_valid_i_reg/D
                            (rising edge-triggered cell FDRE clocked by clk_fpga_0  {rise@0.000ns fall@5.000ns period=10.000ns})
  Path Group:             clk_fpga_0
  Path Type:              Setup (Max at Slow Process Corner)
  Requirement:            10.000ns  (clk_fpga_0 rise@10.000ns - S_AXI_ACLK rise@0.000ns)
  Data Path Delay:        5.124ns  (logic 1.164ns (22.715%)  route 3.960ns (77.285%))
  Logic Levels:           5  (LUT2=1 LUT3=1 LUT6=3)
  Clock Path Skew:        1.128ns (DCD - SCD + CPR)
    Destination Clock Delay (DCD):    2.648ns = ( 12.648 - 10.000 ) 
    Source Clock Delay      (SCD):    1.634ns
    Clock Pessimism Removal (CPR):    0.114ns
  Clock Uncertainty:      0.154ns  ((TSJ^2 + TIJ^2)^1/2 + DJ) / 2 + PE
    Total System Jitter     (TSJ):    0.071ns
    Total Input Jitter      (TIJ):    0.300ns
    Discrete Jitter          (DJ):    0.000ns
    Phase Error              (PE):    0.000ns
  Clock Domain Crossing:  Inter clock paths are considered valid unless explicitly excluded by timing constraints such as set_clock_groups or set_false_path.

    Location             Delay type                Incr(ns)  Path(ns)    Netlist Resource(s)
  -------------------------------------------------------------------    -------------------
                         (clock S_AXI_ACLK rise edge)
                                                      0.000     0.000 r  
    BUFGCTRL_X0Y16       BUFG                         0.000     0.000 r  design_1_i/processing_system7_0/inst/buffer_fclk_clk_0.FCLK_CLK_0_BUFG/O
                         net (fo=6201, routed)        1.634     1.634    design_1_i/poly_mul256_0/inst/S_AXI_ACLK
    SLICE_X36Y76         FDRE                                         r  design_1_i/poly_mul256_0/inst/aw_pending_reg/C
  -------------------------------------------------------------------    -------------------
    SLICE_X36Y76         FDRE (Prop_fdre_C_Q)         0.518     2.152 r  design_1_i/poly_mul256_0/inst/aw_pending_reg/Q
                         net (fo=8, routed)           1.616     3.768    design_1_i/poly_mul256_0/inst/aw_pending
    SLICE_X36Y76         LUT2 (Prop_lut2_I0_O)        0.124     3.892 f  design_1_i/poly_mul256_0/inst/S_AXI_AWREADY_INST_0/O
                         net (fo=1, routed)           0.323     4.216    design_1_i/ps7_0_axi_periph/xbar/inst/gen_sasd.crossbar_sasd_0/splitter_aw/m_axi_awready[3]
    SLICE_X35Y76         LUT6 (Prop_lut6_I0_O)        0.124     4.340 f  design_1_i/ps7_0_axi_periph/xbar/inst/gen_sasd.crossbar_sasd_0/splitter_aw/m_ready_d[2]_i_5/O
                         net (fo=1, routed)           0.406     4.746    design_1_i/ps7_0_axi_periph/xbar/inst/gen_sasd.crossbar_sasd_0/splitter_aw/m_ready_d[2]_i_5_n_0
    SLICE_X35Y78         LUT6 (Prop_lut6_I2_O)        0.124     4.870 r  design_1_i/ps7_0_axi_periph/xbar/inst/gen_sasd.crossbar_sasd_0/splitter_aw/m_ready_d[2]_i_2/O
                         net (fo=3, routed)           0.682     5.552    design_1_i/ps7_0_axi_periph/xbar/inst/gen_sasd.crossbar_sasd_0/addr_arbiter_inst/gen_no_arbiter.m_valid_i_reg_0
    SLICE_X34Y79         LUT6 (Prop_lut6_I1_O)        0.124     5.676 r  design_1_i/ps7_0_axi_periph/xbar/inst/gen_sasd.crossbar_sasd_0/addr_arbiter_inst/gen_no_arbiter.m_grant_hot_i[0]_inv_i_2/O
                         net (fo=2, routed)           0.593     6.269    design_1_i/ps7_0_axi_periph/xbar/inst/gen_sasd.crossbar_sasd_0/addr_arbiter_inst/gen_no_arbiter.m_grant_hot_i[0]_inv_i_2_n_0
    SLICE_X33Y79         LUT3 (Prop_lut3_I2_O)        0.150     6.419 r  design_1_i/ps7_0_axi_periph/xbar/inst/gen_sasd.crossbar_sasd_0/addr_arbiter_inst/gen_no_arbiter.m_valid_i_i_1/O
                         net (fo=1, routed)           0.340     6.758    design_1_i/ps7_0_axi_periph/xbar/inst/gen_sasd.crossbar_sasd_0/addr_arbiter_inst/gen_no_arbiter.m_valid_i_i_1_n_0
    SLICE_X34Y79         FDRE                                         r  design_1_i/ps7_0_axi_periph/xbar/inst/gen_sasd.crossbar_sasd_0/addr_arbiter_inst/gen_no_arbiter.m_valid_i_reg/D
  -------------------------------------------------------------------    -------------------

                         (clock clk_fpga_0 rise edge)
                                                     10.000    10.000 r  
    PS7_X0Y0             PS7                          0.000    10.000 r  design_1_i/processing_system7_0/inst/PS7_i/FCLKCLK[0]
                         net (fo=1, routed)           1.088    11.088    design_1_i/processing_system7_0/inst/FCLK_CLK_unbuffered[0]
    BUFGCTRL_X0Y16       BUFG (Prop_bufg_I_O)         0.091    11.179 r  design_1_i/processing_system7_0/inst/buffer_fclk_clk_0.FCLK_CLK_0_BUFG/O
                         net (fo=6201, routed)        1.469    12.648    design_1_i/ps7_0_axi_periph/xbar/inst/gen_sasd.crossbar_sasd_0/addr_arbiter_inst/aclk
    SLICE_X34Y79         FDRE                                         r  design_1_i/ps7_0_axi_periph/xbar/inst/gen_sasd.crossbar_sasd_0/addr_arbiter_inst/gen_no_arbiter.m_valid_i_reg/C
                         clock pessimism              0.114    12.762    
                         clock uncertainty           -0.154    12.608    
    SLICE_X34Y79         FDRE (Setup_fdre_C_D)       -0.233    12.375    design_1_i/ps7_0_axi_periph/xbar/inst/gen_sasd.crossbar_sasd_0/addr_arbiter_inst/gen_no_arbiter.m_valid_i_reg
  -------------------------------------------------------------------
                         required time                         12.375    
                         arrival time                          -6.758    
  -------------------------------------------------------------------
                         slack                                  5.617    





Min Delay Paths
--------------------------------------------------------------------------------------
Slack (MET) :             0.055ns  (arrival time - required time)
  Source:                 design_1_i/poly_mul256_0/inst/S_AXI_RDATA_reg[23]/C
                            (rising edge-triggered cell FDRE clocked by S_AXI_ACLK  {rise@0.000ns fall@5.000ns period=10.000ns})
  Destination:            design_1_i/ps7_0_axi_periph/xbar/inst/gen_sasd.crossbar_sasd_0/reg_slice_r/skid_buffer_reg[26]/D
                            (rising edge-triggered cell FDRE clocked by clk_fpga_0  {rise@0.000ns fall@5.000ns period=10.000ns})
  Path Group:             clk_fpga_0
  Path Type:              Hold (Min at Slow Process Corner)
  Requirement:            0.000ns  (clk_fpga_0 rise@0.000ns - S_AXI_ACLK rise@0.000ns)
  Data Path Delay:        1.842ns  (logic 0.618ns (33.557%)  route 1.224ns (66.443%))
  Logic Levels:           2  (LUT6=2)
  Clock Path Skew:        1.303ns (DCD - SCD - CPR)
    Destination Clock Delay (DCD):    2.928ns
    Source Clock Delay      (SCD):    1.477ns
    Clock Pessimism Removal (CPR):    0.148ns
  Clock Uncertainty:      0.154ns  ((TSJ^2 + TIJ^2)^1/2 + DJ) / 2 + PE
    Total System Jitter     (TSJ):    0.071ns
    Total Input Jitter      (TIJ):    0.300ns
    Discrete Jitter          (DJ):    0.000ns
    Phase Error              (PE):    0.000ns
  Clock Domain Crossing:  Inter clock paths are considered valid unless explicitly excluded by timing constraints such as set_clock_groups or set_false_path.

    Location             Delay type                Incr(ns)  Path(ns)    Netlist Resource(s)
  -------------------------------------------------------------------    -------------------
                         (clock S_AXI_ACLK rise edge)
                                                      0.000     0.000 r  
    BUFGCTRL_X0Y16       BUFG                         0.000     0.000 r  design_1_i/processing_system7_0/inst/buffer_fclk_clk_0.FCLK_CLK_0_BUFG/O
                         net (fo=6201, routed)        1.477     1.477    design_1_i/poly_mul256_0/inst/S_AXI_ACLK
    SLICE_X32Y60         FDRE                                         r  design_1_i/poly_mul256_0/inst/S_AXI_RDATA_reg[23]/C
  -------------------------------------------------------------------    -------------------
    SLICE_X32Y60         FDRE (Prop_fdre_C_Q)         0.418     1.895 r  design_1_i/poly_mul256_0/inst/S_AXI_RDATA_reg[23]/Q
                         net (fo=1, routed)           0.759     2.654    design_1_i/ps7_0_axi_periph/xbar/inst/gen_sasd.crossbar_sasd_0/reg_slice_r/m_axi_rdata[119]
    SLICE_X33Y69         LUT6 (Prop_lut6_I2_O)        0.100     2.754 r  design_1_i/ps7_0_axi_periph/xbar/inst/gen_sasd.crossbar_sasd_0/reg_slice_r/m_payload_i[26]_i_2/O
                         net (fo=1, routed)           0.465     3.218    design_1_i/ps7_0_axi_periph/xbar/inst/gen_sasd.crossbar_sasd_0/reg_slice_r/m_payload_i[26]_i_2_n_0
    SLICE_X32Y73         LUT6 (Prop_lut6_I5_O)        0.100     3.318 r  design_1_i/ps7_0_axi_periph/xbar/inst/gen_sasd.crossbar_sasd_0/reg_slice_r/m_payload_i[26]_i_1/O
                         net (fo=2, routed)           0.000     3.318    design_1_i/ps7_0_axi_periph/xbar/inst/gen_sasd.crossbar_sasd_0/reg_slice_r/skid_buffer[26]
    SLICE_X32Y73         FDRE                                         r  design_1_i/ps7_0_axi_periph/xbar/inst/gen_sasd.crossbar_sasd_0/reg_slice_r/skid_buffer_reg[26]/D
  -------------------------------------------------------------------    -------------------

                         (clock clk_fpga_0 rise edge)
                                                      0.000     0.000 r  
    PS7_X0Y0             PS7                          0.000     0.000 r  design_1_i/processing_system7_0/inst/PS7_i/FCLKCLK[0]
                         net (fo=1, routed)           1.193     1.193    design_1_i/processing_system7_0/inst/FCLK_CLK_unbuffered[0]
    BUFGCTRL_X0Y16       BUFG (Prop_bufg_I_O)         0.101     1.294 r  design_1_i/processing_system7_0/inst/buffer_fclk_clk_0.FCLK_CLK_0_BUFG/O
                         net (fo=6201, routed)        1.634     2.928    design_1_i/ps7_0_axi_periph/xbar/inst/gen_sasd.crossbar_sasd_0/reg_slice_r/aclk
    SLICE_X32Y73         FDRE                                         r  design_1_i/ps7_0_axi_periph/xbar/inst/gen_sasd.crossbar_sasd_0/reg_slice_r/skid_buffer_reg[26]/C
                         clock pessimism             -0.148     2.780    
                         clock uncertainty            0.154     2.934    
    SLICE_X32Y73         FDRE (Hold_fdre_C_D)         0.330     3.264    design_1_i/ps7_0_axi_periph/xbar/inst/gen_sasd.crossbar_sasd_0/reg_slice_r/skid_buffer_reg[26]
  -------------------------------------------------------------------
                         required time                         -3.264    
                         arrival time                           3.318    
  -------------------------------------------------------------------
                         slack                                  0.055    





