Copyright 1986-2022 Xilinx, Inc. All Rights Reserved. Copyright 2022-2024 Advanced Micro Devices, Inc. All Rights Reserved.
-------------------------------------------------------------------------------------------------------------------------------------------------------------------------------------
| Tool Version : Vivado v.2024.1 (win64) Build 5076996 Wed May 22 18:37:14 MDT 2024
| Date         : Sun Jul 19 12:16:08 2026
| Host         : DESKTOP-63734QH running 64-bit major release  (build 9200)
| Command      : report_utilization -hierarchical -hierarchical_depth 9 -file F:/repos/pynq_butterfly/reports/poly_mul4096_axis_synth/poly_mul4096_axis_hierarchical_utilization.rpt
| Design       : poly_mul4096_axis_core
| Device       : xc7z020clg400-1
| Speed File   : -1
| Design State : Synthesized
-------------------------------------------------------------------------------------------------------------------------------------------------------------------------------------

Utilization Design Information

Table of Contents
-----------------
1. Utilization by Hierarchy

1. Utilization by Hierarchy
---------------------------

+---------------------------------+-------------------------------------+------------+------------+---------+------+------+--------+--------+------------+
|             Instance            |                Module               | Total LUTs | Logic LUTs | LUTRAMs | SRLs |  FFs | RAMB36 | RAMB18 | DSP Blocks |
+---------------------------------+-------------------------------------+------------+------------+---------+------+------+--------+--------+------------+
| poly_mul4096_axis_core          |                               (top) |       5186 |       5186 |       0 |    0 | 2207 |     56 |      0 |          0 |
|   (poly_mul4096_axis_core)      |                               (top) |         36 |         36 |       0 |    0 |  100 |      0 |      0 |          0 |
|   core                          |                   poly_mul4096_core |       5150 |       5150 |       0 |    0 | 2107 |     56 |      0 |          0 |
|     (core)                      |                   poly_mul4096_core |         66 |         66 |       0 |    0 |  126 |      0 |      0 |          0 |
|     forward_a                   |                forward_ntt4096_core |       1468 |       1468 |       0 |    0 |  592 |     16 |      0 |          0 |
|       (forward_a)               |                forward_ntt4096_core |         18 |         18 |       0 |    0 |   22 |      0 |      0 |          0 |
|       cyclic_transform          |              ntt4096_cyclic_core_14 |        947 |        947 |       0 |    0 |  420 |      8 |      0 |          0 |
|         (cyclic_transform)      |              ntt4096_cyclic_core_14 |         25 |         25 |       0 |    0 |   56 |      0 |      0 |          0 |
|         butterfly               |                   butterfly_core_17 |        798 |        798 |       0 |    0 |  264 |      0 |      0 |          0 |
|           (butterfly)           |                   butterfly_core_17 |         69 |         69 |       0 |    0 |  114 |      0 |      0 |          0 |
|           multiplier            |                      modmul_core_20 |        729 |        729 |       0 |    0 |  150 |      0 |      0 |          0 |
|         coefficient_memory      |               ntt4096_coeff_bram_18 |          4 |          4 |       0 |    0 |    0 |      4 |      0 |          0 |
|         schedule                |            ntt4096_schedule_core_19 |        120 |        120 |       0 |    0 |  100 |      0 |      0 |          0 |
|         twiddle_rom             |                 ntt4096_twiddle_rom |          0 |          0 |       0 |    0 |    0 |      4 |      0 |          0 |
|       input_memory              |               ntt4096_coeff_bram_15 |         46 |         46 |       0 |    0 |    0 |      4 |      0 |          0 |
|       preprocessing_multiplier  |                      modmul_core_16 |        457 |        457 |       0 |    0 |  150 |      0 |      0 |          0 |
|       twist_rom                 |                  ntt4096_factor_rom |          0 |          0 |       0 |    0 |    0 |      4 |      0 |          0 |
|     forward_b                   |              forward_ntt4096_core_0 |       1472 |       1472 |       0 |    0 |  592 |      8 |      0 |          0 |
|       (forward_b)               |              forward_ntt4096_core_0 |         18 |         18 |       0 |    0 |   22 |      0 |      0 |          0 |
|       cyclic_transform          |                 ntt4096_cyclic_core |        950 |        950 |       0 |    0 |  420 |      4 |      0 |          0 |
|         (cyclic_transform)      |                 ntt4096_cyclic_core |         27 |         27 |       0 |    0 |   56 |      0 |      0 |          0 |
|         butterfly               |                   butterfly_core_10 |        799 |        799 |       0 |    0 |  264 |      0 |      0 |          0 |
|           (butterfly)           |                   butterfly_core_10 |         69 |         69 |       0 |    0 |  114 |      0 |      0 |          0 |
|           multiplier            |                      modmul_core_13 |        730 |        730 |       0 |    0 |  150 |      0 |      0 |          0 |
|         coefficient_memory      |               ntt4096_coeff_bram_11 |          4 |          4 |       0 |    0 |    0 |      4 |      0 |          0 |
|         schedule                |            ntt4096_schedule_core_12 |        120 |        120 |       0 |    0 |  100 |      0 |      0 |          0 |
|       input_memory              |                ntt4096_coeff_bram_8 |         47 |         47 |       0 |    0 |    0 |      4 |      0 |          0 |
|       preprocessing_multiplier  |                       modmul_core_9 |        457 |        457 |       0 |    0 |  150 |      0 |      0 |          0 |
|     inverse                     |                inverse_ntt4096_core |       1472 |       1472 |       0 |    0 |  627 |     20 |      0 |          0 |
|       (inverse)                 |                inverse_ntt4096_core |         23 |         23 |       0 |    0 |   57 |      0 |      0 |          0 |
|       cyclic_transform          | ntt4096_cyclic_core__parameterized0 |        931 |        931 |       0 |    0 |  420 |      8 |      0 |          0 |
|         (cyclic_transform)      | ntt4096_cyclic_core__parameterized0 |         29 |         29 |       0 |    0 |   56 |      0 |      0 |          0 |
|         butterfly               |                      butterfly_core |        770 |        770 |       0 |    0 |  264 |      0 |      0 |          0 |
|           (butterfly)           |                      butterfly_core |         69 |         69 |       0 |    0 |  114 |      0 |      0 |          0 |
|           multiplier            |                       modmul_core_7 |        701 |        701 |       0 |    0 |  150 |      0 |      0 |          0 |
|         coefficient_memory      |                ntt4096_coeff_bram_6 |          4 |          4 |       0 |    0 |    0 |      4 |      0 |          0 |
|         schedule                |               ntt4096_schedule_core |        128 |        128 |       0 |    0 |  100 |      0 |      0 |          0 |
|         twiddle_rom             | ntt4096_twiddle_rom__parameterized0 |          0 |          0 |       0 |    0 |    0 |      4 |      0 |          0 |
|       input_memory              |                ntt4096_coeff_bram_3 |         14 |         14 |       0 |    0 |    0 |      4 |      0 |          0 |
|       inverse_scale_rom         |  ntt4096_factor_rom__parameterized0 |          0 |          0 |       0 |    0 |    0 |      4 |      0 |          0 |
|       output_memory             |                ntt4096_coeff_bram_4 |         14 |         14 |       0 |    0 |    0 |      4 |      0 |          0 |
|       postprocessing_multiplier |                       modmul_core_5 |        490 |        490 |       0 |    0 |  150 |      0 |      0 |          0 |
|     pointwise                   |              pointwise_mul4096_core |        672 |        672 |       0 |    0 |  170 |     12 |      0 |          0 |
|       (pointwise)               |              pointwise_mul4096_core |         23 |         23 |       0 |    0 |   20 |      0 |      0 |          0 |
|       memory_a                  |                  ntt4096_coeff_bram |         36 |         36 |       0 |    0 |    0 |      4 |      0 |          0 |
|       memory_b                  |                ntt4096_coeff_bram_1 |         51 |         51 |       0 |    0 |    0 |      4 |      0 |          0 |
|       multiplier                |                         modmul_core |        516 |        516 |       0 |    0 |  150 |      0 |      0 |          0 |
|       result_memory             |                ntt4096_coeff_bram_2 |         46 |         46 |       0 |    0 |    0 |      4 |      0 |          0 |
+---------------------------------+-------------------------------------+------------+------------+---------+------+------+--------+--------+------------+


