Copyright 1986-2022 Xilinx, Inc. All Rights Reserved. Copyright 2022-2024 Advanced Micro Devices, Inc. All Rights Reserved.
-------------------------------------------------------------------------------------------------------------------------------------------------------------------
| Tool Version : Vivado v.2024.1 (win64) Build 5076996 Wed May 22 18:37:14 MDT 2024
| Date         : Sun Jul 19 00:31:37 2026
| Host         : DESKTOP-63734QH running 64-bit major release  (build 9200)
| Command      : report_utilization -hierarchical -hierarchical_depth 5 -file F:/repos/pynq_butterfly/reports/poly_mul256/poly_mul256_hierarchical_utilization.rpt
| Design       : poly_mul256_axi_lite
| Device       : xc7z020clg400-1
| Speed File   : -1
| Design State : Synthesized
-------------------------------------------------------------------------------------------------------------------------------------------------------------------

Utilization Design Information

Table of Contents
-----------------
1. Utilization by Hierarchy

1. Utilization by Hierarchy
---------------------------

+------------------------------+------------------------------------+------------+------------+---------+------+------+--------+--------+------------+
|           Instance           |               Module               | Total LUTs | Logic LUTs | LUTRAMs | SRLs |  FFs | RAMB36 | RAMB18 | DSP Blocks |
+------------------------------+------------------------------------+------------+------------+---------+------+------+--------+--------+------------+
| poly_mul256_axi_lite         |                              (top) |       2271 |       2271 |       0 |    0 | 1360 |      2 |     12 |          0 |
|   (poly_mul256_axi_lite)     |                              (top) |         14 |         14 |       0 |    0 |  151 |      0 |      0 |          0 |
|   polynomial_multiplier      |                   poly_mul256_core |       2257 |       2257 |       0 |    0 | 1209 |      2 |     12 |          0 |
|     (polynomial_multiplier)  |                   poly_mul256_core |         59 |         59 |       0 |    0 |   98 |      0 |      0 |          0 |
|     forward_engine           |                forward_ntt256_core |        795 |        795 |       0 |    0 |  460 |      1 |      3 |          0 |
|       (forward_engine)       |                forward_ntt256_core |         11 |         11 |       0 |    0 |   13 |      0 |      0 |          0 |
|       cyclic_ntt             |                 ntt256_cyclic_core |        504 |        504 |       0 |    0 |  310 |      1 |      1 |          0 |
|         (cyclic_ntt)         |                 ntt256_cyclic_core |         11 |         11 |       0 |    0 |   63 |      0 |      0 |          0 |
|         butterfly            |                  butterfly_core_11 |        425 |        425 |       0 |    0 |  236 |      0 |      0 |          0 |
|           (butterfly)        |                  butterfly_core_11 |         69 |         69 |       0 |    0 |   99 |      0 |      0 |          0 |
|           multiplier         |                     modmul_core_14 |        356 |        356 |       0 |    0 |  137 |      0 |      0 |          0 |
|         coefficient_memory   |               ntt256_coeff_bram_12 |          6 |          6 |       0 |    0 |    0 |      1 |      0 |          0 |
|         schedule             |            ntt256_schedule_core_13 |         61 |         61 |       0 |    0 |   11 |      0 |      0 |          0 |
|         twiddle_rom          |                 ntt256_twiddle_rom |          1 |          1 |       0 |    0 |    0 |      0 |      1 |          0 |
|       preprocess_multiplier  |                      modmul_core_9 |        236 |        236 |       0 |    0 |  137 |      0 |      0 |          0 |
|       source_memory          |               ntt256_coeff_bram_10 |         42 |         42 |       0 |    0 |    0 |      0 |      1 |          0 |
|       twist_factor_rom       |                  ntt256_factor_rom |          2 |          2 |       0 |    0 |    0 |      0 |      1 |          0 |
|     inverse_engine           |                inverse_ntt256_core |        878 |        878 |       0 |    0 |  501 |      1 |      4 |          0 |
|       (inverse_engine)       |                inverse_ntt256_core |         25 |         25 |       0 |    0 |   54 |      0 |      0 |          0 |
|       inverse_cyclic_ntt     | ntt256_cyclic_core__parameterized0 |        504 |        504 |       0 |    0 |  310 |      1 |      1 |          0 |
|         (inverse_cyclic_ntt) | ntt256_cyclic_core__parameterized0 |         10 |         10 |       0 |    0 |   63 |      0 |      0 |          0 |
|         butterfly            |                     butterfly_core |        426 |        426 |       0 |    0 |  236 |      0 |      0 |          0 |
|           (butterfly)        |                     butterfly_core |         69 |         69 |       0 |    0 |   99 |      0 |      0 |          0 |
|           multiplier         |                      modmul_core_8 |        357 |        357 |       0 |    0 |  137 |      0 |      0 |          0 |
|         coefficient_memory   |                ntt256_coeff_bram_7 |          6 |          6 |       0 |    0 |    0 |      1 |      0 |          0 |
|         schedule             |               ntt256_schedule_core |         61 |         61 |       0 |    0 |   11 |      0 |      0 |          0 |
|         twiddle_rom          | ntt256_twiddle_rom__parameterized0 |          1 |          1 |       0 |    0 |    0 |      0 |      1 |          0 |
|       inverse_scale_rom      |  ntt256_factor_rom__parameterized0 |          2 |          2 |       0 |    0 |    0 |      0 |      1 |          0 |
|       postprocess_multiplier |                      modmul_core_4 |        240 |        240 |       0 |    0 |  137 |      0 |      0 |          0 |
|       result_memory          |                ntt256_coeff_bram_5 |         63 |         63 |       0 |    0 |    0 |      0 |      1 |          0 |
|       source_memory          |                ntt256_coeff_bram_6 |         44 |         44 |       0 |    0 |    0 |      0 |      1 |          0 |
|     pointwise_engine         |              pointwise_mul256_core |        409 |        409 |       0 |    0 |  150 |      0 |      3 |          0 |
|       (pointwise_engine)     |              pointwise_mul256_core |         11 |         11 |       0 |    0 |   13 |      0 |      0 |          0 |
|       input_a_memory         |                ntt256_coeff_bram_1 |         42 |         42 |       0 |    0 |    0 |      0 |      1 |          0 |
|       input_b_memory         |                ntt256_coeff_bram_2 |         45 |         45 |       0 |    0 |    0 |      0 |      1 |          0 |
|       multiplier             |                        modmul_core |        269 |        269 |       0 |    0 |  137 |      0 |      0 |          0 |
|       result_memory          |                ntt256_coeff_bram_3 |         42 |         42 |       0 |    0 |    0 |      0 |      1 |          0 |
|     polynomial_a_memory      |                  ntt256_coeff_bram |         42 |         42 |       0 |    0 |    0 |      0 |      1 |          0 |
|     polynomial_b_memory      |                ntt256_coeff_bram_0 |         74 |         74 |       0 |    0 |    0 |      0 |      1 |          0 |
+------------------------------+------------------------------------+------------+------------+---------+------+------+--------+--------+------------+


