
*** Running vivado
    with args -log ntt4096_dual_butterfly_cyclic_core.vds -m64 -product Vivado -mode batch -messageDb vivado.pb -notrace -source ntt4096_dual_butterfly_cyclic_core.tcl



****** Vivado v2024.1 (64-bit)
  **** SW Build 5076996 on Wed May 22 18:37:14 MDT 2024
  **** IP Build 5075265 on Wed May 22 21:45:21 MDT 2024
  **** SharedData Build 5076995 on Wed May 22 18:29:18 MDT 2024
  **** Start of session at: Sun Jul 19 20:35:23 2026
    ** Copyright 1986-2022 Xilinx, Inc. All Rights Reserved.
    ** Copyright 2022-2024 Advanced Micro Devices, Inc. All Rights Reserved.

source ntt4096_dual_butterfly_cyclic_core.tcl -notrace
Command: synth_design -top ntt4096_dual_butterfly_cyclic_core -part xc7z020clg400-1 -directive PerformanceOptimized -fsm_extraction one_hot -keep_equivalent_registers -resource_sharing off -no_lc -shreg_min_size 5
Starting synth_design
Attempting to get a license for feature 'Synthesis' and/or device 'xc7z020'
INFO: [Common 17-349] Got license for feature 'Synthesis' and/or device 'xc7z020'
INFO: [Device 21-403] Loading part xc7z020clg400-1
INFO: [Device 21-9227] Part: xc7z020clg400-1 does not have CEAM library.
INFO: [Synth 8-7079] Multithreading enabled for synth_design using a maximum of 2 processes.
INFO: [Synth 8-7078] Launching helper process for spawning children vivado processes
INFO: [Synth 8-7075] Helper process launched with PID 20772
---------------------------------------------------------------------------------
Starting RTL Elaboration : Time (s): cpu = 00:00:04 ; elapsed = 00:00:04 . Memory (MB): peak = 1382.441 ; gain = 446.543
---------------------------------------------------------------------------------
INFO: [Synth 8-6157] synthesizing module 'ntt4096_dual_butterfly_cyclic_core' [F:/repos/pynq_butterfly/rtl/ntt4096_dual_butterfly_cyclic_core.sv:25]
INFO: [Synth 8-6157] synthesizing module 'ntt4096_paired_schedule_core' [F:/repos/pynq_butterfly/rtl/ntt4096_paired_schedule_core.sv:14]
INFO: [Synth 8-6155] done synthesizing module 'ntt4096_paired_schedule_core' (0#1) [F:/repos/pynq_butterfly/rtl/ntt4096_paired_schedule_core.sv:14]
INFO: [Synth 8-6157] synthesizing module 'ntt4096_profile_bram_dual_read' [F:/repos/pynq_butterfly/rtl/ntt4096_profile_bram_dual_read.sv:18]
INFO: [Synth 8-6157] synthesizing module 'xpm_memory_tdpram' [F:/Xilinx/Vivado/2024.1/data/ip/xpm/xpm_memory/hdl/xpm_memory.sv:9050]
	Parameter MEMORY_SIZE bound to: 131072 - type: integer 
	Parameter MEMORY_PRIMITIVE bound to: block - type: string 
	Parameter CLOCKING_MODE bound to: common_clock - type: string 
	Parameter ECC_MODE bound to: no_ecc - type: string 
	Parameter MEMORY_INIT_FILE bound to: none - type: string 
	Parameter MEMORY_INIT_PARAM bound to: 0 - type: string 
	Parameter USE_MEM_INIT bound to: 0 - type: integer 
	Parameter WAKEUP_TIME bound to: disable_sleep - type: string 
	Parameter AUTO_SLEEP_TIME bound to: 0 - type: integer 
	Parameter MESSAGE_CONTROL bound to: 0 - type: integer 
	Parameter USE_EMBEDDED_CONSTRAINT bound to: 0 - type: integer 
	Parameter MEMORY_OPTIMIZATION bound to: true - type: string 
	Parameter CASCADE_HEIGHT bound to: 0 - type: integer 
	Parameter SIM_ASSERT_CHK bound to: 0 - type: integer 
	Parameter WRITE_DATA_WIDTH_A bound to: 32 - type: integer 
	Parameter READ_DATA_WIDTH_A bound to: 32 - type: integer 
	Parameter BYTE_WRITE_WIDTH_A bound to: 32 - type: integer 
	Parameter ADDR_WIDTH_A bound to: 12 - type: integer 
	Parameter READ_RESET_VALUE_A bound to: 0 - type: string 
	Parameter READ_LATENCY_A bound to: 1 - type: integer 
	Parameter WRITE_MODE_A bound to: no_change - type: string 
	Parameter RST_MODE_A bound to: SYNC - type: string 
	Parameter WRITE_DATA_WIDTH_B bound to: 32 - type: integer 
	Parameter READ_DATA_WIDTH_B bound to: 32 - type: integer 
	Parameter BYTE_WRITE_WIDTH_B bound to: 32 - type: integer 
	Parameter ADDR_WIDTH_B bound to: 12 - type: integer 
	Parameter READ_RESET_VALUE_B bound to: 0 - type: string 
	Parameter READ_LATENCY_B bound to: 1 - type: integer 
	Parameter WRITE_MODE_B bound to: no_change - type: string 
	Parameter RST_MODE_B bound to: SYNC - type: string 
INFO: [Synth 8-6157] synthesizing module 'xpm_memory_base' [F:/Xilinx/Vivado/2024.1/data/ip/xpm/xpm_memory/hdl/xpm_memory.sv:54]
INFO: [Synth 8-6155] done synthesizing module 'xpm_memory_base' (0#1) [F:/Xilinx/Vivado/2024.1/data/ip/xpm/xpm_memory/hdl/xpm_memory.sv:54]
INFO: [Synth 8-6155] done synthesizing module 'xpm_memory_tdpram' (0#1) [F:/Xilinx/Vivado/2024.1/data/ip/xpm/xpm_memory/hdl/xpm_memory.sv:9050]
WARNING: [Synth 8-7071] port 'sbiterra' of module 'xpm_memory_tdpram' is unconnected for instance 'profile_memory' [F:/repos/pynq_butterfly/rtl/ntt4096_profile_bram_dual_read.sv:102]
WARNING: [Synth 8-7071] port 'dbiterra' of module 'xpm_memory_tdpram' is unconnected for instance 'profile_memory' [F:/repos/pynq_butterfly/rtl/ntt4096_profile_bram_dual_read.sv:102]
WARNING: [Synth 8-7071] port 'sbiterrb' of module 'xpm_memory_tdpram' is unconnected for instance 'profile_memory' [F:/repos/pynq_butterfly/rtl/ntt4096_profile_bram_dual_read.sv:102]
WARNING: [Synth 8-7071] port 'dbiterrb' of module 'xpm_memory_tdpram' is unconnected for instance 'profile_memory' [F:/repos/pynq_butterfly/rtl/ntt4096_profile_bram_dual_read.sv:102]
WARNING: [Synth 8-7023] instance 'profile_memory' of module 'xpm_memory_tdpram' has 25 connections declared, but only 21 given [F:/repos/pynq_butterfly/rtl/ntt4096_profile_bram_dual_read.sv:102]
INFO: [Synth 8-6155] done synthesizing module 'ntt4096_profile_bram_dual_read' (0#1) [F:/repos/pynq_butterfly/rtl/ntt4096_profile_bram_dual_read.sv:18]
INFO: [Synth 8-6157] synthesizing module 'ntt4096_four_bank_coeff_store' [F:/repos/pynq_butterfly/rtl/ntt4096_four_bank_coeff_store.sv:18]
INFO: [Synth 8-6157] synthesizing module 'ntt4096_coeff_bank_1024x32' [F:/repos/pynq_butterfly/rtl/ntt4096_coeff_bank_1024x32.sv:11]
INFO: [Synth 8-6155] done synthesizing module 'ntt4096_coeff_bank_1024x32' (0#1) [F:/repos/pynq_butterfly/rtl/ntt4096_coeff_bank_1024x32.sv:11]
INFO: [Synth 8-6155] done synthesizing module 'ntt4096_four_bank_coeff_store' (0#1) [F:/repos/pynq_butterfly/rtl/ntt4096_four_bank_coeff_store.sv:18]
INFO: [Synth 8-6157] synthesizing module 'ntt4096_dual_mode_butterfly_core' [F:/repos/pynq_butterfly/rtl/ntt4096_dual_mode_butterfly_core.sv:17]
INFO: [Synth 8-6157] synthesizing module 'modmul_core' [F:/repos/pynq_butterfly/rtl/modmul_core.sv:22]
INFO: [Synth 8-6155] done synthesizing module 'modmul_core' (0#1) [F:/repos/pynq_butterfly/rtl/modmul_core.sv:22]
INFO: [Synth 8-6155] done synthesizing module 'ntt4096_dual_mode_butterfly_core' (0#1) [F:/repos/pynq_butterfly/rtl/ntt4096_dual_mode_butterfly_core.sv:17]
INFO: [Synth 8-6155] done synthesizing module 'ntt4096_dual_butterfly_cyclic_core' (0#1) [F:/repos/pynq_butterfly/rtl/ntt4096_dual_butterfly_cyclic_core.sv:25]
WARNING: [Synth 8-7129] Port sleep in module xpm_memory_base is either unconnected or has no load
WARNING: [Synth 8-7129] Port regcea in module xpm_memory_base is either unconnected or has no load
WARNING: [Synth 8-7129] Port injectsbiterra in module xpm_memory_base is either unconnected or has no load
WARNING: [Synth 8-7129] Port injectdbiterra in module xpm_memory_base is either unconnected or has no load
WARNING: [Synth 8-7129] Port clkb in module xpm_memory_base is either unconnected or has no load
WARNING: [Synth 8-7129] Port regceb in module xpm_memory_base is either unconnected or has no load
WARNING: [Synth 8-7129] Port injectsbiterrb in module xpm_memory_base is either unconnected or has no load
WARNING: [Synth 8-7129] Port injectdbiterrb in module xpm_memory_base is either unconnected or has no load
---------------------------------------------------------------------------------
Finished RTL Elaboration : Time (s): cpu = 00:00:05 ; elapsed = 00:00:05 . Memory (MB): peak = 1515.324 ; gain = 579.426
---------------------------------------------------------------------------------
---------------------------------------------------------------------------------
Start Handling Custom Attributes
---------------------------------------------------------------------------------
---------------------------------------------------------------------------------
Finished Handling Custom Attributes : Time (s): cpu = 00:00:05 ; elapsed = 00:00:05 . Memory (MB): peak = 1515.324 ; gain = 579.426
---------------------------------------------------------------------------------
---------------------------------------------------------------------------------
Finished RTL Optimization Phase 1 : Time (s): cpu = 00:00:05 ; elapsed = 00:00:05 . Memory (MB): peak = 1515.324 ; gain = 579.426
---------------------------------------------------------------------------------
Netlist sorting complete. Time (s): cpu = 00:00:00 ; elapsed = 00:00:00.022 . Memory (MB): peak = 1515.324 ; gain = 0.000
INFO: [Project 1-570] Preparing netlist for logic optimization

Processing XDC Constraints
Initializing timing engine
Parsing XDC File [F:/repos/pynq_butterfly/vivado/ntt4096_dual_butterfly_cyclic_xpm_synth/ntt4096_dual_butterfly_cyclic_xpm_synth.xdc]
Finished Parsing XDC File [F:/repos/pynq_butterfly/vivado/ntt4096_dual_butterfly_cyclic_xpm_synth/ntt4096_dual_butterfly_cyclic_xpm_synth.xdc]
INFO: [Project 1-236] Implementation specific constraints were found while reading constraint file [F:/Xilinx/Vivado/2024.1/data/ip/xpm/xpm_memory/tcl/xpm_memory_xdc.tcl]. These constraints will be ignored for synthesis but will be used in implementation. Impacted constraints are listed in the file [.Xil/ntt4096_dual_butterfly_cyclic_core_propImpl.xdc].
Resolution: To avoid this warning, move constraints listed in [.Xil/ntt4096_dual_butterfly_cyclic_core_propImpl.xdc] to another XDC file and exclude this new file from synthesis with the used_in_synthesis property (File Properties dialog in GUI) and re-run elaboration/synthesis.
INFO: [Project 1-1714] 1 XPM XDC files have been applied to the design.
Completed Processing XDC Constraints

Netlist sorting complete. Time (s): cpu = 00:00:00 ; elapsed = 00:00:00.001 . Memory (MB): peak = 1544.770 ; gain = 0.000
INFO: [Project 1-111] Unisim Transformation Summary:
No Unisim elements were transformed.

Constraint Validation Runtime : Time (s): cpu = 00:00:00 ; elapsed = 00:00:00.005 . Memory (MB): peak = 1544.770 ; gain = 0.000
---------------------------------------------------------------------------------
Finished Constraint Validation : Time (s): cpu = 00:00:10 ; elapsed = 00:00:11 . Memory (MB): peak = 1544.770 ; gain = 608.871
---------------------------------------------------------------------------------
---------------------------------------------------------------------------------
Start Loading Part and Timing Information
---------------------------------------------------------------------------------
Loading part: xc7z020clg400-1
---------------------------------------------------------------------------------
Finished Loading Part and Timing Information : Time (s): cpu = 00:00:10 ; elapsed = 00:00:11 . Memory (MB): peak = 1544.770 ; gain = 608.871
---------------------------------------------------------------------------------
---------------------------------------------------------------------------------
Start Applying 'set_property' XDC Constraints
---------------------------------------------------------------------------------
Applied set_property KEEP_HIERARCHY = SOFT for profile_memory/profile_memory. (constraint file  auto generated constraint).
---------------------------------------------------------------------------------
Finished applying 'set_property' XDC Constraints : Time (s): cpu = 00:00:10 ; elapsed = 00:00:11 . Memory (MB): peak = 1544.770 ; gain = 608.871
---------------------------------------------------------------------------------
INFO: [Synth 8-802] inferred FSM for state register 'state_reg' in module 'ntt4096_dual_butterfly_cyclic_core'
INFO: [Synth 8-3971] The signal "xpm_memory_base:/gen_wr_b.gen_word_narrow.mem_reg" was recognized as a true dual port RAM template.
---------------------------------------------------------------------------------------------------
                   State |                     New Encoding |                Previous Encoding 
---------------------------------------------------------------------------------------------------
              STATE_IDLE |                           000001 |                              000
    STATE_SCHEDULE_START |                           100000 |                              001
        STATE_READ_ISSUE |                           000100 |                              010
      STATE_READ_CAPTURE |                           010000 |                              011
    STATE_BUTTERFLY_WAIT |                           001000 |                              100
         STATE_WRITEBACK |                           000010 |                              101
---------------------------------------------------------------------------------------------------
INFO: [Synth 8-3354] encoded FSM with state register 'state_reg' using encoding 'one-hot' in module 'ntt4096_dual_butterfly_cyclic_core'
---------------------------------------------------------------------------------
Finished RTL Optimization Phase 2 : Time (s): cpu = 00:00:10 ; elapsed = 00:00:11 . Memory (MB): peak = 1544.770 ; gain = 608.871
---------------------------------------------------------------------------------
---------------------------------------------------------------------------------
Start RTL Component Statistics 
---------------------------------------------------------------------------------
Detailed RTL Component Info : 
+---Adders : 
	   3 Input   35 Bit       Adders := 12    
	   2 Input   34 Bit       Adders := 6     
	   2 Input   33 Bit       Adders := 4     
	   3 Input   32 Bit       Adders := 8     
	   4 Input   32 Bit       Adders := 4     
	   2 Input   32 Bit       Adders := 1     
	   2 Input   15 Bit       Adders := 1     
	   2 Input   14 Bit       Adders := 1     
	   2 Input   12 Bit       Adders := 3     
	   2 Input   10 Bit       Adders := 1     
	   2 Input    5 Bit       Adders := 4     
	   2 Input    4 Bit       Adders := 8     
	   2 Input    3 Bit       Adders := 2     
+---XORs : 
	   6 Input      1 Bit         XORs := 18    
+---Registers : 
	               32 Bit    Registers := 28    
	               15 Bit    Registers := 1     
	               14 Bit    Registers := 1     
	               10 Bit    Registers := 1     
	                4 Bit    Registers := 3     
	                2 Bit    Registers := 4     
	                1 Bit    Registers := 20    
+---RAMs : 
	             128K Bit	(4096 X 32 bit)          RAMs := 1     
	              32K Bit	(1024 X 32 bit)          RAMs := 4     
+---Muxes : 
	   2 Input   34 Bit        Muxes := 4     
	   2 Input   32 Bit        Muxes := 44    
	   4 Input   32 Bit        Muxes := 36    
	   6 Input   32 Bit        Muxes := 1     
	   6 Input   15 Bit        Muxes := 1     
	   6 Input   14 Bit        Muxes := 1     
	   2 Input   12 Bit        Muxes := 5     
	   4 Input   10 Bit        Muxes := 36    
	   2 Input   10 Bit        Muxes := 8     
	   6 Input    6 Bit        Muxes := 1     
	   2 Input    6 Bit        Muxes := 1     
	   2 Input    4 Bit        Muxes := 3     
	   3 Input    4 Bit        Muxes := 1     
	   2 Input    3 Bit        Muxes := 1     
	   2 Input    2 Bit        Muxes := 1     
	   4 Input    2 Bit        Muxes := 8     
	   2 Input    1 Bit        Muxes := 40    
	   4 Input    1 Bit        Muxes := 21    
	   3 Input    1 Bit        Muxes := 1     
	   5 Input    1 Bit        Muxes := 4     
	   6 Input    1 Bit        Muxes := 7     
---------------------------------------------------------------------------------
Finished RTL Component Statistics 
---------------------------------------------------------------------------------
---------------------------------------------------------------------------------
Start Part Resource Summary
---------------------------------------------------------------------------------
Part Resources:
DSPs: 220 (col length:60)
BRAMs: 280 (col length: RAMB18 60 RAMB36 30)
---------------------------------------------------------------------------------
Finished Part Resource Summary
---------------------------------------------------------------------------------
---------------------------------------------------------------------------------
Start Cross Boundary and Area Optimization
---------------------------------------------------------------------------------
WARNING: [Synth 8-7080] Parallel synthesis criteria is not met
WARNING: [Synth 8-7129] Port regcea in module xpm_memory_base is either unconnected or has no load
WARNING: [Synth 8-7129] Port injectsbiterra in module xpm_memory_base is either unconnected or has no load
WARNING: [Synth 8-7129] Port injectdbiterra in module xpm_memory_base is either unconnected or has no load
WARNING: [Synth 8-7129] Port clkb in module xpm_memory_base is either unconnected or has no load
WARNING: [Synth 8-7129] Port regceb in module xpm_memory_base is either unconnected or has no load
WARNING: [Synth 8-7129] Port injectsbiterrb in module xpm_memory_base is either unconnected or has no load
WARNING: [Synth 8-7129] Port injectdbiterrb in module xpm_memory_base is either unconnected or has no load
WARNING: [Synth 8-6014] Unused sequential element gen_wr_b.gen_word_narrow.mem_reg was removed. 
---------------------------------------------------------------------------------
Finished Cross Boundary and Area Optimization : Time (s): cpu = 00:00:25 ; elapsed = 00:00:26 . Memory (MB): peak = 1544.770 ; gain = 608.871
---------------------------------------------------------------------------------
---------------------------------------------------------------------------------
Start ROM, RAM, DSP, Shift Register and Retiming Reporting
---------------------------------------------------------------------------------

Block RAM: Preliminary Mapping Report (see note below)
+-----------------------------------------------------+----------------------------------+------------------------+---+---+------------------------+---+---+------------------+--------+--------+
|Module Name                                          | RTL Object                       | PORT A (Depth x Width) | W | R | PORT B (Depth x Width) | W | R | Ports driving FF | RAMB18 | RAMB36 | 
+-----------------------------------------------------+----------------------------------+------------------------+---+---+------------------------+---+---+------------------+--------+--------+
|\profile_memory/profile_memory /xpm_memory_base_inst | gen_wr_a.gen_word_narrow.mem_reg | 4 K x 32(NO_CHANGE)    | W | R | 4 K x 32(WRITE_FIRST)  |   | R | Port A and B     | 0      | 4      | 
|coefficient_memory                                   | bank0/memory_reg                 | 1 K x 32(READ_FIRST)   | W |   | 1 K x 32(WRITE_FIRST)  |   | R | Port A and B     | 0      | 1      | 
|coefficient_memory                                   | bank1/memory_reg                 | 1 K x 32(READ_FIRST)   | W |   | 1 K x 32(WRITE_FIRST)  |   | R | Port A and B     | 0      | 1      | 
|coefficient_memory                                   | bank2/memory_reg                 | 1 K x 32(READ_FIRST)   | W |   | 1 K x 32(WRITE_FIRST)  |   | R | Port A and B     | 0      | 1      | 
|coefficient_memory                                   | bank3/memory_reg                 | 1 K x 32(READ_FIRST)   | W |   | 1 K x 32(WRITE_FIRST)  |   | R | Port A and B     | 0      | 1      | 
+-----------------------------------------------------+----------------------------------+------------------------+---+---+------------------------+---+---+------------------+--------+--------+

Note: The table above is a preliminary report that shows the Block RAMs at the current stage of the synthesis flow. Some Block RAMs may be reimplemented as non Block RAM primitives later in the synthesis flow. Multiple instantiated Block RAMs are reported only once. 
---------------------------------------------------------------------------------
Finished ROM, RAM, DSP, Shift Register and Retiming Reporting
---------------------------------------------------------------------------------
---------------------------------------------------------------------------------
Start Applying XDC Timing Constraints
---------------------------------------------------------------------------------
---------------------------------------------------------------------------------
Finished Applying XDC Timing Constraints : Time (s): cpu = 00:00:30 ; elapsed = 00:00:31 . Memory (MB): peak = 1544.770 ; gain = 608.871
---------------------------------------------------------------------------------
---------------------------------------------------------------------------------
Start Timing Optimization
---------------------------------------------------------------------------------
---------------------------------------------------------------------------------
Finished Timing Optimization : Time (s): cpu = 00:00:32 ; elapsed = 00:00:33 . Memory (MB): peak = 1604.094 ; gain = 668.195
---------------------------------------------------------------------------------
---------------------------------------------------------------------------------
Start ROM, RAM, DSP, Shift Register and Retiming Reporting
---------------------------------------------------------------------------------

Block RAM: Final Mapping Report
+-----------------------------------------------------+----------------------------------+------------------------+---+---+------------------------+---+---+------------------+--------+--------+
|Module Name                                          | RTL Object                       | PORT A (Depth x Width) | W | R | PORT B (Depth x Width) | W | R | Ports driving FF | RAMB18 | RAMB36 | 
+-----------------------------------------------------+----------------------------------+------------------------+---+---+------------------------+---+---+------------------+--------+--------+
|\profile_memory/profile_memory /xpm_memory_base_inst | gen_wr_a.gen_word_narrow.mem_reg | 4 K x 32(NO_CHANGE)    | W | R | 4 K x 32(WRITE_FIRST)  |   | R | Port A and B     | 0      | 4      | 
|coefficient_memory                                   | bank0/memory_reg                 | 1 K x 32(READ_FIRST)   | W |   | 1 K x 32(WRITE_FIRST)  |   | R | Port A and B     | 0      | 1      | 
|coefficient_memory                                   | bank1/memory_reg                 | 1 K x 32(READ_FIRST)   | W |   | 1 K x 32(WRITE_FIRST)  |   | R | Port A and B     | 0      | 1      | 
|coefficient_memory                                   | bank2/memory_reg                 | 1 K x 32(READ_FIRST)   | W |   | 1 K x 32(WRITE_FIRST)  |   | R | Port A and B     | 0      | 1      | 
|coefficient_memory                                   | bank3/memory_reg                 | 1 K x 32(READ_FIRST)   | W |   | 1 K x 32(WRITE_FIRST)  |   | R | Port A and B     | 0      | 1      | 
+-----------------------------------------------------+----------------------------------+------------------------+---+---+------------------------+---+---+------------------+--------+--------+

---------------------------------------------------------------------------------
Finished ROM, RAM, DSP, Shift Register and Retiming Reporting
---------------------------------------------------------------------------------
---------------------------------------------------------------------------------
Start Technology Mapping
---------------------------------------------------------------------------------
INFO: [Synth 8-7052] The timing for the instance profile_memory/profile_memory/xpm_memory_base_inst/gen_wr_a.gen_word_narrow.mem_reg_0 (implemented as a Block RAM) might be sub-optimal as no optional output register could be merged into the ram block. Providing additional output register may help in improving timing.
INFO: [Synth 8-7052] The timing for the instance profile_memory/profile_memory/xpm_memory_base_inst/gen_wr_a.gen_word_narrow.mem_reg_0 (implemented as a Block RAM) might be sub-optimal as no optional output register could be merged into the ram block. Providing additional output register may help in improving timing.
INFO: [Synth 8-7052] The timing for the instance profile_memory/profile_memory/xpm_memory_base_inst/gen_wr_a.gen_word_narrow.mem_reg_1 (implemented as a Block RAM) might be sub-optimal as no optional output register could be merged into the ram block. Providing additional output register may help in improving timing.
INFO: [Synth 8-7052] The timing for the instance profile_memory/profile_memory/xpm_memory_base_inst/gen_wr_a.gen_word_narrow.mem_reg_1 (implemented as a Block RAM) might be sub-optimal as no optional output register could be merged into the ram block. Providing additional output register may help in improving timing.
INFO: [Synth 8-7052] The timing for the instance profile_memory/profile_memory/xpm_memory_base_inst/gen_wr_a.gen_word_narrow.mem_reg_2 (implemented as a Block RAM) might be sub-optimal as no optional output register could be merged into the ram block. Providing additional output register may help in improving timing.
INFO: [Synth 8-7052] The timing for the instance profile_memory/profile_memory/xpm_memory_base_inst/gen_wr_a.gen_word_narrow.mem_reg_2 (implemented as a Block RAM) might be sub-optimal as no optional output register could be merged into the ram block. Providing additional output register may help in improving timing.
INFO: [Synth 8-7052] The timing for the instance profile_memory/profile_memory/xpm_memory_base_inst/gen_wr_a.gen_word_narrow.mem_reg_3 (implemented as a Block RAM) might be sub-optimal as no optional output register could be merged into the ram block. Providing additional output register may help in improving timing.
INFO: [Synth 8-7052] The timing for the instance profile_memory/profile_memory/xpm_memory_base_inst/gen_wr_a.gen_word_narrow.mem_reg_3 (implemented as a Block RAM) might be sub-optimal as no optional output register could be merged into the ram block. Providing additional output register may help in improving timing.
INFO: [Synth 8-7052] The timing for the instance coefficient_memory/bank0/memory_reg (implemented as a Block RAM) might be sub-optimal as no optional output register could be merged into the ram block. Providing additional output register may help in improving timing.
INFO: [Synth 8-7052] The timing for the instance coefficient_memory/bank1/memory_reg (implemented as a Block RAM) might be sub-optimal as no optional output register could be merged into the ram block. Providing additional output register may help in improving timing.
INFO: [Synth 8-7052] The timing for the instance coefficient_memory/bank2/memory_reg (implemented as a Block RAM) might be sub-optimal as no optional output register could be merged into the ram block. Providing additional output register may help in improving timing.
INFO: [Synth 8-7052] The timing for the instance coefficient_memory/bank3/memory_reg (implemented as a Block RAM) might be sub-optimal as no optional output register could be merged into the ram block. Providing additional output register may help in improving timing.
---------------------------------------------------------------------------------
Finished Technology Mapping : Time (s): cpu = 00:00:34 ; elapsed = 00:00:35 . Memory (MB): peak = 1644.141 ; gain = 708.242
---------------------------------------------------------------------------------
---------------------------------------------------------------------------------
Start IO Insertion
---------------------------------------------------------------------------------
---------------------------------------------------------------------------------
Start Flattening Before IO Insertion
---------------------------------------------------------------------------------
---------------------------------------------------------------------------------
Finished Flattening Before IO Insertion
---------------------------------------------------------------------------------
---------------------------------------------------------------------------------
Start Final Netlist Cleanup
---------------------------------------------------------------------------------
---------------------------------------------------------------------------------
Finished Final Netlist Cleanup
---------------------------------------------------------------------------------
---------------------------------------------------------------------------------
Finished IO Insertion : Time (s): cpu = 00:00:36 ; elapsed = 00:00:38 . Memory (MB): peak = 1659.566 ; gain = 723.668
---------------------------------------------------------------------------------
---------------------------------------------------------------------------------
Start Renaming Generated Instances
---------------------------------------------------------------------------------
---------------------------------------------------------------------------------
Finished Renaming Generated Instances : Time (s): cpu = 00:00:36 ; elapsed = 00:00:38 . Memory (MB): peak = 1659.566 ; gain = 723.668
---------------------------------------------------------------------------------
---------------------------------------------------------------------------------
Start Rebuilding User Hierarchy
---------------------------------------------------------------------------------
---------------------------------------------------------------------------------
Finished Rebuilding User Hierarchy : Time (s): cpu = 00:00:36 ; elapsed = 00:00:38 . Memory (MB): peak = 1659.566 ; gain = 723.668
---------------------------------------------------------------------------------
---------------------------------------------------------------------------------
Start Renaming Generated Ports
---------------------------------------------------------------------------------
---------------------------------------------------------------------------------
Finished Renaming Generated Ports : Time (s): cpu = 00:00:36 ; elapsed = 00:00:38 . Memory (MB): peak = 1659.566 ; gain = 723.668
---------------------------------------------------------------------------------
---------------------------------------------------------------------------------
Start Handling Custom Attributes
---------------------------------------------------------------------------------
---------------------------------------------------------------------------------
Finished Handling Custom Attributes : Time (s): cpu = 00:00:36 ; elapsed = 00:00:38 . Memory (MB): peak = 1659.566 ; gain = 723.668
---------------------------------------------------------------------------------
---------------------------------------------------------------------------------
Start Renaming Generated Nets
---------------------------------------------------------------------------------
---------------------------------------------------------------------------------
Finished Renaming Generated Nets : Time (s): cpu = 00:00:36 ; elapsed = 00:00:38 . Memory (MB): peak = 1659.566 ; gain = 723.668
---------------------------------------------------------------------------------
---------------------------------------------------------------------------------
Start Writing Synthesis Report
---------------------------------------------------------------------------------

Report BlackBoxes: 
+-+--------------+----------+
| |BlackBox name |Instances |
+-+--------------+----------+
+-+--------------+----------+

Report Cell Usage: 
+------+---------+------+
|      |Cell     |Count |
+------+---------+------+
|1     |BUFG     |     1|
|2     |CARRY4   |   355|
|3     |LUT1     |    37|
|4     |LUT2     |  1112|
|5     |LUT3     |   361|
|6     |LUT4     |   575|
|7     |LUT5     |   779|
|8     |LUT6     |   956|
|9     |RAMB36E1 |     8|
|11    |FDRE     |   786|
|12    |FDSE     |     1|
|13    |IBUF     |   177|
|14    |OBUF     |   225|
+------+---------+------+
---------------------------------------------------------------------------------
Finished Writing Synthesis Report : Time (s): cpu = 00:00:36 ; elapsed = 00:00:38 . Memory (MB): peak = 1659.566 ; gain = 723.668
---------------------------------------------------------------------------------
Synthesis finished with 0 errors, 0 critical warnings and 9 warnings.
Synthesis Optimization Runtime : Time (s): cpu = 00:00:30 ; elapsed = 00:00:37 . Memory (MB): peak = 1659.566 ; gain = 694.223
Synthesis Optimization Complete : Time (s): cpu = 00:00:36 ; elapsed = 00:00:38 . Memory (MB): peak = 1659.566 ; gain = 723.668
INFO: [Project 1-571] Translating synthesized netlist
Netlist sorting complete. Time (s): cpu = 00:00:00 ; elapsed = 00:00:00.032 . Memory (MB): peak = 1659.566 ; gain = 0.000
INFO: [Netlist 29-17] Analyzing 363 Unisim elements for replacement
INFO: [Netlist 29-28] Unisim Transformation completed in 0 CPU seconds
INFO: [Project 1-570] Preparing netlist for logic optimization
INFO: [Opt 31-138] Pushed 0 inverter(s) to 0 load pin(s).
Netlist sorting complete. Time (s): cpu = 00:00:00 ; elapsed = 00:00:00 . Memory (MB): peak = 1659.566 ; gain = 0.000
INFO: [Project 1-111] Unisim Transformation Summary:
No Unisim elements were transformed.

Synth Design complete | Checksum: 7a039266
INFO: [Common 17-83] Releasing license: Synthesis
50 Infos, 22 Warnings, 0 Critical Warnings and 0 Errors encountered.
synth_design completed successfully
synth_design: Time (s): cpu = 00:00:40 ; elapsed = 00:00:42 . Memory (MB): peak = 1659.566 ; gain = 1154.477
Write ShapeDB Complete: Time (s): cpu = 00:00:00 ; elapsed = 00:00:00.011 . Memory (MB): peak = 1659.566 ; gain = 0.000
INFO: [Common 17-1381] The checkpoint 'F:/repos/pynq_butterfly/vivado/ntt4096_dual_butterfly_cyclic_xpm_synth/ntt4096_dual_butterfly_cyclic_xpm_synth.runs/synth_1/ntt4096_dual_butterfly_cyclic_core.dcp' has been generated.
INFO: [Vivado 12-24828] Executing command : report_utilization -file ntt4096_dual_butterfly_cyclic_core_utilization_synth.rpt -pb ntt4096_dual_butterfly_cyclic_core_utilization_synth.pb
INFO: [Common 17-206] Exiting Vivado at Sun Jul 19 20:36:11 2026...
