
*** Running vivado
    with args -log ntt4096_dual_butterfly_cyclic_core.vds -m64 -product Vivado -mode batch -messageDb vivado.pb -notrace -source ntt4096_dual_butterfly_cyclic_core.tcl



****** Vivado v2024.1 (64-bit)
  **** SW Build 5076996 on Wed May 22 18:37:14 MDT 2024
  **** IP Build 5075265 on Wed May 22 21:45:21 MDT 2024
  **** SharedData Build 5076995 on Wed May 22 18:29:18 MDT 2024
  **** Start of session at: Sun Jul 19 20:22:18 2026
    ** Copyright 1986-2022 Xilinx, Inc. All Rights Reserved.
    ** Copyright 2022-2024 Advanced Micro Devices, Inc. All Rights Reserved.

source ntt4096_dual_butterfly_cyclic_core.tcl -notrace
create_project: Time (s): cpu = 00:00:05 ; elapsed = 00:00:05 . Memory (MB): peak = 503.902 ; gain = 201.766
Command: synth_design -top ntt4096_dual_butterfly_cyclic_core -part xc7z020clg400-1 -directive PerformanceOptimized -fsm_extraction one_hot -keep_equivalent_registers -resource_sharing off -no_lc -shreg_min_size 5
Starting synth_design
Attempting to get a license for feature 'Synthesis' and/or device 'xc7z020'
INFO: [Common 17-349] Got license for feature 'Synthesis' and/or device 'xc7z020'
INFO: [Device 21-403] Loading part xc7z020clg400-1
INFO: [Device 21-9227] Part: xc7z020clg400-1 does not have CEAM library.
INFO: [Synth 8-7079] Multithreading enabled for synth_design using a maximum of 2 processes.
INFO: [Synth 8-7078] Launching helper process for spawning children vivado processes
INFO: [Synth 8-7075] Helper process launched with PID 12452
---------------------------------------------------------------------------------
Starting RTL Elaboration : Time (s): cpu = 00:00:05 ; elapsed = 00:00:05 . Memory (MB): peak = 1381.168 ; gain = 446.703
---------------------------------------------------------------------------------
INFO: [Synth 8-6157] synthesizing module 'ntt4096_dual_butterfly_cyclic_core' [F:/repos/pynq_butterfly/rtl/ntt4096_dual_butterfly_cyclic_core.sv:25]
INFO: [Synth 8-6157] synthesizing module 'ntt4096_paired_schedule_core' [F:/repos/pynq_butterfly/rtl/ntt4096_paired_schedule_core.sv:14]
INFO: [Synth 8-6155] done synthesizing module 'ntt4096_paired_schedule_core' (0#1) [F:/repos/pynq_butterfly/rtl/ntt4096_paired_schedule_core.sv:14]
INFO: [Synth 8-6157] synthesizing module 'ntt4096_profile_bram_dual_read' [F:/repos/pynq_butterfly/rtl/ntt4096_profile_bram_dual_read.sv:11]
INFO: [Synth 8-6155] done synthesizing module 'ntt4096_profile_bram_dual_read' (0#1) [F:/repos/pynq_butterfly/rtl/ntt4096_profile_bram_dual_read.sv:11]
INFO: [Synth 8-6157] synthesizing module 'ntt4096_four_bank_coeff_store' [F:/repos/pynq_butterfly/rtl/ntt4096_four_bank_coeff_store.sv:18]
INFO: [Synth 8-6157] synthesizing module 'ntt4096_coeff_bank_1024x32' [F:/repos/pynq_butterfly/rtl/ntt4096_coeff_bank_1024x32.sv:11]
INFO: [Synth 8-6155] done synthesizing module 'ntt4096_coeff_bank_1024x32' (0#1) [F:/repos/pynq_butterfly/rtl/ntt4096_coeff_bank_1024x32.sv:11]
INFO: [Synth 8-6155] done synthesizing module 'ntt4096_four_bank_coeff_store' (0#1) [F:/repos/pynq_butterfly/rtl/ntt4096_four_bank_coeff_store.sv:18]
INFO: [Synth 8-6157] synthesizing module 'ntt4096_dual_mode_butterfly_core' [F:/repos/pynq_butterfly/rtl/ntt4096_dual_mode_butterfly_core.sv:17]
INFO: [Synth 8-6157] synthesizing module 'modmul_core' [F:/repos/pynq_butterfly/rtl/modmul_core.sv:22]
INFO: [Synth 8-6155] done synthesizing module 'modmul_core' (0#1) [F:/repos/pynq_butterfly/rtl/modmul_core.sv:22]
INFO: [Synth 8-6155] done synthesizing module 'ntt4096_dual_mode_butterfly_core' (0#1) [F:/repos/pynq_butterfly/rtl/ntt4096_dual_mode_butterfly_core.sv:17]
INFO: [Synth 8-6155] done synthesizing module 'ntt4096_dual_butterfly_cyclic_core' (0#1) [F:/repos/pynq_butterfly/rtl/ntt4096_dual_butterfly_cyclic_core.sv:25]
---------------------------------------------------------------------------------
Finished RTL Elaboration : Time (s): cpu = 00:00:06 ; elapsed = 00:00:06 . Memory (MB): peak = 1504.516 ; gain = 570.051
---------------------------------------------------------------------------------
---------------------------------------------------------------------------------
Start Handling Custom Attributes
---------------------------------------------------------------------------------
---------------------------------------------------------------------------------
Finished Handling Custom Attributes : Time (s): cpu = 00:00:06 ; elapsed = 00:00:06 . Memory (MB): peak = 1504.516 ; gain = 570.051
---------------------------------------------------------------------------------
---------------------------------------------------------------------------------
Finished RTL Optimization Phase 1 : Time (s): cpu = 00:00:06 ; elapsed = 00:00:06 . Memory (MB): peak = 1504.516 ; gain = 570.051
---------------------------------------------------------------------------------
Netlist sorting complete. Time (s): cpu = 00:00:00 ; elapsed = 00:00:00.022 . Memory (MB): peak = 1504.516 ; gain = 0.000
INFO: [Project 1-570] Preparing netlist for logic optimization

Processing XDC Constraints
Initializing timing engine
Parsing XDC File [F:/repos/pynq_butterfly/vivado/ntt4096_dual_butterfly_cyclic_synth/ntt4096_dual_butterfly_cyclic_synth.xdc]
Finished Parsing XDC File [F:/repos/pynq_butterfly/vivado/ntt4096_dual_butterfly_cyclic_synth/ntt4096_dual_butterfly_cyclic_synth.xdc]
Completed Processing XDC Constraints

Netlist sorting complete. Time (s): cpu = 00:00:00 ; elapsed = 00:00:00.001 . Memory (MB): peak = 1606.492 ; gain = 0.000
INFO: [Project 1-111] Unisim Transformation Summary:
No Unisim elements were transformed.

Constraint Validation Runtime : Time (s): cpu = 00:00:00 ; elapsed = 00:00:00.022 . Memory (MB): peak = 1606.492 ; gain = 0.000
---------------------------------------------------------------------------------
Finished Constraint Validation : Time (s): cpu = 00:00:12 ; elapsed = 00:00:12 . Memory (MB): peak = 1606.492 ; gain = 672.027
---------------------------------------------------------------------------------
---------------------------------------------------------------------------------
Start Loading Part and Timing Information
---------------------------------------------------------------------------------
Loading part: xc7z020clg400-1
---------------------------------------------------------------------------------
Finished Loading Part and Timing Information : Time (s): cpu = 00:00:12 ; elapsed = 00:00:12 . Memory (MB): peak = 1606.492 ; gain = 672.027
---------------------------------------------------------------------------------
---------------------------------------------------------------------------------
Start Applying 'set_property' XDC Constraints
---------------------------------------------------------------------------------
---------------------------------------------------------------------------------
Finished applying 'set_property' XDC Constraints : Time (s): cpu = 00:00:12 ; elapsed = 00:00:12 . Memory (MB): peak = 1606.492 ; gain = 672.027
---------------------------------------------------------------------------------
INFO: [Synth 8-802] inferred FSM for state register 'state_reg' in module 'ntt4096_dual_butterfly_cyclic_core'
INFO: [Synth 8-3971] The signal "ntt4096_profile_bram_dual_read:/memory_reg" was recognized as a true dual port RAM template.
---------------------------------------------------------------------------------------------------
                   State |                     New Encoding |                Previous Encoding 
---------------------------------------------------------------------------------------------------
              STATE_IDLE |                           000001 |                              000
    STATE_SCHEDULE_START |                           100000 |                              001
        STATE_READ_ISSUE |                           000100 |                              010
      STATE_READ_CAPTURE |                           010000 |                              011
    STATE_BUTTERFLY_WAIT |                           001000 |                              100
         STATE_WRITEBACK |                           000010 |                              101
---------------------------------------------------------------------------------------------------
INFO: [Synth 8-3354] encoded FSM with state register 'state_reg' using encoding 'one-hot' in module 'ntt4096_dual_butterfly_cyclic_core'
---------------------------------------------------------------------------------
Finished RTL Optimization Phase 2 : Time (s): cpu = 00:00:12 ; elapsed = 00:00:13 . Memory (MB): peak = 1606.492 ; gain = 672.027
---------------------------------------------------------------------------------
---------------------------------------------------------------------------------
Start RTL Component Statistics 
---------------------------------------------------------------------------------
Detailed RTL Component Info : 
+---Adders : 
	   3 Input   35 Bit       Adders := 12    
	   2 Input   34 Bit       Adders := 6     
	   2 Input   33 Bit       Adders := 4     
	   3 Input   32 Bit       Adders := 8     
	   4 Input   32 Bit       Adders := 4     
	   2 Input   32 Bit       Adders := 1     
	   2 Input   15 Bit       Adders := 1     
	   2 Input   14 Bit       Adders := 1     
	   2 Input   12 Bit       Adders := 3     
	   2 Input   10 Bit       Adders := 1     
	   2 Input    5 Bit       Adders := 4     
	   2 Input    4 Bit       Adders := 8     
	   2 Input    3 Bit       Adders := 2     
+---XORs : 
	   6 Input      1 Bit         XORs := 18    
+---Registers : 
	               32 Bit    Registers := 28    
	               15 Bit    Registers := 1     
	               14 Bit    Registers := 1     
	               10 Bit    Registers := 1     
	                4 Bit    Registers := 3     
	                2 Bit    Registers := 4     
	                1 Bit    Registers := 20    
+---RAMs : 
	             128K Bit	(4096 X 32 bit)          RAMs := 1     
	              32K Bit	(1024 X 32 bit)          RAMs := 4     
+---Muxes : 
	   2 Input   34 Bit        Muxes := 4     
	   2 Input   32 Bit        Muxes := 44    
	   4 Input   32 Bit        Muxes := 36    
	   6 Input   32 Bit        Muxes := 1     
	   6 Input   15 Bit        Muxes := 1     
	   6 Input   14 Bit        Muxes := 1     
	   2 Input   12 Bit        Muxes := 4     
	   4 Input   10 Bit        Muxes := 36    
	   2 Input   10 Bit        Muxes := 8     
	   6 Input    6 Bit        Muxes := 1     
	   2 Input    6 Bit        Muxes := 1     
	   2 Input    4 Bit        Muxes := 3     
	   3 Input    4 Bit        Muxes := 1     
	   2 Input    3 Bit        Muxes := 1     
	   2 Input    2 Bit        Muxes := 1     
	   4 Input    2 Bit        Muxes := 8     
	   2 Input    1 Bit        Muxes := 40    
	   4 Input    1 Bit        Muxes := 21    
	   3 Input    1 Bit        Muxes := 1     
	   5 Input    1 Bit        Muxes := 4     
	   6 Input    1 Bit        Muxes := 7     
---------------------------------------------------------------------------------
Finished RTL Component Statistics 
---------------------------------------------------------------------------------
---------------------------------------------------------------------------------
Start Part Resource Summary
---------------------------------------------------------------------------------
Part Resources:
DSPs: 220 (col length:60)
BRAMs: 280 (col length: RAMB18 60 RAMB36 30)
---------------------------------------------------------------------------------
Finished Part Resource Summary
---------------------------------------------------------------------------------
---------------------------------------------------------------------------------
Start Cross Boundary and Area Optimization
---------------------------------------------------------------------------------
WARNING: [Synth 8-7080] Parallel synthesis criteria is not met
INFO: [Synth 8-3971] The signal "ntt4096_dual_butterfly_cyclic_core/profile_memory/memory_reg" was recognized as a true dual port RAM template.
---------------------------------------------------------------------------------
Finished Cross Boundary and Area Optimization : Time (s): cpu = 00:00:30 ; elapsed = 00:00:31 . Memory (MB): peak = 1606.492 ; gain = 672.027
---------------------------------------------------------------------------------
---------------------------------------------------------------------------------
Start ROM, RAM, DSP, Shift Register and Retiming Reporting
---------------------------------------------------------------------------------

Block RAM: Preliminary Mapping Report (see note below)
+-------------------+------------------+------------------------+---+---+------------------------+---+---+------------------+--------+--------+
|Module Name        | RTL Object       | PORT A (Depth x Width) | W | R | PORT B (Depth x Width) | W | R | Ports driving FF | RAMB18 | RAMB36 | 
+-------------------+------------------+------------------------+---+---+------------------------+---+---+------------------+--------+--------+
|coefficient_memory | bank0/memory_reg | 1 K x 32(READ_FIRST)   | W |   | 1 K x 32(WRITE_FIRST)  |   | R | Port A and B     | 0      | 1      | 
|coefficient_memory | bank1/memory_reg | 1 K x 32(READ_FIRST)   | W |   | 1 K x 32(WRITE_FIRST)  |   | R | Port A and B     | 0      | 1      | 
|coefficient_memory | bank2/memory_reg | 1 K x 32(READ_FIRST)   | W |   | 1 K x 32(WRITE_FIRST)  |   | R | Port A and B     | 0      | 1      | 
|coefficient_memory | bank3/memory_reg | 1 K x 32(READ_FIRST)   | W |   | 1 K x 32(WRITE_FIRST)  |   | R | Port A and B     | 0      | 1      | 
+-------------------+------------------+------------------------+---+---+------------------------+---+---+------------------+--------+--------+

Note: The table above is a preliminary report that shows the Block RAMs at the current stage of the synthesis flow. Some Block RAMs may be reimplemented as non Block RAM primitives later in the synthesis flow. Multiple instantiated Block RAMs are reported only once. 
---------------------------------------------------------------------------------
Finished ROM, RAM, DSP, Shift Register and Retiming Reporting
---------------------------------------------------------------------------------
---------------------------------------------------------------------------------
Start Applying XDC Timing Constraints
---------------------------------------------------------------------------------
---------------------------------------------------------------------------------
Finished Applying XDC Timing Constraints : Time (s): cpu = 00:00:35 ; elapsed = 00:00:36 . Memory (MB): peak = 1606.492 ; gain = 672.027
---------------------------------------------------------------------------------
---------------------------------------------------------------------------------
Start Timing Optimization
---------------------------------------------------------------------------------
---------------------------------------------------------------------------------
Finished Timing Optimization : Time (s): cpu = 00:00:37 ; elapsed = 00:00:39 . Memory (MB): peak = 1606.492 ; gain = 672.027
---------------------------------------------------------------------------------
---------------------------------------------------------------------------------
Start ROM, RAM, DSP, Shift Register and Retiming Reporting
---------------------------------------------------------------------------------

Block RAM: Final Mapping Report
+-------------------+------------------+------------------------+---+---+------------------------+---+---+------------------+--------+--------+
|Module Name        | RTL Object       | PORT A (Depth x Width) | W | R | PORT B (Depth x Width) | W | R | Ports driving FF | RAMB18 | RAMB36 | 
+-------------------+------------------+------------------------+---+---+------------------------+---+---+------------------+--------+--------+
|coefficient_memory | bank0/memory_reg | 1 K x 32(READ_FIRST)   | W |   | 1 K x 32(WRITE_FIRST)  |   | R | Port A and B     | 0      | 1      | 
|coefficient_memory | bank1/memory_reg | 1 K x 32(READ_FIRST)   | W |   | 1 K x 32(WRITE_FIRST)  |   | R | Port A and B     | 0      | 1      | 
|coefficient_memory | bank2/memory_reg | 1 K x 32(READ_FIRST)   | W |   | 1 K x 32(WRITE_FIRST)  |   | R | Port A and B     | 0      | 1      | 
|coefficient_memory | bank3/memory_reg | 1 K x 32(READ_FIRST)   | W |   | 1 K x 32(WRITE_FIRST)  |   | R | Port A and B     | 0      | 1      | 
+-------------------+------------------+------------------------+---+---+------------------------+---+---+------------------+--------+--------+

---------------------------------------------------------------------------------
Finished ROM, RAM, DSP, Shift Register and Retiming Reporting
---------------------------------------------------------------------------------
---------------------------------------------------------------------------------
Start Technology Mapping
---------------------------------------------------------------------------------
INFO: [Synth 8-7052] The timing for the instance profile_memory/memory_reg_1_0 (implemented as a Block RAM) might be sub-optimal as no optional output register could be merged into the ram block. Providing additional output register may help in improving timing.
INFO: [Synth 8-7052] The timing for the instance profile_memory/memory_reg_1_1 (implemented as a Block RAM) might be sub-optimal as no optional output register could be merged into the ram block. Providing additional output register may help in improving timing.
INFO: [Synth 8-7052] The timing for the instance profile_memory/memory_reg_1_2 (implemented as a Block RAM) might be sub-optimal as no optional output register could be merged into the ram block. Providing additional output register may help in improving timing.
INFO: [Synth 8-7052] The timing for the instance profile_memory/memory_reg_1_3 (implemented as a Block RAM) might be sub-optimal as no optional output register could be merged into the ram block. Providing additional output register may help in improving timing.
INFO: [Synth 8-7052] The timing for the instance profile_memory/memory_reg_2_0 (implemented as a Block RAM) might be sub-optimal as no optional output register could be merged into the ram block. Providing additional output register may help in improving timing.
INFO: [Synth 8-7052] The timing for the instance profile_memory/memory_reg_2_1 (implemented as a Block RAM) might be sub-optimal as no optional output register could be merged into the ram block. Providing additional output register may help in improving timing.
INFO: [Synth 8-7052] The timing for the instance profile_memory/memory_reg_2_2 (implemented as a Block RAM) might be sub-optimal as no optional output register could be merged into the ram block. Providing additional output register may help in improving timing.
INFO: [Synth 8-7052] The timing for the instance profile_memory/memory_reg_2_3 (implemented as a Block RAM) might be sub-optimal as no optional output register could be merged into the ram block. Providing additional output register may help in improving timing.
INFO: [Synth 8-7052] The timing for the instance coefficient_memory/bank0/memory_reg (implemented as a Block RAM) might be sub-optimal as no optional output register could be merged into the ram block. Providing additional output register may help in improving timing.
INFO: [Synth 8-7052] The timing for the instance coefficient_memory/bank1/memory_reg (implemented as a Block RAM) might be sub-optimal as no optional output register could be merged into the ram block. Providing additional output register may help in improving timing.
INFO: [Synth 8-7052] The timing for the instance coefficient_memory/bank2/memory_reg (implemented as a Block RAM) might be sub-optimal as no optional output register could be merged into the ram block. Providing additional output register may help in improving timing.
INFO: [Synth 8-7052] The timing for the instance coefficient_memory/bank3/memory_reg (implemented as a Block RAM) might be sub-optimal as no optional output register could be merged into the ram block. Providing additional output register may help in improving timing.
---------------------------------------------------------------------------------
Finished Technology Mapping : Time (s): cpu = 00:00:38 ; elapsed = 00:00:40 . Memory (MB): peak = 1639.344 ; gain = 704.879
---------------------------------------------------------------------------------
---------------------------------------------------------------------------------
Start IO Insertion
---------------------------------------------------------------------------------
---------------------------------------------------------------------------------
Start Flattening Before IO Insertion
---------------------------------------------------------------------------------
---------------------------------------------------------------------------------
Finished Flattening Before IO Insertion
---------------------------------------------------------------------------------
---------------------------------------------------------------------------------
Start Final Netlist Cleanup
---------------------------------------------------------------------------------
---------------------------------------------------------------------------------
Finished Final Netlist Cleanup
---------------------------------------------------------------------------------
---------------------------------------------------------------------------------
Finished IO Insertion : Time (s): cpu = 00:00:41 ; elapsed = 00:00:43 . Memory (MB): peak = 1653.781 ; gain = 719.316
---------------------------------------------------------------------------------
---------------------------------------------------------------------------------
Start Renaming Generated Instances
---------------------------------------------------------------------------------
---------------------------------------------------------------------------------
Finished Renaming Generated Instances : Time (s): cpu = 00:00:41 ; elapsed = 00:00:43 . Memory (MB): peak = 1653.781 ; gain = 719.316
---------------------------------------------------------------------------------
---------------------------------------------------------------------------------
Start Rebuilding User Hierarchy
---------------------------------------------------------------------------------
---------------------------------------------------------------------------------
Finished Rebuilding User Hierarchy : Time (s): cpu = 00:00:42 ; elapsed = 00:00:43 . Memory (MB): peak = 1653.781 ; gain = 719.316
---------------------------------------------------------------------------------
---------------------------------------------------------------------------------
Start Renaming Generated Ports
---------------------------------------------------------------------------------
---------------------------------------------------------------------------------
Finished Renaming Generated Ports : Time (s): cpu = 00:00:42 ; elapsed = 00:00:43 . Memory (MB): peak = 1653.781 ; gain = 719.316
---------------------------------------------------------------------------------
---------------------------------------------------------------------------------
Start Handling Custom Attributes
---------------------------------------------------------------------------------
---------------------------------------------------------------------------------
Finished Handling Custom Attributes : Time (s): cpu = 00:00:42 ; elapsed = 00:00:43 . Memory (MB): peak = 1653.805 ; gain = 719.340
---------------------------------------------------------------------------------
---------------------------------------------------------------------------------
Start Renaming Generated Nets
---------------------------------------------------------------------------------
---------------------------------------------------------------------------------
Finished Renaming Generated Nets : Time (s): cpu = 00:00:42 ; elapsed = 00:00:43 . Memory (MB): peak = 1653.805 ; gain = 719.340
---------------------------------------------------------------------------------
---------------------------------------------------------------------------------
Start Writing Synthesis Report
---------------------------------------------------------------------------------

Report BlackBoxes: 
+-+--------------+----------+
| |BlackBox name |Instances |
+-+--------------+----------+
+-+--------------+----------+

Report Cell Usage: 
+------+---------+------+
|      |Cell     |Count |
+------+---------+------+
|1     |BUFG     |     1|
|2     |CARRY4   |   355|
|3     |LUT1     |    37|
|4     |LUT2     |  1105|
|5     |LUT3     |   365|
|6     |LUT4     |   560|
|7     |LUT5     |   776|
|8     |LUT6     |   966|
|9     |RAMB36E1 |    12|
|11    |FDRE     |   786|
|12    |FDSE     |     1|
|13    |IBUF     |   177|
|14    |OBUF     |   225|
+------+---------+------+
---------------------------------------------------------------------------------
Finished Writing Synthesis Report : Time (s): cpu = 00:00:42 ; elapsed = 00:00:43 . Memory (MB): peak = 1653.805 ; gain = 719.340
---------------------------------------------------------------------------------
Synthesis finished with 0 errors, 0 critical warnings and 1 warnings.
Synthesis Optimization Runtime : Time (s): cpu = 00:00:34 ; elapsed = 00:00:42 . Memory (MB): peak = 1653.805 ; gain = 617.363
Synthesis Optimization Complete : Time (s): cpu = 00:00:42 ; elapsed = 00:00:43 . Memory (MB): peak = 1653.805 ; gain = 719.340
INFO: [Project 1-571] Translating synthesized netlist
Netlist sorting complete. Time (s): cpu = 00:00:00 ; elapsed = 00:00:00.054 . Memory (MB): peak = 1653.805 ; gain = 0.000
INFO: [Netlist 29-17] Analyzing 367 Unisim elements for replacement
INFO: [Netlist 29-28] Unisim Transformation completed in 0 CPU seconds
INFO: [Project 1-570] Preparing netlist for logic optimization
INFO: [Opt 31-138] Pushed 0 inverter(s) to 0 load pin(s).
Netlist sorting complete. Time (s): cpu = 00:00:00 ; elapsed = 00:00:00 . Memory (MB): peak = 1653.805 ; gain = 0.000
INFO: [Project 1-111] Unisim Transformation Summary:
No Unisim elements were transformed.

Synth Design complete | Checksum: a931b41b
INFO: [Common 17-83] Releasing license: Synthesis
45 Infos, 1 Warnings, 0 Critical Warnings and 0 Errors encountered.
synth_design completed successfully
synth_design: Time (s): cpu = 00:00:47 ; elapsed = 00:00:50 . Memory (MB): peak = 1653.805 ; gain = 1149.902
Write ShapeDB Complete: Time (s): cpu = 00:00:00 ; elapsed = 00:00:00.007 . Memory (MB): peak = 1653.805 ; gain = 0.000
INFO: [Common 17-1381] The checkpoint 'F:/repos/pynq_butterfly/vivado/ntt4096_dual_butterfly_cyclic_synth/ntt4096_dual_butterfly_cyclic_synth.runs/synth_1/ntt4096_dual_butterfly_cyclic_core.dcp' has been generated.
INFO: [Vivado 12-24828] Executing command : report_utilization -file ntt4096_dual_butterfly_cyclic_core_utilization_synth.rpt -pb ntt4096_dual_butterfly_cyclic_core_utilization_synth.pb
INFO: [Common 17-206] Exiting Vivado at Sun Jul 19 20:23:15 2026...
