
*** Running vivado
    with args -log poly_mul256_axis_batch_core.vds -m64 -product Vivado -mode batch -messageDb vivado.pb -notrace -source poly_mul256_axis_batch_core.tcl



****** Vivado v2024.1 (64-bit)
  **** SW Build 5076996 on Wed May 22 18:37:14 MDT 2024
  **** IP Build 5075265 on Wed May 22 21:45:21 MDT 2024
  **** SharedData Build 5076995 on Wed May 22 18:29:18 MDT 2024
  **** Start of session at: Sun Jul 19 02:00:01 2026
    ** Copyright 1986-2022 Xilinx, Inc. All Rights Reserved.
    ** Copyright 2022-2024 Advanced Micro Devices, Inc. All Rights Reserved.

source poly_mul256_axis_batch_core.tcl -notrace
INFO: [IP_Flow 19-234] Refreshing IP repositories
INFO: [IP_Flow 19-1700] Loaded user IP repository 'f:/repos/pynq_butterfly/ip/poly_mul256_axis_batch_1_0'.
INFO: [IP_Flow 19-2313] Loaded Vivado IP repository 'F:/Xilinx/Vivado/2024.1/data/ip'.
WARNING: [IP_Flow 19-4995] The host OS only allows 260 characters in a normal path. The IP cache path is more than 80 characters. If you experience issues with IP caching, please consider changing the IP cache to a location with a shorter path. Alternately consider using the OS subst command to map part of the path to a drive letter. 
Current IP cache path is f:/repos/pynq_butterfly/vivado/package_poly_mul256_axis_batch/project/package_poly_mul256_axis_batch.cache/ip 
Command: synth_design -top poly_mul256_axis_batch_core -part xc7z020clg400-1
Starting synth_design
Attempting to get a license for feature 'Synthesis' and/or device 'xc7z020'
INFO: [Common 17-349] Got license for feature 'Synthesis' and/or device 'xc7z020'
INFO: [Device 21-403] Loading part xc7z020clg400-1
INFO: [Device 21-9227] Part: xc7z020clg400-1 does not have CEAM library.
INFO: [Synth 8-7079] Multithreading enabled for synth_design using a maximum of 2 processes.
INFO: [Synth 8-7078] Launching helper process for spawning children vivado processes
INFO: [Synth 8-7075] Helper process launched with PID 31576
---------------------------------------------------------------------------------
Starting RTL Elaboration : Time (s): cpu = 00:00:03 ; elapsed = 00:00:03 . Memory (MB): peak = 1388.500 ; gain = 447.938
---------------------------------------------------------------------------------
INFO: [Synth 8-6157] synthesizing module 'poly_mul256_axis_batch_core' [F:/repos/pynq_butterfly/rtl/poly_mul256_axis_batch_core.sv:25]
INFO: [Synth 8-6157] synthesizing module 'poly_mul256_core' [F:/repos/pynq_butterfly/rtl/poly_mul256_core.sv:24]
	Parameter FORWARD_TWIST_INIT_FILE bound to: twist_factors.mem - type: string 
	Parameter FORWARD_TWIDDLE_INIT_FILE bound to: forward_twiddles.mem - type: string 
	Parameter INVERSE_TWIDDLE_INIT_FILE bound to: inverse_twiddles.mem - type: string 
	Parameter INVERSE_SCALE_INIT_FILE bound to: inverse_scale_factors.mem - type: string 
INFO: [Synth 8-6157] synthesizing module 'ntt256_coeff_bram' [F:/repos/pynq_butterfly/rtl/ntt256_coeff_bram.sv:17]
INFO: [Synth 8-6155] done synthesizing module 'ntt256_coeff_bram' (0#1) [F:/repos/pynq_butterfly/rtl/ntt256_coeff_bram.sv:17]
INFO: [Synth 8-6157] synthesizing module 'forward_ntt256_core' [F:/repos/pynq_butterfly/rtl/forward_ntt256_core.sv:24]
	Parameter TWIST_INIT_FILE bound to: twist_factors.mem - type: string 
	Parameter TWIDDLE_INIT_FILE bound to: forward_twiddles.mem - type: string 
INFO: [Synth 8-6157] synthesizing module 'ntt256_factor_rom' [F:/repos/pynq_butterfly/rtl/ntt256_factor_rom.sv:11]
	Parameter INIT_FILE bound to: twist_factors.mem - type: string 
INFO: [Synth 8-3876] $readmem data file 'twist_factors.mem' is read successfully [F:/repos/pynq_butterfly/rtl/ntt256_factor_rom.sv:35]
INFO: [Synth 8-6155] done synthesizing module 'ntt256_factor_rom' (0#1) [F:/repos/pynq_butterfly/rtl/ntt256_factor_rom.sv:11]
INFO: [Synth 8-6157] synthesizing module 'modmul_core' [F:/repos/pynq_butterfly/rtl/modmul_core.sv:22]
INFO: [Synth 8-6155] done synthesizing module 'modmul_core' (0#1) [F:/repos/pynq_butterfly/rtl/modmul_core.sv:22]
INFO: [Synth 8-6157] synthesizing module 'ntt256_cyclic_core' [F:/repos/pynq_butterfly/rtl/ntt256_cyclic_core.sv:26]
	Parameter TWIDDLE_INIT_FILE bound to: forward_twiddles.mem - type: string 
INFO: [Synth 8-6157] synthesizing module 'ntt256_schedule_core' [F:/repos/pynq_butterfly/rtl/ntt256_schedule_core.sv:31]
INFO: [Synth 8-6155] done synthesizing module 'ntt256_schedule_core' (0#1) [F:/repos/pynq_butterfly/rtl/ntt256_schedule_core.sv:31]
INFO: [Synth 8-6157] synthesizing module 'ntt256_twiddle_rom' [F:/repos/pynq_butterfly/rtl/ntt256_twiddle_rom.sv:16]
	Parameter INIT_FILE bound to: forward_twiddles.mem - type: string 
INFO: [Synth 8-3876] $readmem data file 'forward_twiddles.mem' is read successfully [F:/repos/pynq_butterfly/rtl/ntt256_twiddle_rom.sv:44]
INFO: [Synth 8-6155] done synthesizing module 'ntt256_twiddle_rom' (0#1) [F:/repos/pynq_butterfly/rtl/ntt256_twiddle_rom.sv:16]
INFO: [Synth 8-6157] synthesizing module 'butterfly_core' [F:/repos/pynq_butterfly/rtl/butterfly_core.sv:3]
INFO: [Synth 8-6155] done synthesizing module 'butterfly_core' (0#1) [F:/repos/pynq_butterfly/rtl/butterfly_core.sv:3]
INFO: [Synth 8-6155] done synthesizing module 'ntt256_cyclic_core' (0#1) [F:/repos/pynq_butterfly/rtl/ntt256_cyclic_core.sv:26]
INFO: [Synth 8-6155] done synthesizing module 'forward_ntt256_core' (0#1) [F:/repos/pynq_butterfly/rtl/forward_ntt256_core.sv:24]
INFO: [Synth 8-6157] synthesizing module 'pointwise_mul256_core' [F:/repos/pynq_butterfly/rtl/pointwise_mul256_core.sv:16]
INFO: [Synth 8-6155] done synthesizing module 'pointwise_mul256_core' (0#1) [F:/repos/pynq_butterfly/rtl/pointwise_mul256_core.sv:16]
INFO: [Synth 8-6157] synthesizing module 'inverse_ntt256_core' [F:/repos/pynq_butterfly/rtl/inverse_ntt256_core.sv:30]
	Parameter INVERSE_TWIDDLE_INIT_FILE bound to: inverse_twiddles.mem - type: string 
	Parameter INVERSE_SCALE_INIT_FILE bound to: inverse_scale_factors.mem - type: string 
INFO: [Synth 8-6157] synthesizing module 'ntt256_cyclic_core__parameterized0' [F:/repos/pynq_butterfly/rtl/ntt256_cyclic_core.sv:26]
	Parameter TWIDDLE_INIT_FILE bound to: inverse_twiddles.mem - type: string 
INFO: [Synth 8-6157] synthesizing module 'ntt256_twiddle_rom__parameterized0' [F:/repos/pynq_butterfly/rtl/ntt256_twiddle_rom.sv:16]
	Parameter INIT_FILE bound to: inverse_twiddles.mem - type: string 
INFO: [Synth 8-3876] $readmem data file 'inverse_twiddles.mem' is read successfully [F:/repos/pynq_butterfly/rtl/ntt256_twiddle_rom.sv:44]
INFO: [Synth 8-6155] done synthesizing module 'ntt256_twiddle_rom__parameterized0' (0#1) [F:/repos/pynq_butterfly/rtl/ntt256_twiddle_rom.sv:16]
INFO: [Synth 8-6155] done synthesizing module 'ntt256_cyclic_core__parameterized0' (0#1) [F:/repos/pynq_butterfly/rtl/ntt256_cyclic_core.sv:26]
INFO: [Synth 8-6157] synthesizing module 'ntt256_factor_rom__parameterized0' [F:/repos/pynq_butterfly/rtl/ntt256_factor_rom.sv:11]
	Parameter INIT_FILE bound to: inverse_scale_factors.mem - type: string 
INFO: [Synth 8-3876] $readmem data file 'inverse_scale_factors.mem' is read successfully [F:/repos/pynq_butterfly/rtl/ntt256_factor_rom.sv:35]
INFO: [Synth 8-6155] done synthesizing module 'ntt256_factor_rom__parameterized0' (0#1) [F:/repos/pynq_butterfly/rtl/ntt256_factor_rom.sv:11]
INFO: [Synth 8-6155] done synthesizing module 'inverse_ntt256_core' (0#1) [F:/repos/pynq_butterfly/rtl/inverse_ntt256_core.sv:30]
INFO: [Synth 8-6155] done synthesizing module 'poly_mul256_core' (0#1) [F:/repos/pynq_butterfly/rtl/poly_mul256_core.sv:24]
INFO: [Synth 8-6155] done synthesizing module 'poly_mul256_axis_batch_core' (0#1) [F:/repos/pynq_butterfly/rtl/poly_mul256_axis_batch_core.sv:25]
WARNING: [Synth 8-6014] Unused sequential element current_stage_reg was removed.  [F:/repos/pynq_butterfly/rtl/ntt256_cyclic_core.sv:319]
WARNING: [Synth 8-6014] Unused sequential element current_butterfly_index_reg was removed.  [F:/repos/pynq_butterfly/rtl/ntt256_cyclic_core.sv:320]
WARNING: [Synth 8-6014] Unused sequential element current_twiddle_address_reg was removed.  [F:/repos/pynq_butterfly/rtl/ntt256_cyclic_core.sv:324]
WARNING: [Synth 8-6014] Unused sequential element current_stage_reg was removed.  [F:/repos/pynq_butterfly/rtl/ntt256_cyclic_core.sv:319]
WARNING: [Synth 8-6014] Unused sequential element current_butterfly_index_reg was removed.  [F:/repos/pynq_butterfly/rtl/ntt256_cyclic_core.sv:320]
WARNING: [Synth 8-6014] Unused sequential element current_twiddle_address_reg was removed.  [F:/repos/pynq_butterfly/rtl/ntt256_cyclic_core.sv:324]
WARNING: [Synth 8-3917] design poly_mul256_axis_batch_core has port m_axis_tkeep[3] driven by constant 1
WARNING: [Synth 8-3917] design poly_mul256_axis_batch_core has port m_axis_tkeep[2] driven by constant 1
WARNING: [Synth 8-3917] design poly_mul256_axis_batch_core has port m_axis_tkeep[1] driven by constant 1
WARNING: [Synth 8-3917] design poly_mul256_axis_batch_core has port m_axis_tkeep[0] driven by constant 1
---------------------------------------------------------------------------------
Finished RTL Elaboration : Time (s): cpu = 00:00:04 ; elapsed = 00:00:04 . Memory (MB): peak = 1516.211 ; gain = 575.648
---------------------------------------------------------------------------------
---------------------------------------------------------------------------------
Start Handling Custom Attributes
---------------------------------------------------------------------------------
---------------------------------------------------------------------------------
Finished Handling Custom Attributes : Time (s): cpu = 00:00:04 ; elapsed = 00:00:04 . Memory (MB): peak = 1516.211 ; gain = 575.648
---------------------------------------------------------------------------------
---------------------------------------------------------------------------------
Finished RTL Optimization Phase 1 : Time (s): cpu = 00:00:04 ; elapsed = 00:00:04 . Memory (MB): peak = 1516.211 ; gain = 575.648
---------------------------------------------------------------------------------
Netlist sorting complete. Time (s): cpu = 00:00:00 ; elapsed = 00:00:00.039 . Memory (MB): peak = 1516.211 ; gain = 0.000
INFO: [Project 1-570] Preparing netlist for logic optimization

Processing XDC Constraints
Initializing timing engine
Parsing XDC File [F:/repos/pynq_butterfly/vivado/package_poly_mul256_axis_batch/poly_mul256_axis_batch_clock.xdc]
Finished Parsing XDC File [F:/repos/pynq_butterfly/vivado/package_poly_mul256_axis_batch/poly_mul256_axis_batch_clock.xdc]
Completed Processing XDC Constraints

Netlist sorting complete. Time (s): cpu = 00:00:00 ; elapsed = 00:00:00.001 . Memory (MB): peak = 1611.984 ; gain = 0.000
INFO: [Project 1-111] Unisim Transformation Summary:
No Unisim elements were transformed.

Constraint Validation Runtime : Time (s): cpu = 00:00:00 ; elapsed = 00:00:00.024 . Memory (MB): peak = 1611.984 ; gain = 0.000
---------------------------------------------------------------------------------
Finished Constraint Validation : Time (s): cpu = 00:00:09 ; elapsed = 00:00:09 . Memory (MB): peak = 1611.984 ; gain = 671.422
---------------------------------------------------------------------------------
---------------------------------------------------------------------------------
Start Loading Part and Timing Information
---------------------------------------------------------------------------------
Loading part: xc7z020clg400-1
---------------------------------------------------------------------------------
Finished Loading Part and Timing Information : Time (s): cpu = 00:00:09 ; elapsed = 00:00:09 . Memory (MB): peak = 1611.984 ; gain = 671.422
---------------------------------------------------------------------------------
---------------------------------------------------------------------------------
Start Applying 'set_property' XDC Constraints
---------------------------------------------------------------------------------
---------------------------------------------------------------------------------
Finished applying 'set_property' XDC Constraints : Time (s): cpu = 00:00:09 ; elapsed = 00:00:09 . Memory (MB): peak = 1611.984 ; gain = 671.422
---------------------------------------------------------------------------------
INFO: [Synth 8-802] inferred FSM for state register 'state_reg' in module 'ntt256_cyclic_core'
INFO: [Synth 8-802] inferred FSM for state register 'state_reg' in module 'forward_ntt256_core'
INFO: [Synth 8-802] inferred FSM for state register 'state_reg' in module 'pointwise_mul256_core'
INFO: [Synth 8-802] inferred FSM for state register 'state_reg' in module 'ntt256_cyclic_core__parameterized0'
INFO: [Synth 8-802] inferred FSM for state register 'state_reg' in module 'inverse_ntt256_core'
INFO: [Synth 8-802] inferred FSM for state register 'state_reg' in module 'poly_mul256_core'
INFO: [Synth 8-802] inferred FSM for state register 'state_reg' in module 'poly_mul256_axis_batch_core'
INFO: [Synth 8-3971] The signal "ntt256_coeff_bram:/memory_reg" was recognized as a true dual port RAM template.
---------------------------------------------------------------------------------------------------
                   State |                     New Encoding |                Previous Encoding 
---------------------------------------------------------------------------------------------------
              STATE_IDLE |                              000 |                             0000
    STATE_SCHEDULE_START |                              001 |                             0001
        STATE_READ_ISSUE |                              010 |                             0010
      STATE_READ_CAPTURE |                              011 |                             0011
   STATE_BUTTERFLY_START |                              100 |                             0100
    STATE_BUTTERFLY_WAIT |                              101 |                             0101
         STATE_WRITEBACK |                              110 |                             0110
---------------------------------------------------------------------------------------------------
INFO: [Synth 8-3354] encoded FSM with state register 'state_reg' using encoding 'sequential' in module 'ntt256_cyclic_core'
---------------------------------------------------------------------------------------------------
                   State |                     New Encoding |                Previous Encoding 
---------------------------------------------------------------------------------------------------
              STATE_IDLE |                              000 |                             0000
STATE_PREPROCESS_READ_ISSUE |                              001 |                             0001
STATE_PREPROCESS_READ_CAPTURE |                              010 |                             0010
STATE_PREPROCESS_MULTIPLY_START |                              011 |                             0011
STATE_PREPROCESS_MULTIPLY_WAIT |                              100 |                             0100
  STATE_PREPROCESS_WRITE |                              101 |                             0101
      STATE_CYCLIC_START |                              110 |                             0110
       STATE_CYCLIC_WAIT |                              111 |                             0111
---------------------------------------------------------------------------------------------------
INFO: [Synth 8-3354] encoded FSM with state register 'state_reg' using encoding 'sequential' in module 'forward_ntt256_core'
---------------------------------------------------------------------------------------------------
                   State |                     New Encoding |                Previous Encoding 
---------------------------------------------------------------------------------------------------
              STATE_IDLE |                              000 |                              000
        STATE_READ_ISSUE |                              001 |                              001
      STATE_READ_CAPTURE |                              010 |                              010
    STATE_MULTIPLY_START |                              011 |                              011
     STATE_MULTIPLY_WAIT |                              100 |                              100
         STATE_WRITEBACK |                              101 |                              101
---------------------------------------------------------------------------------------------------
INFO: [Synth 8-3354] encoded FSM with state register 'state_reg' using encoding 'sequential' in module 'pointwise_mul256_core'
---------------------------------------------------------------------------------------------------
                   State |                     New Encoding |                Previous Encoding 
---------------------------------------------------------------------------------------------------
              STATE_IDLE |                              000 |                             0000
    STATE_SCHEDULE_START |                              001 |                             0001
        STATE_READ_ISSUE |                              010 |                             0010
      STATE_READ_CAPTURE |                              011 |                             0011
   STATE_BUTTERFLY_START |                              100 |                             0100
    STATE_BUTTERFLY_WAIT |                              101 |                             0101
         STATE_WRITEBACK |                              110 |                             0110
---------------------------------------------------------------------------------------------------
INFO: [Synth 8-3354] encoded FSM with state register 'state_reg' using encoding 'sequential' in module 'ntt256_cyclic_core__parameterized0'
---------------------------------------------------------------------------------------------------
                   State |                     New Encoding |                Previous Encoding 
---------------------------------------------------------------------------------------------------
              STATE_IDLE |                             0000 |                             0000
  STATE_INPUT_READ_ISSUE |                             0001 |                             0001
STATE_INPUT_READ_CAPTURE |                             0010 |                             0010
STATE_INPUT_WRITE_BIT_REVERSED |                             0011 |                             0011
      STATE_CYCLIC_START |                             0100 |                             0100
       STATE_CYCLIC_WAIT |                             0101 |                             0101
STATE_POSTPROCESS_READ_ISSUE |                             0110 |                             0110
STATE_POSTPROCESS_READ_CAPTURE |                             0111 |                             0111
STATE_POSTPROCESS_MULTIPLY_START |                             1000 |                             1000
STATE_POSTPROCESS_MULTIPLY_WAIT |                             1001 |                             1001
 STATE_POSTPROCESS_WRITE |                             1010 |                             1010
---------------------------------------------------------------------------------------------------
INFO: [Synth 8-3354] encoded FSM with state register 'state_reg' using encoding 'sequential' in module 'inverse_ntt256_core'
---------------------------------------------------------------------------------------------------
                   State |                     New Encoding |                Previous Encoding 
---------------------------------------------------------------------------------------------------
              STATE_IDLE |         000000000000010000000000 |                            00000
     STATE_SOURCE_A_READ |         000000000000001000000000 |                            00001
  STATE_SOURCE_A_CAPTURE |         000000000001000000000000 |                            00010
    STATE_FORWARD_A_LOAD |         000000000000000010000000 |                            00011
   STATE_FORWARD_A_START |         000000000000000100000000 |                            00100
    STATE_FORWARD_A_WAIT |         100000000000000000000000 |                            00101
    STATE_FORWARD_A_READ |         010000000000000000000000 |                            00110
 STATE_FORWARD_A_CAPTURE |         000010000000000000000000 |                            00111
  STATE_POINTWISE_A_LOAD |         000100000000000000000000 |                            01000
     STATE_SOURCE_B_READ |         000000100000000000000000 |                            01001
  STATE_SOURCE_B_CAPTURE |         000001000000000000000000 |                            01010
    STATE_FORWARD_B_LOAD |         000000010000000000000000 |                            01011
   STATE_FORWARD_B_START |         000000000000000000001000 |                            01100
    STATE_FORWARD_B_WAIT |         000000000000000000000100 |                            01101
    STATE_FORWARD_B_READ |         000000000000000000000001 |                            01110
 STATE_FORWARD_B_CAPTURE |         000000000000000000000010 |                            01111
  STATE_POINTWISE_B_LOAD |         000000000010000000000000 |                            10000
   STATE_POINTWISE_START |         000000000000100000000000 |                            10001
    STATE_POINTWISE_WAIT |         000000000000000001000000 |                            10010
    STATE_POINTWISE_READ |         000000000000000000010000 |                            10011
 STATE_POINTWISE_CAPTURE |         000000000000000000100000 |                            10100
      STATE_INVERSE_LOAD |         001000000000000000000000 |                            10101
     STATE_INVERSE_START |         000000001000000000000000 |                            10110
      STATE_INVERSE_WAIT |         000000000100000000000000 |                            10111
---------------------------------------------------------------------------------------------------
INFO: [Synth 8-3354] encoded FSM with state register 'state_reg' using encoding 'one-hot' in module 'poly_mul256_core'
---------------------------------------------------------------------------------------------------
                   State |                     New Encoding |                Previous Encoding 
---------------------------------------------------------------------------------------------------
           STATE_RECEIVE |                              000 |                             0000
             STATE_ERROR |                              001 |                             0110
        STATE_CORE_START |                              010 |                             0001
         STATE_CORE_WAIT |                              011 |                             0010
 STATE_OUTPUT_READ_ISSUE |                              100 |                             0011
STATE_OUTPUT_READ_CAPTURE |                              101 |                             0100
       STATE_OUTPUT_WAIT |                              110 |                             0101
---------------------------------------------------------------------------------------------------
INFO: [Synth 8-3354] encoded FSM with state register 'state_reg' using encoding 'sequential' in module 'poly_mul256_axis_batch_core'
---------------------------------------------------------------------------------
Finished RTL Optimization Phase 2 : Time (s): cpu = 00:00:10 ; elapsed = 00:00:10 . Memory (MB): peak = 1611.984 ; gain = 671.422
---------------------------------------------------------------------------------
---------------------------------------------------------------------------------
Start RTL Component Statistics 
---------------------------------------------------------------------------------
Detailed RTL Component Info : 
+---Adders : 
	   3 Input   35 Bit       Adders := 30    
	   2 Input   34 Bit       Adders := 15    
	   2 Input   33 Bit       Adders := 2     
	   3 Input   32 Bit       Adders := 2     
	   4 Input   32 Bit       Adders := 2     
	   2 Input   32 Bit       Adders := 6     
	   2 Input   13 Bit       Adders := 1     
	   2 Input   11 Bit       Adders := 2     
	   2 Input    9 Bit       Adders := 4     
	   2 Input    8 Bit       Adders := 12    
	   3 Input    8 Bit       Adders := 2     
	   2 Input    7 Bit       Adders := 2     
	   2 Input    5 Bit       Adders := 1     
	   2 Input    4 Bit       Adders := 7     
	   2 Input    3 Bit       Adders := 2     
+---Registers : 
	               32 Bit    Registers := 74    
	               31 Bit    Registers := 4     
	               13 Bit    Registers := 1     
	               11 Bit    Registers := 2     
	               10 Bit    Registers := 2     
	                9 Bit    Registers := 4     
	                8 Bit    Registers := 10    
	                7 Bit    Registers := 2     
	                5 Bit    Registers := 1     
	                4 Bit    Registers := 5     
	                3 Bit    Registers := 2     
	                1 Bit    Registers := 33    
+---RAMs : 
	               8K Bit	(256 X 32 bit)          RAMs := 10    
+---ROMs : 
	                    ROMs := 4     
+---Muxes : 
	   2 Input   34 Bit        Muxes := 10    
	   2 Input   32 Bit        Muxes := 53    
	   3 Input   32 Bit        Muxes := 4     
	   7 Input   32 Bit        Muxes := 2     
	   8 Input   32 Bit        Muxes := 1     
	   6 Input   32 Bit        Muxes := 1     
	  11 Input   32 Bit        Muxes := 1     
	  24 Input   32 Bit        Muxes := 2     
	  24 Input   24 Bit        Muxes := 1     
	   2 Input   24 Bit        Muxes := 5     
	  24 Input   13 Bit        Muxes := 1     
	   7 Input   11 Bit        Muxes := 2     
	  24 Input   11 Bit        Muxes := 1     
	   8 Input    9 Bit        Muxes := 1     
	   6 Input    9 Bit        Muxes := 1     
	  11 Input    9 Bit        Muxes := 1     
	   2 Input    9 Bit        Muxes := 1     
	   7 Input    9 Bit        Muxes := 1     
	   3 Input    8 Bit        Muxes := 4     
	   2 Input    8 Bit        Muxes := 26    
	   8 Input    8 Bit        Muxes := 1     
	   6 Input    8 Bit        Muxes := 1     
	  11 Input    8 Bit        Muxes := 2     
	  24 Input    8 Bit        Muxes := 1     
	   7 Input    8 Bit        Muxes := 1     
	   2 Input    5 Bit        Muxes := 1     
	  11 Input    4 Bit        Muxes := 1     
	   2 Input    4 Bit        Muxes := 2     
	   7 Input    3 Bit        Muxes := 3     
	   2 Input    3 Bit        Muxes := 7     
	   8 Input    3 Bit        Muxes := 1     
	   6 Input    3 Bit        Muxes := 1     
	   2 Input    1 Bit        Muxes := 93    
	   3 Input    1 Bit        Muxes := 4     
	   7 Input    1 Bit        Muxes := 26    
	   8 Input    1 Bit        Muxes := 8     
	   6 Input    1 Bit        Muxes := 8     
	  11 Input    1 Bit        Muxes := 10    
	  24 Input    1 Bit        Muxes := 8     
---------------------------------------------------------------------------------
Finished RTL Component Statistics 
---------------------------------------------------------------------------------
---------------------------------------------------------------------------------
Start Part Resource Summary
---------------------------------------------------------------------------------
Part Resources:
DSPs: 220 (col length:60)
BRAMs: 280 (col length: RAMB18 60 RAMB36 30)
---------------------------------------------------------------------------------
Finished Part Resource Summary
---------------------------------------------------------------------------------
---------------------------------------------------------------------------------
Start Cross Boundary and Area Optimization
---------------------------------------------------------------------------------
WARNING: [Synth 8-7080] Parallel synthesis criteria is not met
WARNING: [Synth 8-3917] design poly_mul256_axis_batch_core has port m_axis_tkeep[3] driven by constant 1
WARNING: [Synth 8-3917] design poly_mul256_axis_batch_core has port m_axis_tkeep[2] driven by constant 1
WARNING: [Synth 8-3917] design poly_mul256_axis_batch_core has port m_axis_tkeep[1] driven by constant 1
WARNING: [Synth 8-3917] design poly_mul256_axis_batch_core has port m_axis_tkeep[0] driven by constant 1
WARNING: [Synth 8-6014] Unused sequential element polynomial_a_memory/memory_reg was removed. 
WARNING: [Synth 8-6014] Unused sequential element polynomial_b_memory/memory_reg was removed. 
WARNING: [Synth 8-6014] Unused sequential element source_memory/memory_reg was removed. 
INFO: [Synth 8-3971] The signal "polynomial_multiplier/forward_engine/cyclic_ntt/coefficient_memory/memory_reg" was recognized as a true dual port RAM template.
WARNING: [Synth 8-6014] Unused sequential element pointwise_engine/input_a_memory/memory_reg was removed. 
WARNING: [Synth 8-6014] Unused sequential element pointwise_engine/input_b_memory/memory_reg was removed. 
WARNING: [Synth 8-6014] Unused sequential element pointwise_engine/result_memory/memory_reg was removed. 
WARNING: [Synth 8-6014] Unused sequential element source_memory/memory_reg was removed. 
WARNING: [Synth 8-6014] Unused sequential element result_memory/memory_reg was removed. 
INFO: [Synth 8-3971] The signal "polynomial_multiplier/inverse_engine/inverse_cyclic_ntt/coefficient_memory/memory_reg" was recognized as a true dual port RAM template.
---------------------------------------------------------------------------------
Finished Cross Boundary and Area Optimization : Time (s): cpu = 00:00:17 ; elapsed = 00:00:17 . Memory (MB): peak = 1611.984 ; gain = 671.422
---------------------------------------------------------------------------------
---------------------------------------------------------------------------------
Start ROM, RAM, DSP, Shift Register and Retiming Reporting
---------------------------------------------------------------------------------

Block RAM: Preliminary Mapping Report (see note below)
+--------------------------------------------------------+--------------------------------------------+------------------------+---+---+------------------------+---+---+------------------+--------+--------+
|Module Name                                             | RTL Object                                 | PORT A (Depth x Width) | W | R | PORT B (Depth x Width) | W | R | Ports driving FF | RAMB18 | RAMB36 | 
+--------------------------------------------------------+--------------------------------------------+------------------------+---+---+------------------------+---+---+------------------+--------+--------+
|polynomial_multiplier                                   | polynomial_a_memory/memory_reg             | 256 x 32(READ_FIRST)   | W | R |                        |   |   | Port A           | 1      | 0      | 
|polynomial_multiplier                                   | polynomial_b_memory/memory_reg             | 256 x 32(READ_FIRST)   | W | R |                        |   |   | Port A           | 1      | 0      | 
|polynomial_multiplier/forward_engine                    | source_memory/memory_reg                   | 256 x 32(READ_FIRST)   | W | R |                        |   |   | Port A           | 1      | 0      | 
|polynomial_multiplier/forward_engine/cyclic_ntt         | coefficient_memory/memory_reg              | 256 x 32(READ_FIRST)   | W | R | 256 x 32(READ_FIRST)   | W | R | Port A and B     | 0      | 1      | 
|polynomial_multiplier                                   | pointwise_engine/input_a_memory/memory_reg | 256 x 32(READ_FIRST)   | W | R |                        |   |   | Port A           | 1      | 0      | 
|polynomial_multiplier                                   | pointwise_engine/input_b_memory/memory_reg | 256 x 32(READ_FIRST)   | W | R |                        |   |   | Port A           | 1      | 0      | 
|polynomial_multiplier                                   | pointwise_engine/result_memory/memory_reg  | 256 x 32(READ_FIRST)   | W | R |                        |   |   | Port A           | 1      | 0      | 
|polynomial_multiplier/inverse_engine                    | source_memory/memory_reg                   | 256 x 32(READ_FIRST)   | W | R |                        |   |   | Port A           | 1      | 0      | 
|polynomial_multiplier/inverse_engine                    | result_memory/memory_reg                   | 256 x 32(READ_FIRST)   | W | R |                        |   |   | Port A           | 1      | 0      | 
|polynomial_multiplier/inverse_engine/inverse_cyclic_ntt | coefficient_memory/memory_reg              | 256 x 32(READ_FIRST)   | W | R | 256 x 32(READ_FIRST)   | W | R | Port A and B     | 0      | 1      | 
+--------------------------------------------------------+--------------------------------------------+------------------------+---+---+------------------------+---+---+------------------+--------+--------+

Note: The table above is a preliminary report that shows the Block RAMs at the current stage of the synthesis flow. Some Block RAMs may be reimplemented as non Block RAM primitives later in the synthesis flow. Multiple instantiated Block RAMs are reported only once. 
---------------------------------------------------------------------------------
Finished ROM, RAM, DSP, Shift Register and Retiming Reporting
---------------------------------------------------------------------------------
---------------------------------------------------------------------------------
Start Applying XDC Timing Constraints
---------------------------------------------------------------------------------
---------------------------------------------------------------------------------
Finished Applying XDC Timing Constraints : Time (s): cpu = 00:00:20 ; elapsed = 00:00:21 . Memory (MB): peak = 1611.984 ; gain = 671.422
---------------------------------------------------------------------------------
---------------------------------------------------------------------------------
Start Timing Optimization
---------------------------------------------------------------------------------
---------------------------------------------------------------------------------
Finished Timing Optimization : Time (s): cpu = 00:00:21 ; elapsed = 00:00:22 . Memory (MB): peak = 1611.984 ; gain = 671.422
---------------------------------------------------------------------------------
---------------------------------------------------------------------------------
Start ROM, RAM, DSP, Shift Register and Retiming Reporting
---------------------------------------------------------------------------------

Block RAM: Final Mapping Report
+--------------------------------------------------------+--------------------------------------------+------------------------+---+---+------------------------+---+---+------------------+--------+--------+
|Module Name                                             | RTL Object                                 | PORT A (Depth x Width) | W | R | PORT B (Depth x Width) | W | R | Ports driving FF | RAMB18 | RAMB36 | 
+--------------------------------------------------------+--------------------------------------------+------------------------+---+---+------------------------+---+---+------------------+--------+--------+
|polynomial_multiplier                                   | polynomial_a_memory/memory_reg             | 256 x 32(READ_FIRST)   | W | R |                        |   |   | Port A           | 1      | 0      | 
|polynomial_multiplier                                   | polynomial_b_memory/memory_reg             | 256 x 32(READ_FIRST)   | W | R |                        |   |   | Port A           | 1      | 0      | 
|polynomial_multiplier/forward_engine                    | source_memory/memory_reg                   | 256 x 32(READ_FIRST)   | W | R |                        |   |   | Port A           | 1      | 0      | 
|polynomial_multiplier/forward_engine/cyclic_ntt         | coefficient_memory/memory_reg              | 256 x 32(READ_FIRST)   | W | R | 256 x 32(READ_FIRST)   | W | R | Port A and B     | 0      | 1      | 
|polynomial_multiplier                                   | pointwise_engine/input_a_memory/memory_reg | 256 x 32(READ_FIRST)   | W | R |                        |   |   | Port A           | 1      | 0      | 
|polynomial_multiplier                                   | pointwise_engine/input_b_memory/memory_reg | 256 x 32(READ_FIRST)   | W | R |                        |   |   | Port A           | 1      | 0      | 
|polynomial_multiplier                                   | pointwise_engine/result_memory/memory_reg  | 256 x 32(READ_FIRST)   | W | R |                        |   |   | Port A           | 1      | 0      | 
|polynomial_multiplier/inverse_engine                    | source_memory/memory_reg                   | 256 x 32(READ_FIRST)   | W | R |                        |   |   | Port A           | 1      | 0      | 
|polynomial_multiplier/inverse_engine                    | result_memory/memory_reg                   | 256 x 32(READ_FIRST)   | W | R |                        |   |   | Port A           | 1      | 0      | 
|polynomial_multiplier/inverse_engine/inverse_cyclic_ntt | coefficient_memory/memory_reg              | 256 x 32(READ_FIRST)   | W | R | 256 x 32(READ_FIRST)   | W | R | Port A and B     | 0      | 1      | 
+--------------------------------------------------------+--------------------------------------------+------------------------+---+---+------------------------+---+---+------------------+--------+--------+

---------------------------------------------------------------------------------
Finished ROM, RAM, DSP, Shift Register and Retiming Reporting
---------------------------------------------------------------------------------
---------------------------------------------------------------------------------
Start Technology Mapping
---------------------------------------------------------------------------------
INFO: [Synth 8-7052] The timing for the instance polynomial_multiplier/polynomial_a_memory/memory_reg (implemented as a Block RAM) might be sub-optimal as no optional output register could be merged into the ram block. Providing additional output register may help in improving timing.
INFO: [Synth 8-7052] The timing for the instance polynomial_multiplier/polynomial_a_memory/memory_reg (implemented as a Block RAM) might be sub-optimal as no optional output register could be merged into the ram block. Providing additional output register may help in improving timing.
INFO: [Synth 8-7052] The timing for the instance polynomial_multiplier/polynomial_b_memory/memory_reg (implemented as a Block RAM) might be sub-optimal as no optional output register could be merged into the ram block. Providing additional output register may help in improving timing.
INFO: [Synth 8-7052] The timing for the instance polynomial_multiplier/polynomial_b_memory/memory_reg (implemented as a Block RAM) might be sub-optimal as no optional output register could be merged into the ram block. Providing additional output register may help in improving timing.
INFO: [Synth 8-7052] The timing for the instance polynomial_multiplier/forward_engine/cyclic_ntt/coefficient_memory/memory_reg (implemented as a Block RAM) might be sub-optimal as no optional output register could be merged into the ram block. Providing additional output register may help in improving timing.
INFO: [Synth 8-7052] The timing for the instance polynomial_multiplier/pointwise_engine/result_memory/memory_reg (implemented as a Block RAM) might be sub-optimal as no optional output register could be merged into the ram block. Providing additional output register may help in improving timing.
INFO: [Synth 8-7052] The timing for the instance polynomial_multiplier/pointwise_engine/result_memory/memory_reg (implemented as a Block RAM) might be sub-optimal as no optional output register could be merged into the ram block. Providing additional output register may help in improving timing.
INFO: [Synth 8-7052] The timing for the instance polynomial_multiplier/inverse_engine/inverse_cyclic_ntt/coefficient_memory/memory_reg (implemented as a Block RAM) might be sub-optimal as no optional output register could be merged into the ram block. Providing additional output register may help in improving timing.
---------------------------------------------------------------------------------
Finished Technology Mapping : Time (s): cpu = 00:00:22 ; elapsed = 00:00:23 . Memory (MB): peak = 1611.984 ; gain = 671.422
---------------------------------------------------------------------------------
---------------------------------------------------------------------------------
Start IO Insertion
---------------------------------------------------------------------------------
---------------------------------------------------------------------------------
Start Flattening Before IO Insertion
---------------------------------------------------------------------------------
---------------------------------------------------------------------------------
Finished Flattening Before IO Insertion
---------------------------------------------------------------------------------
---------------------------------------------------------------------------------
Start Final Netlist Cleanup
---------------------------------------------------------------------------------
---------------------------------------------------------------------------------
Finished Final Netlist Cleanup
---------------------------------------------------------------------------------
---------------------------------------------------------------------------------
Finished IO Insertion : Time (s): cpu = 00:00:25 ; elapsed = 00:00:25 . Memory (MB): peak = 1611.984 ; gain = 671.422
---------------------------------------------------------------------------------
---------------------------------------------------------------------------------
Start Renaming Generated Instances
---------------------------------------------------------------------------------
---------------------------------------------------------------------------------
Finished Renaming Generated Instances : Time (s): cpu = 00:00:25 ; elapsed = 00:00:25 . Memory (MB): peak = 1611.984 ; gain = 671.422
---------------------------------------------------------------------------------
---------------------------------------------------------------------------------
Start Rebuilding User Hierarchy
---------------------------------------------------------------------------------
---------------------------------------------------------------------------------
Finished Rebuilding User Hierarchy : Time (s): cpu = 00:00:25 ; elapsed = 00:00:26 . Memory (MB): peak = 1611.984 ; gain = 671.422
---------------------------------------------------------------------------------
---------------------------------------------------------------------------------
Start Renaming Generated Ports
---------------------------------------------------------------------------------
---------------------------------------------------------------------------------
Finished Renaming Generated Ports : Time (s): cpu = 00:00:25 ; elapsed = 00:00:26 . Memory (MB): peak = 1611.984 ; gain = 671.422
---------------------------------------------------------------------------------
---------------------------------------------------------------------------------
Start Handling Custom Attributes
---------------------------------------------------------------------------------
---------------------------------------------------------------------------------
Finished Handling Custom Attributes : Time (s): cpu = 00:00:25 ; elapsed = 00:00:26 . Memory (MB): peak = 1611.984 ; gain = 671.422
---------------------------------------------------------------------------------
---------------------------------------------------------------------------------
Start Renaming Generated Nets
---------------------------------------------------------------------------------
---------------------------------------------------------------------------------
Finished Renaming Generated Nets : Time (s): cpu = 00:00:25 ; elapsed = 00:00:26 . Memory (MB): peak = 1611.984 ; gain = 671.422
---------------------------------------------------------------------------------
---------------------------------------------------------------------------------
Start Writing Synthesis Report
---------------------------------------------------------------------------------

Report BlackBoxes: 
+-+--------------+----------+
| |BlackBox name |Instances |
+-+--------------+----------+
+-+--------------+----------+

Report Cell Usage: 
+------+---------+------+
|      |Cell     |Count |
+------+---------+------+
|1     |BUFG     |     1|
|2     |CARRY4   |   473|
|3     |LUT1     |   272|
|4     |LUT2     |  1147|
|5     |LUT3     |   636|
|6     |LUT4     |   467|
|7     |LUT5     |   882|
|8     |LUT6     |   365|
|9     |RAMB18E1 |    12|
|15    |RAMB36E1 |     2|
|16    |FDRE     |  1261|
|17    |FDSE     |     1|
|18    |IBUF     |    41|
|19    |OBUF     |   119|
+------+---------+------+
---------------------------------------------------------------------------------
Finished Writing Synthesis Report : Time (s): cpu = 00:00:25 ; elapsed = 00:00:26 . Memory (MB): peak = 1611.984 ; gain = 671.422
---------------------------------------------------------------------------------
Synthesis finished with 0 errors, 0 critical warnings and 13 warnings.
Synthesis Optimization Runtime : Time (s): cpu = 00:00:19 ; elapsed = 00:00:24 . Memory (MB): peak = 1611.984 ; gain = 575.648
Synthesis Optimization Complete : Time (s): cpu = 00:00:25 ; elapsed = 00:00:26 . Memory (MB): peak = 1611.984 ; gain = 671.422
INFO: [Project 1-571] Translating synthesized netlist
Netlist sorting complete. Time (s): cpu = 00:00:00 ; elapsed = 00:00:00.032 . Memory (MB): peak = 1611.984 ; gain = 0.000
INFO: [Netlist 29-17] Analyzing 487 Unisim elements for replacement
INFO: [Netlist 29-28] Unisim Transformation completed in 0 CPU seconds
INFO: [Project 1-570] Preparing netlist for logic optimization
INFO: [Opt 31-138] Pushed 0 inverter(s) to 0 load pin(s).
Netlist sorting complete. Time (s): cpu = 00:00:00 ; elapsed = 00:00:00.001 . Memory (MB): peak = 1611.984 ; gain = 0.000
INFO: [Project 1-111] Unisim Transformation Summary:
No Unisim elements were transformed.

Synth Design complete | Checksum: 81a0dd5d
INFO: [Common 17-83] Releasing license: Synthesis
77 Infos, 24 Warnings, 0 Critical Warnings and 0 Errors encountered.
synth_design completed successfully
synth_design: Time (s): cpu = 00:00:29 ; elapsed = 00:00:30 . Memory (MB): peak = 1611.984 ; gain = 1107.547
Write ShapeDB Complete: Time (s): cpu = 00:00:00 ; elapsed = 00:00:00.007 . Memory (MB): peak = 1611.984 ; gain = 0.000
INFO: [Common 17-1381] The checkpoint 'F:/repos/pynq_butterfly/vivado/package_poly_mul256_axis_batch/project/package_poly_mul256_axis_batch.runs/synth_1/poly_mul256_axis_batch_core.dcp' has been generated.
INFO: [Vivado 12-24828] Executing command : report_utilization -file poly_mul256_axis_batch_core_utilization_synth.rpt -pb poly_mul256_axis_batch_core_utilization_synth.pb
INFO: [Common 17-206] Exiting Vivado at Sun Jul 19 02:00:36 2026...
